Archive member included to satisfy reference by file (symbol)

/usr/lib/gcc/arm-none-eabi/13.2.1/../../../arm-none-eabi/lib/thumb/v7e-m+fp/hard/libc.a(libc_a-strtoul.o)
                              build/fdt_overlay.o (strtoul)
/usr/lib/gcc/arm-none-eabi/13.2.1/../../../arm-none-eabi/lib/thumb/v7e-m+fp/hard/libc.a(libc_a-impure.o)
                              /usr/lib/gcc/arm-none-eabi/13.2.1/../../../arm-none-eabi/lib/thumb/v7e-m+fp/hard/libc.a(libc_a-strtoul.o) (_impure_ptr)
/usr/lib/gcc/arm-none-eabi/13.2.1/../../../arm-none-eabi/lib/thumb/v7e-m+fp/hard/libc.a(libc_a-putc.o)
                              build/misc.o (putc)
/usr/lib/gcc/arm-none-eabi/13.2.1/../../../arm-none-eabi/lib/thumb/v7e-m+fp/hard/libc.a(libc_a-init.o)
                              /usr/lib/gcc/arm-none-eabi/13.2.1/../../../arm-none-eabi/lib/thumb/v7e-m+fp/hard/crt0.o (__libc_init_array)
/usr/lib/gcc/arm-none-eabi/13.2.1/../../../arm-none-eabi/lib/thumb/v7e-m+fp/hard/libc.a(libc_a-wbuf.o)
                              /usr/lib/gcc/arm-none-eabi/13.2.1/../../../arm-none-eabi/lib/thumb/v7e-m+fp/hard/libc.a(libc_a-putc.o) (__swbuf_r)
/usr/lib/gcc/arm-none-eabi/13.2.1/../../../arm-none-eabi/lib/thumb/v7e-m+fp/hard/libc.a(libc_a-findfp.o)
                              /usr/lib/gcc/arm-none-eabi/13.2.1/../../../arm-none-eabi/lib/thumb/v7e-m+fp/hard/libc.a(libc_a-putc.o) (__sinit)
/usr/lib/gcc/arm-none-eabi/13.2.1/../../../arm-none-eabi/lib/thumb/v7e-m+fp/hard/libc.a(libc_a-exit.o)
                              /usr/lib/gcc/arm-none-eabi/13.2.1/../../../arm-none-eabi/lib/thumb/v7e-m+fp/hard/crt0.o (exit)
/usr/lib/gcc/arm-none-eabi/13.2.1/../../../arm-none-eabi/lib/thumb/v7e-m+fp/hard/libc.a(libc_a-ctype_.o)
                              /usr/lib/gcc/arm-none-eabi/13.2.1/../../../arm-none-eabi/lib/thumb/v7e-m+fp/hard/libc.a(libc_a-strtoul.o) (_ctype_)
/usr/lib/gcc/arm-none-eabi/13.2.1/../../../arm-none-eabi/lib/thumb/v7e-m+fp/hard/libc.a(libc_a-atexit.o)
                              /usr/lib/gcc/arm-none-eabi/13.2.1/../../../arm-none-eabi/lib/thumb/v7e-m+fp/hard/crt0.o (atexit)
/usr/lib/gcc/arm-none-eabi/13.2.1/../../../arm-none-eabi/lib/thumb/v7e-m+fp/hard/libc.a(libc_a-fini.o)
                              /usr/lib/gcc/arm-none-eabi/13.2.1/../../../arm-none-eabi/lib/thumb/v7e-m+fp/hard/crt0.o (__libc_fini_array)
/usr/lib/gcc/arm-none-eabi/13.2.1/../../../arm-none-eabi/lib/thumb/v7e-m+fp/hard/libc.a(libc_a-fwalk.o)
                              /usr/lib/gcc/arm-none-eabi/13.2.1/../../../arm-none-eabi/lib/thumb/v7e-m+fp/hard/libc.a(libc_a-findfp.o) (_fwalk_sglue)
/usr/lib/gcc/arm-none-eabi/13.2.1/../../../arm-none-eabi/lib/thumb/v7e-m+fp/hard/libc.a(libc_a-fflush.o)
                              /usr/lib/gcc/arm-none-eabi/13.2.1/../../../arm-none-eabi/lib/thumb/v7e-m+fp/hard/libc.a(libc_a-wbuf.o) (_fflush_r)
/usr/lib/gcc/arm-none-eabi/13.2.1/../../../arm-none-eabi/lib/thumb/v7e-m+fp/hard/libc.a(libc_a-mallocr.o)
                              /usr/lib/gcc/arm-none-eabi/13.2.1/../../../arm-none-eabi/lib/thumb/v7e-m+fp/hard/libc.a(libc_a-findfp.o) (_malloc_r)
/usr/lib/gcc/arm-none-eabi/13.2.1/../../../arm-none-eabi/lib/thumb/v7e-m+fp/hard/libc.a(libc_a-wsetup.o)
                              /usr/lib/gcc/arm-none-eabi/13.2.1/../../../arm-none-eabi/lib/thumb/v7e-m+fp/hard/libc.a(libc_a-wbuf.o) (__swsetup_r)
/usr/lib/gcc/arm-none-eabi/13.2.1/../../../arm-none-eabi/lib/thumb/v7e-m+fp/hard/libc.a(libc_a-freer.o)
                              /usr/lib/gcc/arm-none-eabi/13.2.1/../../../arm-none-eabi/lib/thumb/v7e-m+fp/hard/libc.a(libc_a-fflush.o) (_free_r)
/usr/lib/gcc/arm-none-eabi/13.2.1/../../../arm-none-eabi/lib/thumb/v7e-m+fp/hard/libc.a(libc_a-fclose.o)
                              /usr/lib/gcc/arm-none-eabi/13.2.1/../../../arm-none-eabi/lib/thumb/v7e-m+fp/hard/libc.a(libc_a-findfp.o) (_fclose_r)
/usr/lib/gcc/arm-none-eabi/13.2.1/../../../arm-none-eabi/lib/thumb/v7e-m+fp/hard/libc.a(libc_a-__call_atexit.o)
                              /usr/lib/gcc/arm-none-eabi/13.2.1/../../../arm-none-eabi/lib/thumb/v7e-m+fp/hard/libc.a(libc_a-exit.o) (__call_exitprocs)
/usr/lib/gcc/arm-none-eabi/13.2.1/../../../arm-none-eabi/lib/thumb/v7e-m+fp/hard/libc.a(libc_a-sysconf.o)
                              /usr/lib/gcc/arm-none-eabi/13.2.1/../../../arm-none-eabi/lib/thumb/v7e-m+fp/hard/libc.a(libc_a-mallocr.o) (sysconf)
/usr/lib/gcc/arm-none-eabi/13.2.1/../../../arm-none-eabi/lib/thumb/v7e-m+fp/hard/libc.a(libc_a-stdio.o)
                              /usr/lib/gcc/arm-none-eabi/13.2.1/../../../arm-none-eabi/lib/thumb/v7e-m+fp/hard/libc.a(libc_a-findfp.o) (__sread)
/usr/lib/gcc/arm-none-eabi/13.2.1/../../../arm-none-eabi/lib/thumb/v7e-m+fp/hard/libc.a(libc_a-__atexit.o)
                              /usr/lib/gcc/arm-none-eabi/13.2.1/../../../arm-none-eabi/lib/thumb/v7e-m+fp/hard/libc.a(libc_a-atexit.o) (__register_exitproc)
/usr/lib/gcc/arm-none-eabi/13.2.1/../../../arm-none-eabi/lib/thumb/v7e-m+fp/hard/libc.a(libc_a-writer.o)
[...]
Memory Configuration

Name             Origin             Length             Attributes
RAM              0x20000000         0x00020000         xrw
FLASH            0x08000000         0x00100000         xr
*default*        0x00000000         0xffffffff

Linker script and memory map

LOAD /usr/lib/gcc/arm-none-eabi/13.2.1/thumb/v7e-m+fp/hard/crti.o
LOAD /usr/lib/gcc/arm-none-eabi/13.2.1/thumb/v7e-m+fp/hard/crtbegin.o
LOAD /usr/lib/gcc/arm-none-eabi/13.2.1/../../../arm-none-eabi/lib/thumb/v7e-m+fp/hard/crt0.o
LOAD build/stm32f4-bord-out.dtb.o
LOAD build/decompress.o
LOAD build/misc.o
LOAD build/string.o
LOAD build/csched-mcpu=cortex-m4.o
LOAD build/syscall-mcpu=cortex-m4.o
LOAD build/stm32f4_start_init.o
LOAD build/stm32f4_tty0.o
LOAD build/stm32f4_gpio.o
LOAD build/stm32f4_spi.o
LOAD build/stm32f4_tick.o
LOAD build/driver.o
LOAD build/w25qxx.o
LOAD build/devfs.o
LOAD build/pipefs.o
LOAD build/ramfs.o
LOAD build/ext2_test.o
LOAD build/char_device.o
LOAD build/dcache.o
LOAD build/file_system_type.o
LOAD build/fs_dentry.o
LOAD build/fs_file.o
LOAD build/fs_inode.o
LOAD build/fs_superblock.o
LOAD build/mount.o
LOAD build/vfs.o
LOAD build/add_disk.o
LOAD build/bio.o
LOAD build/gendisk.o
LOAD build/partition.o
LOAD build/request.o
LOAD build/request_queue.o
LOAD build/main.o
LOAD build/haper.o
LOAD build/ctrl.o
LOAD build/sched.o
LOAD build/task.o
LOAD build/task_pools.o
LOAD build/systemcall.o
LOAD build/irq.o
LOAD build/fdt.o
LOAD build/fdt_addresses.o
LOAD build/fdt_check.o
LOAD build/fdt_empty_tree.o
LOAD build/fdt_overlay.o
LOAD build/fdt_ro.o
LOAD build/fdt_rw.o
LOAD build/fdt_strerror.o
LOAD build/fdt_sw.o
LOAD build/fdt_wip.o
LOAD build/Preemptive.o
LOAD build/_string.o
LOAD build/atomic.o
LOAD build/crc16.o
LOAD build/crc32.o
LOAD build/crc4.o
LOAD build/crc7.o
LOAD build/crc8.o
LOAD build/error.o
LOAD build/gpio_subsystem.o
LOAD build/lockref.o
LOAD build/mempool.o
LOAD build/ompiler.o
LOAD build/printk.o
LOAD build/time.o
LOAD build/time_loop.o
LOAD build/vsprintf.o
LOAD build/port.o
LOAD build/startup.o
LOAD build/ssched-mcpu=cortex-m4.o
START GROUP
LOAD /usr/lib/gcc/arm-none-eabi/13.2.1/thumb/v7e-m+fp/hard/libgcc.a
LOAD /usr/lib/gcc/arm-none-eabi/13.2.1/../../../arm-none-eabi/lib/thumb/v7e-m+fp/hard/libc.a
END GROUP
LOAD /usr/lib/gcc/arm-none-eabi/13.2.1/thumb/v7e-m+fp/hard/crtend.o
LOAD /usr/lib/gcc/arm-none-eabi/13.2.1/thumb/v7e-m+fp/hard/crtn.o
                0x20020000                        _estack = (ORIGIN (RAM) + LENGTH (RAM))

.isr_vector     0x08000000      0x184
                0x08000000                        . = ALIGN (0x4)
 *(.isr_vector)
 .isr_vector    0x08000000      0x184 build/startup.o
                0x08000000                g_pfnVectors
                0x08000184                        . = ALIGN (0x4)

.text           0x08000184     0x6a88
                0x08000184                        . = ALIGN (0x4)
 *(.text)
 .text          0x08000184       0x88 /usr/lib/gcc/arm-none-eabi/13.2.1/thumb/v7e-m+fp/hard/crtbegin.o
 .text          0x0800020c       0x54 build/ssched-mcpu=cortex-m4.o
                0x0800020c                PendSV_Handler
                0x08000228                change_to_task_mode
                0x0800024a                __sched
 .text          0x08000260        0xc /usr/lib/gcc/arm-none-eabi/13.2.1/../../../arm-none-eabi/lib/thumb/v7e-m+fp/hard/libc.a(libc_a-atexit.o)
                0x08000260                atexit
 .text          0x0800026c       0x28 /usr/lib/gcc/arm-none-eabi/13.2.1/../../../arm-none-eabi/lib/thumb/v7e-m+fp/hard/libc.a(libc_a-fini.o)
                0x0800026c                __libc_fini_array
 .text          0x08000294       0x64 /usr/lib/gcc/arm-none-eabi/13.2.1/../../../arm-none-eabi/lib/thumb/v7e-m+fp/hard/libc.a(libc_a-__atexit.o)
                0x08000294                __register_exitproc
 *(.text*)
 .text.memcpy   0x080002f8       0x98 build/string.o
                0x080002f8                memcpy
 .text.strlen   0x08000390       0x10 build/string.o
                0x08000390                strlen
 .text.strnlen  0x080003a0       0x16 build/string.o
                0x080003a0                strnlen
 .text.memcmp   0x080003b6       0x1a build/string.o
                0x080003b6                memcmp
 .text.strcmp   0x080003d0       0x18 build/string.o
                0x080003d0                strcmp
 .text.memchr   0x080003e8       0x28 build/string.o
                0x080003e8                memchr
 .text.strchr   0x08000410       0x14 build/string.o
                0x08000410                strchr
 .text.strrchr  0x08000424       0x1a build/string.o
                0x08000424                strrchr
 .text.memset   0x0800043e       0x14 build/string.o
                0x0800043e                memset
 *fill*         0x08000452        0x2 
 .text.__init_Taskcontext
                0x08000454       0x44 build/csched-mcpu=cortex-m4.o
                0x08000454                __init_Taskcontext
 .text.__get_task_using_cpu_core
                0x08000498        0x4 build/csched-mcpu=cortex-m4.o
                0x08000498                __get_task_using_cpu_core
 .text.__system_call
                0x0800049c       0x26 build/syscall-mcpu=cortex-m4.o
                0x0800049c                __system_call
 .text.SVC_Handler_C
                0x080004c2       0x26 build/syscall-mcpu=cortex-m4.o
                0x080004c2                SVC_Handler_C
 .text.SVC_Handler
                0x080004e8       0x14 build/syscall-mcpu=cortex-m4.o
                0x080004e8                SVC_Handler
 .text.SystemClock_Config
                0x080004fc       0xb8 build/stm32f4_start_init.o
                0x080004fc                SystemClock_Config
 .text.USART_1_SendByte
                0x080005b4       0x14 build/stm32f4_tty0.o
 .text.tty_open
                0x080005c8        0x4 build/stm32f4_tty0.o
 .text.tty_write
                0x080005cc       0x28 build/stm32f4_tty0.o
 .text.tty_close
                0x080005f4        0x4 build/stm32f4_tty0.o
 .text.of_property_read_u32_array
                0x080005f8       0x74 build/stm32f4_tty0.o
 .text.of_property_read_u32
                0x0800066c       0x56 build/stm32f4_tty0.o
 *fill*         0x080006c2        0x2 
 .text.of_find_compatible_node
                0x080006c4       0x50 build/stm32f4_tty0.o
 .text.of_find_node_by_path
                0x08000714       0x24 build/stm32f4_tty0.o
 .text.uart1_device_init_function_from_dtb
                0x08000738      0x140 build/stm32f4_tty0.o
 .text.base_out_opt_device_init
                0x08000878        0x8 build/stm32f4_tty0.o
                0x08000878                base_out_opt_device_init
 .text.early_printk
                0x08000880       0x42 build/stm32f4_tty0.o
                0x08000880                early_printk
 .text.GPIO_SetAF
                0x080008c2       0x50 build/stm32f4_gpio.o
 .text.GPIO_Init
                0x08000912       0x90 build/stm32f4_gpio.o
 .text.GPIO_SetBits
                0x080009a2        0x4 build/stm32f4_gpio.o
 .text.GPIO_ResetBits
                0x080009a6        0x6 build/stm32f4_gpio.o
 .text.GPIO_ReadInputDataBit
                0x080009ac        0xc build/stm32f4_gpio.o
 .text.RCC_AHB1PeriphClockCmd
                0x080009b8       0x24 build/stm32f4_gpio.o
 .text.get_gpio_number
                0x080009dc       0x10 build/stm32f4_gpio.o
 .text.get_gpio_type
                0x080009ec       0x18 build/stm32f4_gpio.o
 .text.Get_APB_RCC_Source
                0x08000a04       0x94 build/stm32f4_gpio.o
 .text.GPIO_GetAF
                0x08000a98       0x2c build/stm32f4_gpio.o
 .text.gpio_write
                0x08000ac4       0x4c build/stm32f4_gpio.o
 .text.gpio_release
                0x08000b10        0xc build/stm32f4_gpio.o
 .text.gpio_open
                0x08000b1c       0x30 build/stm32f4_gpio.o
 .text.gpio_read
                0x08000b4c       0x4c build/stm32f4_gpio.o
 .text.print_gpio_number
                0x08000b98       0x68 build/stm32f4_gpio.o
                0x08000b98                print_gpio_number
 .text.print_gpio_type
                0x08000c00       0x40 build/stm32f4_gpio.o
                0x08000c00                print_gpio_type
 .text.compat_ioctl
                0x08000c40      0x19c build/stm32f4_gpio.o
 .text.SPI1_Init
                0x08000ddc       0xb0 build/stm32f4_spi.o
 .text.SPI1_SetSpeed
                0x08000e8c       0x18 build/stm32f4_spi.o
 .text.SPI1_ReadWriteByte
                0x08000ea4       0x24 build/stm32f4_spi.o
 .text.spi_device_swap
                0x08000ec8       0x56 build/stm32f4_spi.o
 *fill*         0x08000f1e        0x2 
 .text.spi_dev_open
                0x08000f20       0x10 build/stm32f4_spi.o
 .text.spi1_device_init
                0x08000f30       0x78 build/stm32f4_spi.o
 .text.get_spi_speed
                0x08000fa8       0x68 build/stm32f4_spi.o
                0x08000fa8                get_spi_speed
 .text.spi_unlocked_ioctl
                0x08001010       0x38 build/stm32f4_spi.o
                0x08001010                spi_unlocked_ioctl
 .text.SysTick_init
                0x08001048       0x48 build/stm32f4_tick.o
                0x08001048                SysTick_init
 .text.SysTick_Handler
                0x08001090        0x8 build/stm32f4_tick.o
                0x08001090                SysTick_Handler
 .text.class_create
                0x08001098       0x4c build/driver.o
                0x08001098                class_create
 .text.device_create
                0x080010e4       0x80 build/driver.o
                0x080010e4                device_create
 .text.__register_disk
                0x08001164       0x64 build/driver.o
                0x08001164                __register_disk
 .text.__kmap   0x080011c8       0x20 build/w25qxx.o
 .text.W25Qxx_write_enable
                0x080011e8       0x26 build/w25qxx.o
 .text.W25Qxx_wait_busy
                0x0800120e       0x40 build/w25qxx.o
 .text.W25Qxx_erase_sector
                0x0800124e       0x3e build/w25qxx.o
 .text.W25Qxx_write
                0x0800128c       0x52 build/w25qxx.o
 .text.W25Qxx_read
                0x080012de       0x4c build/w25qxx.o
 .text.W25Qxx_device_write_page
                0x0800132a       0x48 build/w25qxx.o
 .text.W25Qxx_device_read_page
                0x08001372       0x12 build/w25qxx.o
 .text.w25qxx_getgeo
                0x08001384       0x1c build/w25qxx.o
 .text.w25qxx_read_id
                0x080013a0       0x94 build/w25qxx.o
 .text.w25qxx_release
                0x08001434       0x10 build/w25qxx.o
 .text.w25qxx_open
                0x08001444       0x10 build/w25qxx.o
 .text.set_cs_pin_high
                0x08001454       0x24 build/w25qxx.o
 .text.set_cs_pin_low
                0x08001478       0x24 build/w25qxx.o
 .text.w25qxx_read_data
                0x0800149c       0x18 build/w25qxx.o
 .text.w25qxx_send_data
                0x080014b4       0x18 build/w25qxx.o
 .text.cs_pin_init
                0x080014cc       0x74 build/w25qxx.o
 .text.spi_write_enable
                0x08001540       0x40 build/w25qxx.o
 .text.w25qxx_device_init
                0x08001580       0x28 build/w25qxx.o
 .text.add_disk
                0x080015a8        0x8 build/w25qxx.o
 .text.__put_page
                0x080015b0       0x2a build/w25qxx.o
 .text.__kunmap
                0x080015da        0xc build/w25qxx.o
 *fill*         0x080015e6        0x2 
 .text.w25qxx_request
                0x080015e8      0x18c build/w25qxx.o
 .text.w25qxx_request_queue
                0x08001774       0x1a build/w25qxx.o
 .text.blk_cleanup_queue
                0x0800178e        0x8 build/w25qxx.o
 .text.put_disk
                0x08001796        0x8 build/w25qxx.o
 *fill*         0x0800179e        0x2 
 .text.new_w25qxx_dev
                0x080017a0       0x54 build/w25qxx.o
                0x080017a0                new_w25qxx_dev
 .text.__spin_init
                0x080017f4        0x6 build/devfs.o
 .text.__spin_unlock
                0x080017fa        0x6 build/devfs.o
 .text.spin_lock_init
                0x08001800        0x8 build/devfs.o
 .text.spin_unlock
                0x08001808        0x8 build/devfs.o
 .text.devfs_statfs
                0x08001810       0x20 build/devfs.o
 .text.devfs_get_dentry
                0x08001830        0xc build/devfs.o
 .text.devfs_setattr
                0x0800183c        0xc build/devfs.o
 .text.devfs_kill_sb
                0x08001848        0x8 build/devfs.o
 .text.devfs_release
                0x08001850       0x10 build/devfs.o
 .text.devfs_open
                0x08001860       0x10 build/devfs.o
 .text.devfs_write
                0x08001870       0x10 build/devfs.o
 .text.devfs_read
                0x08001880       0x10 build/devfs.o
 .text.__spin_lock
                0x08001890       0x20 build/devfs.o
 .text.spin_lock
                0x080018b0       0x2a build/devfs.o
 *fill*         0x080018da        0x2 
 .text.devfs_create_empty_inode
                0x080018dc       0x6c build/devfs.o
 .text.devfs_get_inode
                0x08001948       0x24 build/devfs.o
 .text.devfs_getattr
                0x0800196c       0x80 build/devfs.o
 .text.devfs_lookup
                0x080019ec       0x5a build/devfs.o
 .text.devfs_vfs_lookup
                0x08001a46       0x3a build/devfs.o
 .text.devfs_get_vfs_superblock
                0x08001a80       0x24 build/devfs.o
 .text.devfs_superblock_create
                0x08001aa4       0x70 build/devfs.o
 .text.devfs_inode_put
                0x08001b14        0xc build/devfs.o
 .text.dentry_put
                0x08001b20       0x5e build/devfs.o
 .text.devfs_release_dentry
                0x08001b7e        0xe build/devfs.o
 .text.devfs_rmdir
                0x08001b8c       0x16 build/devfs.o
 .text.devfs_delete_dentry
                0x08001ba2       0x60 build/devfs.o
 .text.devfs_unlink
                0x08001c02       0x12 build/devfs.o
 .text.devfs_create_dentry
                0x08001c14       0xac build/devfs.o
 .text.devfs_create_inode
                0x08001cc0       0x52 build/devfs.o
 *fill*         0x08001d12        0x2 
 .text.devfs_create_dir
                0x08001d14       0x24 build/devfs.o
 .text.devfs_mkdir
                0x08001d38       0x6e build/devfs.o
 .text.devfs_create_file
                0x08001da6       0x10 build/devfs.o
 *fill*         0x08001db6        0x2 
 .text.devfs_create
                0x08001db8       0x7c build/devfs.o
 .text.devfs_link
                0x08001e34       0x32 build/devfs.o
 .text.devfs_destroy_inode
                0x08001e66       0x24 build/devfs.o
 *fill*         0x08001e8a        0x2 
 .text.devfs_alloc_inode
                0x08001e8c       0x40 build/devfs.o
 .text.devfs_superblock_destory
                0x08001ecc       0x1a build/devfs.o
 *fill*         0x08001ee6        0x2 
 .text.devfs_mount
                0x08001ee8       0xac build/devfs.o
 .text.devfs_mount_device
                0x08001f94       0x30 build/devfs.o
                0x08001f94                devfs_mount_device
 .text.devfs_mount_blk_device
                0x08001fc4       0x30 build/devfs.o
                0x08001fc4                devfs_mount_blk_device
 .text.__spin_init
                0x08001ff4        0x6 build/pipefs.o
 .text.__spin_unlock
                0x08001ffa        0x6 build/pipefs.o
 .text.spin_lock_init
                0x08002000        0x8 build/pipefs.o
 .text.spin_unlock
                0x08002008        0x8 build/pipefs.o
 .text.pipefs_statfs
                0x08002010       0x20 build/pipefs.o
 .text.pipefs_get_dentry
                0x08002030        0xc build/pipefs.o
 .text.pipefs_setattr
                0x0800203c        0xc build/pipefs.o
 .text.__spin_lock
                0x08002048       0x20 build/pipefs.o
 .text.spin_lock
                0x08002068       0x2a build/pipefs.o
 .text.pipefs_kill_sb
                0x08002092        0x8 build/pipefs.o
 *fill*         0x0800209a        0x2 
 .text.pipefs_release
                0x0800209c       0x10 build/pipefs.o
 .text.pipefs_open
                0x080020ac       0x26 build/pipefs.o
 *fill*         0x080020d2        0x2 
 .text.pipefs_create_empty_inode
                0x080020d4       0x6c build/pipefs.o
 .text.pipefs_get_inode
                0x08002140       0x24 build/pipefs.o
 .text.pipefs_getattr
                0x08002164       0x80 build/pipefs.o
 .text.pipefs_lookup
                0x080021e4       0x5a build/pipefs.o
 .text.pipefs_vfs_lookup
                0x0800223e       0x3a build/pipefs.o
 .text.pipefs_get_vfs_superblock
                0x08002278       0x24 build/pipefs.o
 .text.pipefs_superblock_create
                0x0800229c       0x70 build/pipefs.o
 .text.pipefs_inode_put
                0x0800230c        0xc build/pipefs.o
 .text.dentry_put
                0x08002318       0x5e build/pipefs.o
 .text.pipefs_release_dentry
                0x08002376        0xe build/pipefs.o
 .text.pipefs_rmdir
                0x08002384       0x16 build/pipefs.o
 .text.pipefs_delete_dentry
                0x0800239a       0x60 build/pipefs.o
 .text.pipefs_unlink
                0x080023fa       0x12 build/pipefs.o
 .text.pipefs_create_dentry
                0x0800240c       0xac build/pipefs.o
 .text.pipefs_create_inode
                0x080024b8       0x52 build/pipefs.o
 *fill*         0x0800250a        0x2 
 .text.pipefs_create_dir
                0x0800250c       0x24 build/pipefs.o
 .text.pipefs_mkdir
                0x08002530       0x6e build/pipefs.o
 .text.pipefs_create_file
                0x0800259e       0x10 build/pipefs.o
 *fill*         0x080025ae        0x2 
 .text.pipefs_create
                0x080025b0       0x7c build/pipefs.o
 .text.pipefs_link
                0x0800262c       0x32 build/pipefs.o
 .text.pipefs_destroy_inode
                0x0800265e       0x24 build/pipefs.o
 *fill*         0x08002682        0x2 
 .text.pipefs_alloc_inode
                0x08002684       0x40 build/pipefs.o
 .text.pipefs_superblock_destory
                0x080026c4       0x1a build/pipefs.o
 *fill*         0x080026de        0x2 
 .text.pipefs_mount
                0x080026e0       0xac build/pipefs.o
 .text.pipe_buffer_read
                0x0800278c       0x4c build/pipefs.o
                0x0800278c                pipe_buffer_read
 .text.pipefs_read
                0x080027d8       0x32 build/pipefs.o
 .text.pipe_buffer_write
                0x0800280a       0x46 build/pipefs.o
                0x0800280a                pipe_buffer_write
 .text.pipefs_write
                0x08002850       0x32 build/pipefs.o
 .text.__spin_init
                0x08002882        0x6 build/ramfs.o
 .text.__spin_unlock
                0x08002888        0x6 build/ramfs.o
 .text.spin_lock_init
                0x0800288e        0x8 build/ramfs.o
 .text.spin_unlock
                0x08002896        0x8 build/ramfs.o
 *fill*         0x0800289e        0x2 
 .text.initramfs_statfs
                0x080028a0       0x20 build/ramfs.o
 .text.initramfs_get_dentry
                0x080028c0        0xc build/ramfs.o
 .text.initramfs_setattr
                0x080028cc        0xc build/ramfs.o
 .text.initramfs_kill_sb
                0x080028d8        0x8 build/ramfs.o
 .text.initramfs_release
                0x080028e0       0x10 build/ramfs.o
 .text.initramfs_open
                0x080028f0       0x10 build/ramfs.o
 .text.initramfs_write
                0x08002900       0x10 build/ramfs.o
 .text.initramfs_read
                0x08002910       0x10 build/ramfs.o
 .text.__spin_lock
                0x08002920       0x20 build/ramfs.o
 .text.spin_lock
                0x08002940       0x2a build/ramfs.o
 *fill*         0x0800296a        0x2 
 .text.initramfs_create_empty_inode
                0x0800296c       0x6c build/ramfs.o
 .text.initramfs_get_inode
                0x080029d8       0x24 build/ramfs.o
 .text.initramfs_getattr
                0x080029fc       0x80 build/ramfs.o
 .text.initramfs_lookup
                0x08002a7c       0x5a build/ramfs.o
 .text.initramfs_vfs_lookup
                0x08002ad6       0x3a build/ramfs.o
 .text.initramfs_get_vfs_superblock
                0x08002b10       0x24 build/ramfs.o
 .text.initramfs_superblock_create
                0x08002b34       0x70 build/ramfs.o
 .text.initramfs_inode_put
                0x08002ba4        0xc build/ramfs.o
 .text.dentry_put
                0x08002bb0       0x5e build/ramfs.o
 .text.initramfs_release_dentry
                0x08002c0e        0xe build/ramfs.o
 .text.initramfs_rmdir
                0x08002c1c       0x16 build/ramfs.o
 .text.initramfs_delete_dentry
                0x08002c32       0x60 build/ramfs.o
 .text.initramfs_unlink
                0x08002c92       0x12 build/ramfs.o
 .text.initramfs_create_dentry
                0x08002ca4       0xac build/ramfs.o
 .text.initramfs_create_inode
                0x08002d50       0x52 build/ramfs.o
 *fill*         0x08002da2        0x2 
 .text.initramfs_create_dir
                0x08002da4       0x24 build/ramfs.o
 .text.initramfs_mkdir
                0x08002dc8       0x6e build/ramfs.o
 .text.initramfs_create_file
                0x08002e36       0x10 build/ramfs.o
 *fill*         0x08002e46        0x2 
 .text.initramfs_create
                0x08002e48       0x7c build/ramfs.o
 .text.initramfs_link
                0x08002ec4       0x32 build/ramfs.o
 .text.initramfs_destroy_inode
                0x08002ef6       0x24 build/ramfs.o
 *fill*         0x08002f1a        0x2 
 .text.initramfs_alloc_inode
                0x08002f1c       0x40 build/ramfs.o
 .text.initramfs_superblock_destory
                0x08002f5c       0x1a build/ramfs.o
 *fill*         0x08002f76        0x2 
 .text.initramfs_mount
                0x08002f78       0xac build/ramfs.o
 .text.sized_strscpy
                0x08003024       0x2e build/char_device.o
 *fill*         0x08003052        0x2 
 .text.find_dynamic_major
                0x08003054       0x48 build/char_device.o
 .text.__unregister_chrdev_region
                0x0800309c       0x60 build/char_device.o
 .text.cdev_add
                0x080030fc        0x8 build/char_device.o
                0x080030fc                cdev_add
 .text.find_chrdev
                0x08003104       0x60 build/char_device.o
                0x08003104                find_chrdev
 .text.kzalloc  0x08003164       0x16 build/char_device.o
 .text.cdev_alloc
                0x0800317a       0x1c build/char_device.o
                0x0800317a                cdev_alloc
 .text.cdev_init
                0x08003196       0x1a build/char_device.o
                0x08003196                cdev_init
 .text.__register_chrdev_region
                0x080031b0      0x124 build/char_device.o
 .text.alloc_chrdev_region
                0x080032d4       0x28 build/char_device.o
                0x080032d4                alloc_chrdev_region
 .text.register_chrdev_region
                0x080032fc       0x60 build/char_device.o
                0x080032fc                register_chrdev_region
 .text.__register_chrdev
                0x0800335c       0x60 build/char_device.o
                0x0800335c                __register_chrdev
 .text.unregister_chrdev_region
                0x080033bc       0x2e build/char_device.o
                0x080033bc                unregister_chrdev_region
 .text.cdev_del
                0x080033ea        0x8 build/char_device.o
                0x080033ea                cdev_del
 .text.__unregister_chrdev
                0x080033f2       0x1a build/char_device.o
                0x080033f2                __unregister_chrdev
 .text.unregister_filesystem
                0x0800340c       0x24 build/file_system_type.o
                0x0800340c                unregister_filesystem
 .text.register_filesystem
                0x08003430       0x44 build/file_system_type.o
                0x08003430                register_filesystem
 .text.lookup_fs_type
                0x08003474       0x24 build/file_system_type.o
                0x08003474                lookup_fs_type
 .text.__spin_init
                0x08003498        0x6 build/fs_dentry.o
 .text.__spin_unlock
                0x0800349e        0x6 build/fs_dentry.o
 .text.spin_lock_init
                0x080034a4        0x8 build/fs_dentry.o
 .text.spin_unlock
                0x080034ac        0x8 build/fs_dentry.o
 .text.d_getname
                0x080034b4        0x8 build/fs_dentry.o
                0x080034b4                d_getname
 .text.__d_add  0x080034bc       0x1e build/fs_dentry.o
 .text.dentry_rename
                0x080034da       0x74 build/fs_dentry.o
                0x080034da                dentry_rename
 .text.__d_drop
                0x0800354e       0x2a build/fs_dentry.o
                0x0800354e                __d_drop
 .text.__d_alloc
                0x08003578       0x50 build/fs_dentry.o
                0x08003578                __d_alloc
 .text.__spin_lock
                0x080035c8       0x20 build/fs_dentry.o
 .text.spin_lock
                0x080035e8       0x2a build/fs_dentry.o
 .text.d_alloc  0x08003612       0x2e build/fs_dentry.o
                0x08003612                d_alloc
 .text.d_add    0x08003640       0x2c build/fs_dentry.o
                0x08003640                d_add
 .text.d_delete
                0x0800366c       0x16 build/fs_dentry.o
                0x0800366c                d_delete
 .text.d_lookup_dentry
                0x08003682       0x26 build/fs_dentry.o
                0x08003682                d_lookup_dentry
 .text.__d_put  0x080036a8       0x18 build/fs_dentry.o
                0x080036a8                __d_put
 .text.simple_unlink
                0x080036c0       0x26 build/fs_dentry.o
                0x080036c0                simple_unlink
 .text.__spin_init
                0x080036e6        0x6 build/fs_file.o
 .text.__spin_unlock
                0x080036ec        0x6 build/fs_file.o
 .text.spin_lock_init
                0x080036f2        0x8 build/fs_file.o
 .text.spin_unlock
                0x080036fa        0x8 build/fs_file.o
 .text.__spin_lock
                0x08003702       0x20 build/fs_file.o
 .text.spin_lock
                0x08003722       0x2a build/fs_file.o
 .text.f_get    0x0800374c       0x56 build/fs_file.o
                0x0800374c                f_get
 .text.f_put    0x080037a2       0x12 build/fs_file.o
                0x080037a2                f_put
 .text.inode_get
                0x080037b4       0x16 build/fs_inode.o
                0x080037b4                inode_get
 .text.new_inode
                0x080037ca       0x2e build/fs_inode.o
                0x080037ca                new_inode
 .text.destroy_inode
                0x080037f8        0xc build/fs_inode.o
                0x080037f8                destroy_inode
 .text.inode_put
                0x08003804       0x22 build/fs_inode.o
                0x08003804                inode_put
 .text.alloc_super
                0x08003826       0x30 build/fs_superblock.o
                0x08003826                alloc_super
 .text.put_super
                0x08003856        0xc build/fs_superblock.o
                0x08003856                put_super
 .text.__spin_unlock
                0x08003862        0x6 build/mount.o
 .text.spin_unlock
                0x08003868        0x8 build/mount.o
 .text.__spin_lock
                0x08003870       0x20 build/mount.o
 .text.spin_lock
                0x08003890       0x2a build/mount.o
 *fill*         0x080038ba        0x2 
 .text.mount_root_fs
                0x080038bc       0x98 build/mount.o
                0x080038bc                mount_root_fs
 .text.sys_mount
                0x08003954       0xb4 build/mount.o
                0x08003954                sys_mount
 .text.__spin_unlock
                0x08003a08        0x6 build/vfs.o
 .text.spin_unlock
                0x08003a0e        0x8 build/vfs.o
 .text.get_dir_name
                0x08003a16       0x42 build/vfs.o
 .text.get_dir_number
                0x08003a58       0x24 build/vfs.o
 .text.find_dentry
                0x08003a7c       0x3c build/vfs.o
 .text.create_dentry
                0x08003ab8       0x88 build/vfs.o
 .text.print_read_only_message
                0x08003b40       0x10 build/vfs.o
 .text.__spin_lock
                0x08003b50       0x20 build/vfs.o
 .text.spin_lock
                0x08003b70       0x2a build/vfs.o
 .text.kernel_read
                0x08003b9a       0x62 build/vfs.o
                0x08003b9a                kernel_read
 .text.kernel_write
                0x08003bfc       0x60 build/vfs.o
                0x08003bfc                kernel_write
 .text.vfs_ioctl
                0x08003c5c       0x66 build/vfs.o
                0x08003c5c                vfs_ioctl
 .text.file_close
                0x08003cc2       0x44 build/vfs.o
                0x08003cc2                file_close
 *fill*         0x08003d06        0x2 
 .text.select_file
                0x08003d08       0x64 build/vfs.o
                0x08003d08                select_file
 .text.create_new_dentry
                0x08003d6c       0x68 build/vfs.o
                0x08003d6c                create_new_dentry
 .text.filp_open
                0x08003dd4       0xc0 build/vfs.o
                0x08003dd4                filp_open
 .text.mkdir    0x08003e94       0x18 build/vfs.o
                0x08003e94                mkdir
 .text.root_fs_init
                0x08003eac       0x80 build/vfs.o
 .text.moun_spiflash
                0x08003f2c       0x30 build/vfs.o
 .text.__spin_init
                0x08003f5c        0x6 build/add_disk.o
 .text.spin_lock_init
                0x08003f62        0x8 build/add_disk.o
 *fill*         0x08003f6a        0x2 
 .text.add_mbr_son_disk
                0x08003f6c       0xe8 build/add_disk.o
                0x08003f6c                add_mbr_son_disk
 .text.register_son_disk
                0x08004054       0x44 build/add_disk.o
 .text.__add_disk
                0x08004098       0x60 build/add_disk.o
                0x08004098                __add_disk
 .text.__spin_unlock
                0x080040f8        0x6 build/bio.o
 .text.spin_unlock
                0x080040fe        0x8 build/bio.o
 .text.__spin_lock
                0x08004106       0x20 build/bio.o
 .text.spin_lock
                0x08004126       0x2a build/bio.o
 .text.submit_bio_wait
                0x08004150       0x60 build/bio.o
                0x08004150                submit_bio_wait
 .text.bio_alloc_bioset
                0x080041b0       0x92 build/bio.o
                0x080041b0                bio_alloc_bioset
 .text.bio_put  0x08004242       0x36 build/bio.o
                0x08004242                bio_put
 .text.__bio_add_page
                0x08004278       0x74 build/bio.o
                0x08004278                __bio_add_page
 .text.bio_add_page
                0x080042ec        0x8 build/bio.o
                0x080042ec                bio_add_page
 .text.__gendisk_alloc
                0x080042f4       0x64 build/gendisk.o
                0x080042f4                __gendisk_alloc
 .text.__put_disk
                0x08004358        0x8 build/gendisk.o
                0x08004358                __put_disk
 .text.__page_create
                0x08004360       0x1c build/partition.o
 .text.my_end_io
                0x0800437c        0x8 build/partition.o
 .text.trans_data_to_blk_dev
                0x08004384       0x84 build/partition.o
 .text.mbr_partition_table_load
                0x08004408       0xa8 build/partition.o
 .text.check_empty_MBR_Table
                0x080044b0       0x1e build/partition.o
                0x080044b0                check_empty_MBR_Table
 *fill*         0x080044ce        0x2 
 .text.get_mbr_partition_start_address
                0x080044d0       0x34 build/partition.o
 .text.get_mbr_partition_size
                0x08004504       0x28 build/partition.o
 .text.get_mbr_partition_type
                0x0800452c       0x24 build/partition.o
 .text.get_partition_from_device
                0x08004550       0x3c build/partition.o
                0x08004550                get_partition_from_device
 .text.get_partiton_data
                0x0800458c       0x28 build/partition.o
                0x0800458c                get_partiton_data
 .text.request_alloc
                0x080045b4       0x3e build/request.o
                0x080045b4                request_alloc
 .text.__blk_insert_request
                0x080045f2       0x1c build/request.o
                0x080045f2                __blk_insert_request
 .text.__spin_init
                0x0800460e        0x6 build/request_queue.o
 .text.__spin_unlock
                0x08004614        0x6 build/request_queue.o
 .text.spin_lock_init
                0x0800461a        0x8 build/request_queue.o
 .text.spin_unlock
                0x08004622        0x8 build/request_queue.o
 .text.__spin_lock
                0x0800462a       0x20 build/request_queue.o
 .text.spin_lock
                0x0800464a       0x2a build/request_queue.o
 .text.request_queue_init
                0x08004674       0x4c build/request_queue.o
                0x08004674                request_queue_init
 .text.__blk_cleanup_queue
                0x080046c0        0xc build/request_queue.o
                0x080046c0                __blk_cleanup_queue
 .text.request_queue_add
                0x080046cc       0x1e build/request_queue.o
                0x080046cc                request_queue_add
 .text.request_queue_remove
                0x080046ea       0x32 build/request_queue.o
                0x080046ea                request_queue_remove
 .text.blk_fetch_request
                0x0800471c       0x44 build/request_queue.o
                0x0800471c                blk_fetch_request
 .text.do_initcallearly
                0x08004760       0x1c build/main.o
 .text.do_pureinitcall
                0x0800477c       0x1c build/main.o
 .text.do_coreinitcall
                0x08004798       0x1c build/main.o
 .text.do_core_initcall_sync
                0x080047b4       0x1c build/main.o
 .text.do_postcoreinitcall
                0x080047d0       0x1c build/main.o
 .text.do_postcore_initcall_sync
                0x080047ec       0x1c build/main.o
 .text.do_archinitcall
                0x08004808       0x1c build/main.o
 .text.do_arch_initcall_sync
                0x08004824       0x1c build/main.o
 .text.do_subsysinitcall
                0x08004840       0x1c build/main.o
 .text.do_subsys_initcall_sync
                0x0800485c       0x1c build/main.o
 .text.do_fsinitcall
                0x08004878       0x1c build/main.o
 .text.do_fs_initcall_sync
                0x08004894       0x1c build/main.o
 .text.rootfs_init
                0x080048b0       0x1c build/main.o
 .text.do_deviceinitcall
                0x080048cc       0x1c build/main.o
 .text.do_device_initcall_sync
                0x080048e8       0x1c build/main.o
 .text.do_lateinitcall
                0x08004904       0x1c build/main.o
 .text.do_late_initcall_sync
                0x08004920       0x1c build/main.o
 .text.device_tree_init
                0x0800493c       0x20 build/main.o
 .text.memory_init
                0x0800495c        0xc build/main.o
 .text.printk_init
                0x08004968       0x14 build/main.o
 .text.kthread_run
                0x0800497c       0x54 build/main.o
 .text.print_GCC_Message
                0x080049d0       0x38 build/main.o
                0x080049d0                print_GCC_Message
 .text.gpio_test
                0x08004a08       0x74 build/main.o
                0x08004a08                gpio_test
 .text.Kernel_Init
                0x08004a7c       0x38 build/main.o
                0x08004a7c                Kernel_Init
 .text.Kernel_Start
                0x08004ab4       0x74 build/main.o
                0x08004ab4                Kernel_Start
 .text.__spin_init
                0x08004b28        0x6 build/haper.o
 .text.__spin_unlock
                0x08004b2e        0x6 build/haper.o
 .text.spin_lock_init
                0x08004b34        0x8 build/haper.o
 .text.spin_unlock
                0x08004b3c        0x8 build/haper.o
 .text.reset_block_status
                0x08004b44        0xc build/haper.o
 .text.set_block_status
                0x08004b50        0x8 build/haper.o
 .text.get_block_status
                0x08004b58        0xe build/haper.o
 .text.get_next_block
                0x08004b66        0x4 build/haper.o
 .text.get_priv_block
                0x08004b6a        0x4 build/haper.o
 .text.get_block_size
                0x08004b6e        0x4 build/haper.o
 .text.clean_block
                0x08004b72       0x1a build/haper.o
 .text.haper2_init
                0x08004b8c       0x50 build/haper.o
 .text.incise_free_block
                0x08004bdc       0x58 build/haper.o
 .text.free_block
                0x08004c34       0x6c build/haper.o
 .text.free_memory
                0x08004ca0       0x1a build/haper.o
 .text.memory_block_laterator
                0x08004cba       0x28 build/haper.o
 .text.memory_block_free_size_counter
                0x08004ce2       0x2a build/haper.o
 .text.get_free_space
                0x08004d0c       0x24 build/haper.o
 .text.get_block
                0x08004d30       0x1c build/haper.o
 .text.__spin_lock
                0x08004d4c       0x20 build/haper.o
 .text.spin_lock
                0x08004d6c       0x2a build/haper.o
 .text.first_fit_alloc
                0x08004d96       0x66 build/haper.o
 .text.best_fit_alloc
                0x08004dfc       0x78 build/haper.o
 .text.smalloc  0x08004e74       0x34 build/haper.o
 .text.free_haper_block
                0x08004ea8       0x58 build/haper.o
 .text.sfree    0x08004f00       0x24 build/haper.o
 .text.sys_heap_init
                0x08004f24       0x1c build/haper.o
                0x08004f24                sys_heap_init
 .text.sys_expand_heap_init
                0x08004f40       0x2c build/haper.o
                0x08004f40                sys_expand_heap_init
 .text.get_global_heap_size
                0x08004f6c       0x24 build/haper.o
                0x08004f6c                get_global_heap_size
 .text.__task_malloc
                0x08004f90       0x1c build/haper.o
                0x08004f90                __task_malloc
 .text.__smalloc__
                0x08004fac       0x14 build/haper.o
                0x08004fac                __smalloc__
 .text.__sfree__
                0x08004fc0        0x8 build/haper.o
                0x08004fc0                __sfree__
 .text.get_task_using_cpu_core
                0x08004fc8        0x8 build/ctrl.o
 .text.user_system_call
                0x08004fd0       0x18 build/ctrl.o
 .text.get_current_scheduler
                0x08004fe8        0xc build/ctrl.o
                0x08004fe8                get_current_scheduler
 .text.block_scheduler
                0x08004ff4       0x14 build/ctrl.o
                0x08004ff4                block_scheduler
 .text.run_scheduler
                0x08005008       0x14 build/ctrl.o
                0x08005008                run_scheduler
 .text.get_current_task
                0x0800501c        0xe build/ctrl.o
                0x0800501c                get_current_task
 *fill*         0x0800502a        0x2 
 .text.scheduler_start
                0x0800502c        0xc build/ctrl.o
                0x0800502c                scheduler_start
 .text.start_all_scheduler
                0x08005038        0xc build/ctrl.o
                0x08005038                start_all_scheduler
 .text.stop_all_scheduler
                0x08005044        0xc build/ctrl.o
                0x08005044                stop_all_scheduler
 .text.sched    0x08005050       0x24 build/ctrl.o
                0x08005050                sched
 .text.__delay  0x08005074       0x28 build/ctrl.o
                0x08005074                __delay
 .text.save_context
                0x0800509c        0x4 build/sched.o
 .text.load_task
                0x080050a0        0x4 build/sched.o
 .text.default_task
                0x080050a4       0x2c build/sched.o
                0x080050a4                default_task
 .text.scheduler_init
                0x080050d0       0x48 build/sched.o
 .text.user_system_call
                0x08005118       0x18 build/sched.o
 .text.sched_start
                0x08005130       0x24 build/sched.o
                0x08005130                sched_start
 .text.get_scheduler_by_cpu_core_id
                0x08005154       0x18 build/sched.o
                0x08005154                get_scheduler_by_cpu_core_id
 .text.init_all_scheduler
                0x0800516c       0x40 build/sched.o
 .text.sched_init
                0x080051ac       0x14 build/sched.o
                0x080051ac                sched_init
 .text.Scheduler_Task
                0x080051c0       0x2e build/sched.o
                0x080051c0                Scheduler_Task
 .text.init_task_context
                0x080051ee        0x8 build/task.o
 *fill*         0x080051f6        0x2 
 .text.__new_task_create
                0x080051f8       0xd4 build/task.o
                0x080051f8                __new_task_create
 .text.__destory_task
                0x080052cc        0xc build/task.o
                0x080052cc                __destory_task
 .text.__register_task
                0x080052d8        0xa build/task.o
                0x080052d8                __register_task
 *fill*         0x080052e2        0x2 
 .text.__default_Task_return_function
                0x080052e4       0x2c build/task.o
                0x080052e4                __default_Task_return_function
 .text.task_run
                0x08005310       0x60 build/task.o
                0x08005310                task_run
 .text.register_task_pool
                0x08005370       0x50 build/task_pools.o
                0x08005370                register_task_pool
 .text.find_task_pool
                0x080053c0       0x2c build/task_pools.o
                0x080053c0                find_task_pool
 .text.system_call
                0x080053ec       0x2c build/systemcall.o
                0x080053ec                system_call
 .text.C_IRQ_Dispatcher
                0x08005418        0x2 build/irq.o
                0x08005418                C_IRQ_Dispatcher
 .text.check_off_
                0x0800541a       0x14 build/fdt.o
 .text.check_block_
                0x0800542e       0x26 build/fdt.o
 .text.fdt_ro_probe_
                0x08005454       0xc0 build/fdt.o
                0x08005454                fdt_ro_probe_
 .text.fdt_header_size_
                0x08005514       0x24 build/fdt.o
                0x08005514                fdt_header_size_
 .text.fdt_header_size
                0x08005538       0x1c build/fdt.o
                0x08005538                fdt_header_size
 .text.fdt_check_header
                0x08005554      0x184 build/fdt.o
                0x08005554                fdt_check_header
 .text.fdt_offset_ptr
                0x080056d8       0xac build/fdt.o
                0x080056d8                fdt_offset_ptr
 .text.fdt_next_tag
                0x08005784      0x112 build/fdt.o
                0x08005784                fdt_next_tag
 .text.fdt_check_node_offset_
                0x08005896       0x34 build/fdt.o
                0x08005896                fdt_check_node_offset_
 .text.fdt_check_prop_offset_
                0x080058ca       0x34 build/fdt.o
                0x080058ca                fdt_check_prop_offset_
 .text.fdt_next_node
                0x080058fe       0x76 build/fdt.o
                0x080058fe                fdt_next_node
 .text.nextprop_
                0x08005974       0x38 build/fdt_ro.o
 .text.fdt_get_property_by_offset_
                0x080059ac       0x4e build/fdt_ro.o
 *fill*         0x080059fa        0x2 
 .text.fdt_get_string
                0x080059fc      0x114 build/fdt_ro.o
                0x080059fc                fdt_get_string
 .text.fdt_string_eq_
                0x08005b10       0x32 build/fdt_ro.o
 .text.fdt_get_name
                0x08005b42       0x7a build/fdt_ro.o
                0x08005b42                fdt_get_name
 .text.fdt_nodename_eq_
                0x08005bbc       0x50 build/fdt_ro.o
 .text.fdt_subnode_offset_namelen
                0x08005c0c       0x5e build/fdt_ro.o
                0x08005c0c                fdt_subnode_offset_namelen
 .text.fdt_first_property_offset
                0x08005c6a       0x16 build/fdt_ro.o
                0x08005c6a                fdt_first_property_offset
 .text.fdt_next_property_offset
                0x08005c80       0x16 build/fdt_ro.o
                0x08005c80                fdt_next_property_offset
 .text.fdt_get_property_namelen_
                0x08005c96       0x7c build/fdt_ro.o
 .text.fdt_getprop_namelen
                0x08005d12       0x60 build/fdt_ro.o
                0x08005d12                fdt_getprop_namelen
 .text.fdt_getprop
                0x08005d72       0x24 build/fdt_ro.o
                0x08005d72                fdt_getprop
 *fill*         0x08005d96        0x2 
 .text.fdt_get_alias_namelen
                0x08005d98       0x48 build/fdt_ro.o
                0x08005d98                fdt_get_alias_namelen
 .text.fdt_path_offset_namelen
                0x08005de0       0x94 build/fdt_ro.o
                0x08005de0                fdt_path_offset_namelen
 .text.fdt_path_offset
                0x08005e74       0x18 build/fdt_ro.o
                0x08005e74                fdt_path_offset
 .text.fdt_path_getprop_namelen
                0x08005e8c       0x28 build/fdt_ro.o
 .text.remove_task_from_pool
                0x08005eb4       0x30 build/Preemptive.o
 .text.alloc_new_pool
                0x08005ee4       0x14 build/Preemptive.o
 .text.add_task_to_task_pool
                0x08005ef8       0x66 build/Preemptive.o
 .text.get_next_task
                0x08005f5e        0x8 build/Preemptive.o
                0x08005f5e                get_next_task
 *fill*         0x08005f66        0x2 
 .text.get_useful_task
                0x08005f68       0x58 build/Preemptive.o
                0x08005f68                get_useful_task
 .text.Preemptive_scheduling
                0x08005fc0       0x30 build/Preemptive.o
 .text.strcpy   0x08005ff0       0x14 build/_string.o
                0x08005ff0                strcpy
 .text.strncpy  0x08006004       0x22 build/_string.o
                0x08006004                strncpy
 .text.stpcpy   0x08006026       0x12 build/_string.o
                0x08006026                stpcpy
 .text.strcat   0x08006038       0x20 build/_string.o
                0x08006038                strcat
 .text.strncat  0x08006058       0x2a build/_string.o
                0x08006058                strncat
 .text.strncmp  0x08006082       0x2a build/_string.o
                0x08006082                strncmp
 .text.strchrnul
                0x080060ac       0x10 build/_string.o
                0x080060ac                strchrnul
 .text.strnchr  0x080060bc       0x1e build/_string.o
                0x080060bc                strnchr
 .text.memset16
                0x080060da       0x14 build/_string.o
                0x080060da                memset16
 .text.memscan  0x080060ee       0x14 build/_string.o
                0x080060ee                memscan
 .text.check_bytes8
                0x08006102       0x14 build/_string.o
 .text.memchr_inv
                0x08006116       0x68 build/_string.o
                0x08006116                memchr_inv
 .text.strlcat  0x0800617e       0x48 build/_string.o
                0x0800617e                strlcat
 .text.strspn   0x080061c6       0x1e build/_string.o
                0x080061c6                strspn
 .text.strcspn  0x080061e4       0x1e build/_string.o
                0x080061e4                strcspn
 .text.strpbrk  0x08006202       0x20 build/_string.o
                0x08006202                strpbrk
 .text.strsep   0x08006222       0x1e build/_string.o
                0x08006222                strsep
 .text.bcmp     0x08006240        0x8 build/_string.o
                0x08006240                bcmp
 .text.strstr   0x08006248       0x3a build/_string.o
                0x08006248                strstr
 .text.strnstr  0x08006282       0x34 build/_string.o
                0x08006282                strnstr
 .text.annotate_unreachable
                0x080062b6        0x2 build/ompiler.o
                0x080062b6                annotate_unreachable
 .text.__spin_init
                0x080062b8        0x6 build/printk.o
 .text.__spin_unlock
                0x080062be        0x6 build/printk.o
 .text.spin_lock_init
                0x080062c4        0x8 build/printk.o
 .text.spin_unlock
                0x080062cc        0x8 build/printk.o
 .text.__spin_lock
                0x080062d4       0x20 build/printk.o
 .text.spin_lock
                0x080062f4       0x2a build/printk.o
 *fill*         0x0800631e        0x2 
 .text.tty_write
                0x08006320       0x28 build/printk.o
 .text.printk_service_init
                0x08006348       0x44 build/printk.o
                0x08006348                printk_service_init
 .text.printk   0x0800638c       0x7c build/printk.o
                0x0800638c                printk
 .text.ktime_get
                0x08006408        0xc build/time.o
                0x08006408                ktime_get
 .text.sys_tick_hander
                0x08006414       0x14 build/time.o
                0x08006414                sys_tick_hander
 .text.skip_atoi
                0x08006428       0x24 build/vsprintf.o
 .text.put_dec_full4
                0x0800644c       0x2e build/vsprintf.o
 *fill*         0x0800647a        0x2 
 .text.put_dec_helper4
                0x0800647c       0x20 build/vsprintf.o
 .text.put_dec  0x0800649c       0x90 build/vsprintf.o
 .text.get_flags
                0x0800652c       0x80 build/vsprintf.o
 .text.get_int  0x080065ac       0x2c build/vsprintf.o
 .text.get_number
                0x080065d8       0xbc build/vsprintf.o
 .text.get_sign
                0x08006694       0x38 build/vsprintf.o
 .text.utf16s_utf8nlen
                0x080066cc       0x66 build/vsprintf.o
 .text.utf16_to_utf32
                0x08006732       0x46 build/vsprintf.o
 .text.number   0x08006778       0x6c build/vsprintf.o
 .text.vsnprintf
                0x080067e4      0x388 build/vsprintf.o
                0x080067e4                vsnprintf
 .text.snprintf
                0x08006b6c       0x1c build/vsprintf.o
                0x08006b6c                snprintf
 .text.Reset_Handler
                0x08006b88       0x48 build/startup.o
                0x08006b88                Reset_Handler
 .text.Default_Handler
                0x08006bd0       0x10 build/startup.o
                0x08006bd0                DebugMon_Handler
                0x08006bd0                HardFault_Handler
                0x08006bd0                NMI_Handler
                0x08006bd0                UsageFault_Handler
                0x08006bd0                Default_Handler
                0x08006bd0                MemManage_Handler
                0x08006bd0                BusFault_Handler
 .text.startup  0x08006be0       0x14 /usr/lib/gcc/arm-none-eabi/13.2.1/../../../arm-none-eabi/lib/thumb/v7e-m+fp/hard/libc.a(libc_a-__call_atexit.o)
 *(.glue_7)
 .glue_7        0x08006bf4        0x0 linker stubs
 *(.glue_7t)
 .glue_7t       0x08006bf4        0x0 linker stubs
 *(.eh_frame)
 .eh_frame      0x08006bf4        0x0 /usr/lib/gcc/arm-none-eabi/13.2.1/thumb/v7e-m+fp/hard/crtbegin.o
 *(.init)
 .init          0x08006bf4        0x4 /usr/lib/gcc/arm-none-eabi/13.2.1/thumb/v7e-m+fp/hard/crti.o
                0x08006bf4                _init
 .init          0x08006bf8        0x8 /usr/lib/gcc/arm-none-eabi/13.2.1/thumb/v7e-m+fp/hard/crtn.o
 *(.fini)
 .fini          0x08006c00        0x4 /usr/lib/gcc/arm-none-eabi/13.2.1/thumb/v7e-m+fp/hard/crti.o
                0x08006c00                _fini
 .fini          0x08006c04        0x8 /usr/lib/gcc/arm-none-eabi/13.2.1/thumb/v7e-m+fp/hard/crtn.o
                0x08006c0c                        . = ALIGN (0x4)
                0x08006c0c                        _etext = .

.vfp11_veneer   0x08006c0c        0x0
 .vfp11_veneer  0x08006c0c        0x0 linker stubs

.v4_bx          0x08006c0c        0x0
 .v4_bx         0x08006c0c        0x0 linker stubs

.iplt           0x08006c0c        0x0
 .iplt          0x08006c0c        0x0 /usr/lib/gcc/arm-none-eabi/13.2.1/thumb/v7e-m+fp/hard/crtbegin.o

.init.text      0x08006c0c      0x2c4
 .init.text     0x08006c0c       0x80 build/stm32f4_tty0.o
                0x08006c0c                main_tty_dev_init
 .init.text     0x08006c8c       0x74 build/stm32f4_gpio.o
 .init.text     0x08006d00      0x190 build/w25qxx.o
 .init.text     0x08006e90       0x10 build/devfs.o
 .init.text     0x08006ea0       0x10 build/pipefs.o
 .init.text     0x08006eb0       0x10 build/ramfs.o
 .init.text     0x08006ec0       0x10 build/Preemptive.o

.rodata         0x08006ed0      0xea0
                0x08006ed0                        . = ALIGN (0x4)
 *(.rodata)
 .rodata        0x08006ed0        0x2 build/add_disk.o
 *(.rodata*)
 *fill*         0x08006ed2        0x2 
 .rodata.of_find_compatible_node.str1.4
                0x08006ed4      0xe0b build/stm32f4_tty0.o
                                  0xb (size before relaxing)
 .rodata.uart1_device_init_function_from_dtb.str1.4
                0x08007cdf       0x46 build/stm32f4_tty0.o
 .rodata.str1.4
                0x08007cdf       0x5f build/stm32f4_tty0.o
 .rodata.gpio_write.str1.4
                0x08007cdf       0x3a build/stm32f4_gpio.o
 .rodata.gpio_open.str1.4
                0x08007cdf       0x14 build/stm32f4_gpio.o
 .rodata.gpio_read.str1.4
                0x08007cdf       0x30 build/stm32f4_gpio.o
 .rodata.str1.4
                0x08007cdf       0x59 build/stm32f4_gpio.o
 .rodata.print_gpio_number.str1.4
                0x08007cdf       0x1f build/stm32f4_gpio.o
 .rodata.print_gpio_type.str1.4
                0x08007cdf       0x1a build/stm32f4_gpio.o
 .rodata.compat_ioctl.str1.4
                0x08007cdf       0x85 build/stm32f4_gpio.o
 *fill*         0x08007cdf        0x1 
 .rodata.suffix.0
                0x08007ce0        0x3 build/stm32f4_gpio.o
 *fill*         0x08007ce3        0x1 
 .rodata.prefix.1
                0x08007ce4       0x13 build/stm32f4_gpio.o
 *fill*         0x08007cf7        0x1 
 .rodata.suffix.2
                0x08007cf8        0x3 build/stm32f4_gpio.o
 *fill*         0x08007cfb        0x1 
 .rodata.prefix.3
                0x08007cfc       0x17 build/stm32f4_gpio.o
 *fill*         0x08007d13        0x1 
 .rodata.gpio_Types
                0x08007d14       0x2c build/stm32f4_gpio.o
 .rodata.gpio_pins
                0x08007d40       0x20 build/stm32f4_gpio.o
 .rodata.spi_dev_open.str1.4
                0x08007d60       0x10 build/stm32f4_spi.o
 .rodata.spi1_device_init.str1.4
                0x08007d60       0x57 build/stm32f4_spi.o
 .rodata.spi_unlocked_ioctl.str1.4
                0x08007d60        0xc build/stm32f4_spi.o
 .rodata.class_create.str1.4
                0x08007d60       0x20 build/driver.o
 .rodata.device_create.str1.4
                0x08007d60       0x2d build/driver.o
 .rodata.__register_disk.str1.4
                0x08007d60       0x26 build/driver.o
 .rodata.w25qxx_read_id.str1.4
                0x08007d60       0x4b build/w25qxx.o
 .rodata.w25qxx_release.str1.4
                0x08007d60       0x1e build/w25qxx.o
 .rodata.w25qxx_open.str1.4
                0x08007d60       0x1d build/w25qxx.o
 .rodata.set_cs_pin_high.str1.4
                0x08007d60       0x15 build/w25qxx.o
 .rodata.set_cs_pin_low.str1.4
                0x08007d60       0x15 build/w25qxx.o
 .rodata.cs_pin_init.str1.4
                0x08007d60       0x44 build/w25qxx.o
 .rodata.spi_write_enable.str1.4
                0x08007d60        0xd build/w25qxx.o
 .rodata.w25qxx_device_init.str1.4
                0x08007d60        0xb build/w25qxx.o
 .rodata.w25qxx_request.str1.4
                0x08007d60       0x3e build/w25qxx.o
 .rodata.new_w25qxx_dev.str1.4
                0x08007d60       0x10 build/w25qxx.o
 .rodata.str1.4
                0x08007d60       0x8a build/w25qxx.o
 .rodata.devfs_release.str1.4
                0x08007d60       0x12 build/devfs.o
 .rodata.devfs_open.str1.4
                0x08007d60       0x11 build/devfs.o
 .rodata.devfs_write.str1.4
                0x08007d60       0x12 build/devfs.o
 .rodata.devfs_read.str1.4
                0x08007d60       0x11 build/devfs.o
 .rodata.devfs_mount.str1.4
                0x08007d60        0x5 build/devfs.o
 .rodata.str1.4
                0x08007d60        0x6 build/devfs.o
 .rodata.pipefs_release.str1.4
                0x08007d60       0x13 build/pipefs.o
 .rodata.pipefs_mount.str1.4
                0x08007d60        0x5 build/pipefs.o
 .rodata.str1.4
                0x08007d60        0x7 build/pipefs.o
 .rodata.initramfs_release.str1.4
                0x08007d60       0x16 build/ramfs.o
 .rodata.initramfs_open.str1.4
                0x08007d60       0x15 build/ramfs.o
 .rodata.initramfs_write.str1.4
                0x08007d60       0x16 build/ramfs.o
 .rodata.initramfs_read.str1.4
                0x08007d60       0x15 build/ramfs.o
 .rodata.initramfs_mount.str1.4
                0x08007d60        0x5 build/ramfs.o
 .rodata.str1.4
                0x08007d60        0xa build/ramfs.o
 .rodata.__register_chrdev_region.str1.4
                0x08007d60       0xdb build/char_device.o
 .rodata.str1.4
                0x08007d60       0xb0 build/char_device.o
 .rodata.register_filesystem.str1.4
                0x08007d60       0x1a build/file_system_type.o
 .rodata.str1.4
                0x08007d60       0x40 build/file_system_type.o
 .rodata.str1.4
                0x08007d60       0x72 build/fs_dentry.o
 .rodata.str1.4
                0x08007d60       0x12 build/fs_file.o
 .rodata.str1.4
                0x08007d60       0x36 build/fs_inode.o
 .rodata.str1.4
                0x08007d60       0x1c build/fs_superblock.o
 .rodata.mount_root_fs.str1.4
                0x08007d60       0x1b build/mount.o
 .rodata.sys_mount.str1.4
                0x08007d60       0x17 build/mount.o
 .rodata.create_dentry.str1.4
                0x08007d60       0x19 build/vfs.o
 .rodata.print_read_only_message.str1.4
                0x08007d60       0x25 build/vfs.o
 .rodata.create_new_dentry.str1.4
                0x08007d60       0x41 build/vfs.o
 .rodata.filp_open.str1.4
                0x08007d60       0x49 build/vfs.o
 .rodata.root_fs_init.str1.4
                0x08007d60       0x5b build/vfs.o
 .rodata.moun_spiflash.str1.4
                0x08007d60       0x22 build/vfs.o
 .rodata.str1.4
                0x08007d60       0x42 build/vfs.o
 .rodata.add_mbr_son_disk.str1.4
                0x08007d60       0x1b build/add_disk.o
 .rodata.register_son_disk.str1.4
                0x08007d60       0x34 build/add_disk.o
 .rodata.__gendisk_alloc.str1.4
                0x08007d60        0x5 build/gendisk.o
 .rodata.mbr_partition_table_load.str1.4
                0x08007d60       0x34 build/partition.o
 .rodata.get_mbr_partition_start_address.str1.4
                0x08007d60       0x27 build/partition.o
 .rodata.printk_init.str1.4
                0x08007d60        0xd build/main.o
 .rodata.print_GCC_Message.str1.4
                0x08007d60       0x5f build/main.o
 .rodata.gpio_test.str1.4
                0x08007d60       0x4a build/main.o
 .rodata.Kernel_Init.str1.4
                0x08007d60       0x20 build/main.o
 .rodata.Kernel_Start.str1.4
                0x08007d60       0x25 build/main.o
 .rodata.default_task.str1.4
                0x08007d60       0x13 build/sched.o
 .rodata.scheduler_init.str1.4
                0x08007d60       0x3f build/sched.o
 .rodata.init_all_scheduler.str1.4
                0x08007d60       0x20 build/sched.o
 .rodata.sched_init.str1.4
                0x08007d60       0x14 build/sched.o
 .rodata.__new_task_create.str1.4
                0x08007d60       0x2c build/task.o
 .rodata.__default_Task_return_function.str1.4
                0x08007d60       0x15 build/task.o
 .rodata.task_run.str1.4
                0x08007d60        0xf build/task.o
 .rodata.register_task_pool.str1.4
                0x08007d60       0x3e build/task_pools.o
 .rodata.system_call.str1.4
                0x08007d60       0x1d build/systemcall.o
 .rodata.fdt_get_alias_namelen.str1.4
                0x08007d60        0x9 build/fdt_ro.o
 .rodata.str1.4
                0x08007d60        0xb build/Preemptive.o
 .rodata.str1.4
                0x08007d60       0xa7 build/_string.o
 .rodata.printk_service_init.str1.4
                0x08007d60       0x27 build/printk.o
 .rodata.printk.str1.4
                0x08007d60        0xf build/printk.o
 .rodata.vsnprintf.str1.4
                0x08007d60        0x9 build/vsprintf.o
 .rodata.digits.0
                0x08007d60       0x10 build/vsprintf.o
                0x08007e3c                        . = ALIGN (0x4)

.rel.dyn        0x08007d70        0x0
 .rel.iplt      0x08007d70        0x0 /usr/lib/gcc/arm-none-eabi/13.2.1/thumb/v7e-m+fp/hard/crtbegin.o

.ARM.extab
 *(.ARM.extab* .gnu.linkonce.armextab.*)

.ARM            0x08007d70        0x0
                0x08007d70                        __exidx_start = .
 *(.ARM.exidx*)
                0x08007d70                        __exidx_end = .

.preinit_array  0x08007d70        0x0
                0x08007d70                        PROVIDE (__preinit_array_start = .)
 *(.preinit_array*)
                0x08007d70                        PROVIDE (__preinit_array_end = .)

.init_array     0x08007d70        0x8
                0x08007d70                        PROVIDE (__init_array_start = .)
 *(SORT_BY_NAME(.init_array.*))
 .init_array.00000
                0x08007d70        0x4 /usr/lib/gcc/arm-none-eabi/13.2.1/../../../arm-none-eabi/lib/thumb/v7e-m+fp/hard/libc.a(libc_a-__call_atexit.o)
 *(.init_array*)
 .init_array    0x08007d74        0x4 /usr/lib/gcc/arm-none-eabi/13.2.1/thumb/v7e-m+fp/hard/crtbegin.o
                0x08007d78                        PROVIDE (__init_array_end = .)

.fini_array     0x08007d78        0x4
                0x08007d78                        PROVIDE (__fini_array_start = .)
 *(SORT_BY_NAME(.fini_array.*))
 *(.fini_array*)
 .fini_array    0x08007d78        0x4 /usr/lib/gcc/arm-none-eabi/13.2.1/thumb/v7e-m+fp/hard/crtbegin.o
                0x08007d7c                        PROVIDE (__fini_array_end = .)
                0x08007d7c                        _sidata = LOADADDR (.data)

.data           0x20000000      0x828 load address 0x08007d7c
                0x20000000                        . = ALIGN (0x4)
                0x20000000                        _sdata = .
 *(.data)
 *(.data*)
 .data.SystemCoreClock
                0x20000000        0x4 build/stm32f4_start_init.o
                0x20000000                SystemCoreClock
 .data.tty_fop  0x20000004       0x88 build/stm32f4_tty0.o
 .data.gpio_fops
                0x2000008c       0x88 build/stm32f4_gpio.o
 .data.spi_fops
                0x20000114       0x88 build/stm32f4_spi.o
 .data.w25qxx_ops
                0x2000019c       0x48 build/w25qxx.o
                0x2000019c                w25qxx_ops
 .data.fs_type  0x200001e4       0x24 build/devfs.o
 .data.devfs_inode_operation
                0x20000208       0x64 build/devfs.o
 *fill*         0x2000026c       0x14 
 .data.devfs_dentry_operation
                0x20000280       0x80 build/devfs.o
 .data.devfs_super_operation
                0x20000300       0x5c build/devfs.o
 .data.devfs_file_fops
                0x2000035c       0x88 build/devfs.o
 .data.fs_type  0x200003e4       0x24 build/pipefs.o
 .data.pipefs_inode_operation
                0x20000408       0x64 build/pipefs.o
 *fill*         0x2000046c       0x14 
 .data.pipefs_dentry_operation
                0x20000480       0x80 build/pipefs.o
 .data.pipefs_super_operation
                0x20000500       0x5c build/pipefs.o
 .data.pipefs_file_fops
                0x2000055c       0x88 build/pipefs.o
 .data.fs_type  0x200005e4       0x24 build/ramfs.o
 .data.initramfs_inode_operation
                0x20000608       0x64 build/ramfs.o
 *fill*         0x2000066c       0x14 
 .data.initramfs_dentry_operation
                0x20000680       0x80 build/ramfs.o
 .data.initramfs_super_operation
                0x20000700       0x5c build/ramfs.o
 .data.initramfs_file_fops
                0x2000075c       0x88 build/ramfs.o
 .data.blk_dev_major
                0x200007e4        0x1 build/gendisk.o
 .data.number   0x200007e5        0x1 build/gendisk.o
 *fill*         0x200007e6        0x2 
 .data.hapers   0x200007e8        0xc build/haper.o
                0x200007e8                hapers
 .data.Scheduler_Lock
                0x200007f4        0x1 build/ctrl.o
 *fill*         0x200007f5        0x3 
 .data.id_count
                0x200007f8        0x4 build/task.o
 .data.task_pool_list
                0x200007fc        0x8 build/task_pools.o
 .data.task_type
                0x20000804       0x14 build/Preemptive.o
 .data.task_op  0x20000818        0xc build/Preemptive.o
 .data.HZ       0x20000824        0x4 build/time.o
                0x20000824                HZ
                0x20000828                        . = ALIGN (0x4)
                0x20000828                        _edata = .

.tm_clone_table
                0x20000828        0x0 load address 0x080085a4
 .tm_clone_table
                0x20000828        0x0 /usr/lib/gcc/arm-none-eabi/13.2.1/thumb/v7e-m+fp/hard/crtbegin.o
 .tm_clone_table
                0x20000828        0x0 /usr/lib/gcc/arm-none-eabi/13.2.1/thumb/v7e-m+fp/hard/crtend.o

.igot.plt       0x20000828        0x0 load address 0x080085a4
 .igot.plt      0x20000828        0x0 /usr/lib/gcc/arm-none-eabi/13.2.1/thumb/v7e-m+fp/hard/crtbegin.o

.init           0x080085a4       0x2c
                0x080085a4                        __start_initcallearly = .
 *(.initcallearly)
                0x080085a4                        __end_initcallearly = .
                0x080085a4                        __start_pureinitcall = .
 *(.pureinitcall)
                0x080085a4                        __end_pureinitcall = .
                0x080085a4                        __start_coreinitcall = .
 *(.coreinitcall)
 .coreinitcall  0x080085a4        0x4 build/Preemptive.o
                0x080085a8                        __end_coreinitcall = .
                0x080085a8                        __start_core_initcall_sync = .
 *(.core_initcall_sync)
 .core_initcall_sync
                0x080085a8        0x4 build/sched.o
                0x080085ac                        __end_core_initcall_sync = .
                0x080085ac                        __start_postcoreinitcall = .
 *(.postcoreinitcall)
                0x080085ac                        __end_postcoreinitcall = .
                0x080085ac                        __start_postcore_initcall_sync = .
 *(.postcore_initcall_sync)
 .postcore_initcall_sync
                0x080085ac        0x4 build/sched.o
                0x080085b0                        __end_postcore_initcall_sync = .
                0x080085b0                        __start_archinitcall = .
 *(.archinitcall)
                0x080085b0                        __end_archinitcall = .
                0x080085b0                        __start_arch_initcall_sync = .
 *(.arch_initcall_sync)
                0x080085b0                        __end_arch_initcall_sync = .
                0x080085b0                        __start_subsysinitcall = .
 *(.subsysinitcall)
                0x080085b0                        __end_subsysinitcall = .
                0x080085b0                        __start_subsys_initcall_sync = .
 *(.subsys_initcall_sync)
                0x080085b0                        __end_subsys_initcall_sync = .
                0x080085b0                        __start_fsinitcall = .
 *(.fsinitcall)
 .fsinitcall    0x080085b0        0x4 build/devfs.o
 .fsinitcall    0x080085b4        0x4 build/pipefs.o
 .fsinitcall    0x080085b8        0x4 build/ramfs.o
                0x080085bc                        __end_fsinitcall = .
                0x080085bc                        __start_fs_initcall_sync = .
 *(.fs_initcall_sync)
                0x080085bc                        __end_fs_initcall_sync = .
                0x080085bc                        __start_rootfsinitcall = .
 *(.rootfsinitcall)
 .rootfsinitcall
                0x080085bc        0x4 build/vfs.o
                0x080085c0                        __end_rootfsinitcall = .
                0x080085c0                        device_initcall_start__ = .
                0x080085c0                        __start_deviceinitcall = .
 *(.deviceinitcall)
 .deviceinitcall
                0x080085c0        0x4 build/stm32f4_gpio.o
 .deviceinitcall
                0x080085c4        0x4 build/stm32f4_spi.o
                0x080085c8                        __end_deviceinitcall = .
                0x080085c8                        __start_device_initcall_sync = .
 *(.device_initcall_sync)
 .device_initcall_sync
                0x080085c8        0x4 build/w25qxx.o
 .device_initcall_sync
                0x080085cc        0x4 build/vfs.o
                0x080085d0                        __end_device_initcall_sync = .
                0x080085d0                        __start_lateinitcall = .
 *(.lateinitcall)
                0x080085d0                        __end_lateinitcall = .
                0x080085d0                        __start_late_initcall_sync = .
 *(.late_initcall_sync)
                0x080085d0                        __end_late_initcall_sync = .
                0x080085d0                        . = ALIGN (0x4)
                0x080085d0                        . = ALIGN (0x8)

.dtb            0x080085d0      0x2d0
                0x080085d0                        . = ALIGN (0x8)
                0x080085d0                        __dtb_file_start_address = .
 *(.dtb)
 .dtb           0x080085d0      0x2cb build/stm32f4-bord-out.dtb.o
                0x080085d0                _binary_build_out_stm32f4_bord_out_dtb_start
                0x0800889b                _binary_build_out_stm32f4_bord_out_dtb_end
                0x0800889b                        __dtb_file_end_address = .
                0x080088a0                        . = ALIGN (0x8)
 *fill*         0x0800889b        0x5 
                0x080088a0                        . = ALIGN (0x4)

.export_table   0x080088a0      0x288
                0x080088a0                        __export_table_start = .
 *(.export_table)
 .export_table  0x080088a0       0x78 build/char_device.o
 .export_table  0x08008918       0x24 build/file_system_type.o
 .export_table  0x0800893c       0x6c build/fs_dentry.o
 .export_table  0x080089a8       0x18 build/fs_file.o
 .export_table  0x080089c0       0x30 build/fs_inode.o
 .export_table  0x080089f0       0x18 build/fs_superblock.o
 .export_table  0x08008a08       0x3c build/vfs.o
 .export_table  0x08008a44       0xe4 build/_string.o
                0x08008b28                        __export_table_end = .
                0x08008b28                        . = ALIGN (0x4)

.bss            0x20000828    0x1e6f0
                0x20000828                        _sbss = .
                0x20000828                        __bss_start__ = _sbss
 *(.bss)
 .bss           0x20000828       0x1c /usr/lib/gcc/arm-none-eabi/13.2.1/thumb/v7e-m+fp/hard/crtbegin.o
 .bss           0x20000844        0x4 /usr/lib/gcc/arm-none-eabi/13.2.1/../../../arm-none-eabi/lib/thumb/v7e-m+fp/hard/libc.a(libc_a-__call_atexit.o)
                0x20000844                __atexit
 .bss           0x20000848      0x190 /usr/lib/gcc/arm-none-eabi/13.2.1/../../../arm-none-eabi/lib/thumb/v7e-m+fp/hard/libc.a(libc_a-__atexit.o)
                0x20000848                __atexit0
 *(.bss*)
 .bss.node.0    0x200009d8        0x8 build/stm32f4_tty0.o
 .bss.node.1    0x200009e0        0x8 build/stm32f4_tty0.o
 .bss.major     0x200009e8        0x4 build/stm32f4_tty0.o
                0x200009e8                major
 .bss.w25qxx_lock
                0x200009ec       0x10 build/w25qxx.o
 .bss.w25qxx_queue
                0x200009fc        0x4 build/w25qxx.o
 .bss.w25qxx_disk
                0x20000a00        0x4 build/w25qxx.o
 .bss.w25qxx_buffer
                0x20000a04        0x4 build/w25qxx.o
 .bss.w25qxx1_dev
                0x20000a08        0x4 build/w25qxx.o
 .bss.chrdevs   0x20000a0c      0x1fc build/char_device.o
 .bss.fs_t      0x20000c08        0x4 build/file_system_type.o
                0x20000c08                fs_t
 .bss.superblock_list
                0x20000c0c        0x8 build/mount.o
                0x20000c0c                superblock_list
 .bss.root_dentry
                0x20000c14        0x4 build/vfs.o
                0x20000c14                root_dentry
 .bss.fs_bio_set
                0x20000c18       0x6c build/bio.o
                0x20000c18                fs_bio_set
 .bss.expand_memory_haper2
                0x20000c84       0x20 build/haper.o
 .bss.expand_memory_haper
                0x20000ca4       0x20 build/haper.o
 .bss.memory_haper
                0x20000cc4       0x20 build/haper.o
 .bss.haper_data
                0x20000ce4    0x1e000 build/haper.o
 .bss.Scheduler_Lock1
                0x2001ece4        0x1 build/ctrl.o
 *fill*         0x2001ece5        0x3 
 .bss.k_scheduler
                0x2001ece8       0x14 build/sched.o
 .bss.time      0x2001ecfc        0x4 build/Preemptive.o
 .bss.printk_buf
                0x2001ed00      0x200 build/printk.o
 .bss.printk_spinlock
                0x2001ef00       0x10 build/printk.o
                0x2001ef00                printk_spinlock
 .bss.tty_device
                0x2001ef10        0x4 build/printk.o
                0x2001ef10                tty_device
 .bss.time      0x2001ef14        0x4 build/time.o
 *(COMMON)
                0x2001ef18                        . = ALIGN (0x4)
                0x2001ef18                        _ebss = .
                0x2001ef18                        __bss_end__ = _ebss
OUTPUT(build/out/arm_m-stm32f4-image.elf elf32-littlearm)
LOAD linker stubs

.ARM.attributes
                0x00000000       0x30
 .ARM.attributes
                0x00000000       0x22 /usr/lib/gcc/arm-none-eabi/13.2.1/thumb/v7e-m+fp/hard/crti.o
 .ARM.attributes
                0x00000022       0x34 /usr/lib/gcc/arm-none-eabi/13.2.1/thumb/v7e-m+fp/hard/crtbegin.o
 .ARM.attributes
                0x00000056       0x34 build/string.o
 .ARM.attributes
                0x0000008a       0x34 build/csched-mcpu=cortex-m4.o
 .ARM.attributes
                0x000000be       0x34 build/syscall-mcpu=cortex-m4.o
 .ARM.attributes
                0x000000f2       0x34 build/stm32f4_start_init.o
 .ARM.attributes
                0x00000126       0x34 build/stm32f4_tty0.o
 .ARM.attributes
                0x0000015a       0x34 build/stm32f4_gpio.o
 .ARM.attributes
                0x0000018e       0x34 build/stm32f4_spi.o
 .ARM.attributes
                0x000001c2       0x34 build/stm32f4_tick.o
 .ARM.attributes
                0x000001f6       0x34 build/driver.o
 .ARM.attributes
                0x0000022a       0x34 build/w25qxx.o
 .ARM.attributes
                0x0000025e       0x34 build/devfs.o
 .ARM.attributes
                0x00000292       0x34 build/pipefs.o
 .ARM.attributes
                0x000002c6       0x34 build/ramfs.o
 .ARM.attributes
                0x000002fa       0x34 build/char_device.o
 .ARM.attributes
                0x0000032e       0x34 build/file_system_type.o
 .ARM.attributes
                0x00000362       0x34 build/fs_dentry.o
 .ARM.attributes
                0x00000396       0x34 build/fs_file.o
 .ARM.attributes
                0x000003ca       0x34 build/fs_inode.o
 .ARM.attributes
                0x000003fe       0x34 build/fs_superblock.o
 .ARM.attributes
                0x00000432       0x34 build/mount.o
 .ARM.attributes
                0x00000466       0x34 build/vfs.o
 .ARM.attributes
                0x0000049a       0x34 build/add_disk.o
 .ARM.attributes
                0x000004ce       0x34 build/bio.o
 .ARM.attributes
                0x00000502       0x34 build/gendisk.o
 .ARM.attributes
                0x00000536       0x34 build/partition.o
 .ARM.attributes
                0x0000056a       0x34 build/request.o
 .ARM.attributes
                0x0000059e       0x34 build/request_queue.o
 .ARM.attributes
                0x000005d2       0x34 build/main.o
 .ARM.attributes
                0x00000606       0x34 build/haper.o
 .ARM.attributes
                0x0000063a       0x34 build/ctrl.o
 .ARM.attributes
                0x0000066e       0x34 build/sched.o
 .ARM.attributes
                0x000006a2       0x34 build/task.o
 .ARM.attributes
                0x000006d6       0x34 build/task_pools.o
 .ARM.attributes
                0x0000070a       0x34 build/systemcall.o
 .ARM.attributes
                0x0000073e       0x34 build/irq.o
 .ARM.attributes
                0x00000772       0x34 build/fdt.o
 .ARM.attributes
                0x000007a6       0x34 build/fdt_ro.o
 .ARM.attributes
                0x000007da       0x34 build/Preemptive.o
 .ARM.attributes
                0x0000080e       0x34 build/_string.o
 .ARM.attributes
                0x00000842       0x34 build/ompiler.o
 .ARM.attributes
                0x00000876       0x34 build/printk.o
 .ARM.attributes
                0x000008aa       0x34 build/time.o
 .ARM.attributes
                0x000008de       0x34 build/vsprintf.o
 .ARM.attributes
                0x00000912       0x21 build/startup.o
 .ARM.attributes
                0x00000933       0x21 build/ssched-mcpu=cortex-m4.o
 .ARM.attributes
                0x00000954       0x34 /usr/lib/gcc/arm-none-eabi/13.2.1/../../../arm-none-eabi/lib/thumb/v7e-m+fp/hard/libc.a(libc_a-atexit.o)
 .ARM.attributes
                0x00000988       0x34 /usr/lib/gcc/arm-none-eabi/13.2.1/../../../arm-none-eabi/lib/thumb/v7e-m+fp/hard/libc.a(libc_a-fini.o)
 .ARM.attributes
                0x000009bc       0x34 /usr/lib/gcc/arm-none-eabi/13.2.1/../../../arm-none-eabi/lib/thumb/v7e-m+fp/hard/libc.a(libc_a-__call_atexit.o)
 .ARM.attributes
                0x000009f0       0x34 /usr/lib/gcc/arm-none-eabi/13.2.1/../../../arm-none-eabi/lib/thumb/v7e-m+fp/hard/libc.a(libc_a-__atexit.o)
 .ARM.attributes
                0x00000a24       0x34 /usr/lib/gcc/arm-none-eabi/13.2.1/thumb/v7e-m+fp/hard/crtend.o
 .ARM.attributes
                0x00000a58       0x22 /usr/lib/gcc/arm-none-eabi/13.2.1/thumb/v7e-m+fp/hard/crtn.o

.comment        0x00000000       0x26
 .comment       0x00000000       0x26 /usr/lib/gcc/arm-none-eabi/13.2.1/thumb/v7e-m+fp/hard/crtbegin.o
                                 0x27 (size before relaxing)
 .comment       0x00000026       0x27 build/string.o
 .comment       0x00000026       0x27 build/csched-mcpu=cortex-m4.o
 .comment       0x00000026       0x27 build/syscall-mcpu=cortex-m4.o
 .comment       0x00000026       0x27 build/stm32f4_start_init.o
 .comment       0x00000026       0x27 build/stm32f4_tty0.o
 .comment       0x00000026       0x27 build/stm32f4_gpio.o
 .comment       0x00000026       0x27 build/stm32f4_spi.o
 .comment       0x00000026       0x27 build/stm32f4_tick.o
 .comment       0x00000026       0x27 build/driver.o
 .comment       0x00000026       0x27 build/w25qxx.o
 .comment       0x00000026       0x27 build/devfs.o
 .comment       0x00000026       0x27 build/pipefs.o
 .comment       0x00000026       0x27 build/ramfs.o
 .comment       0x00000026       0x27 build/char_device.o
 .comment       0x00000026       0x27 build/file_system_type.o
 .comment       0x00000026       0x27 build/fs_dentry.o
 .comment       0x00000026       0x27 build/fs_file.o
 .comment       0x00000026       0x27 build/fs_inode.o
 .comment       0x00000026       0x27 build/fs_superblock.o
 .comment       0x00000026       0x27 build/mount.o
 .comment       0x00000026       0x27 build/vfs.o
 .comment       0x00000026       0x27 build/add_disk.o
 .comment       0x00000026       0x27 build/bio.o
 .comment       0x00000026       0x27 build/gendisk.o
 .comment       0x00000026       0x27 build/partition.o
 .comment       0x00000026       0x27 build/request.o
 .comment       0x00000026       0x27 build/request_queue.o
 .comment       0x00000026       0x27 build/main.o
 .comment       0x00000026       0x27 build/haper.o
 .comment       0x00000026       0x27 build/ctrl.o
 .comment       0x00000026       0x27 build/sched.o
 .comment       0x00000026       0x27 build/task.o
 .comment       0x00000026       0x27 build/task_pools.o
 .comment       0x00000026       0x27 build/systemcall.o
 .comment       0x00000026       0x27 build/irq.o
 .comment       0x00000026       0x27 build/fdt.o
 .comment       0x00000026       0x27 build/fdt_ro.o
 .comment       0x00000026       0x27 build/Preemptive.o
 .comment       0x00000026       0x27 build/_string.o
 .comment       0x00000026       0x27 build/ompiler.o
 .comment       0x00000026       0x27 build/printk.o
 .comment       0x00000026       0x27 build/time.o
 .comment       0x00000026       0x27 build/vsprintf.o
 .comment       0x00000026       0x27 /usr/lib/gcc/arm-none-eabi/13.2.1/../../../arm-none-eabi/lib/thumb/v7e-m+fp/hard/libc.a(libc_a-atexit.o)
 .comment       0x00000026       0x27 /usr/lib/gcc/arm-none-eabi/13.2.1/../../../arm-none-eabi/lib/thumb/v7e-m+fp/hard/libc.a(libc_a-fini.o)
 .comment       0x00000026       0x27 /usr/lib/gcc/arm-none-eabi/13.2.1/../../../arm-none-eabi/lib/thumb/v7e-m+fp/hard/libc.a(libc_a-__call_atexit.o)
 .comment       0x00000026       0x27 /usr/lib/gcc/arm-none-eabi/13.2.1/../../../arm-none-eabi/lib/thumb/v7e-m+fp/hard/libc.a(libc_a-__atexit.o)
 .comment       0x00000026       0x27 /usr/lib/gcc/arm-none-eabi/13.2.1/thumb/v7e-m+fp/hard/crtend.o

.debug_info     0x00000000    0x8ff7f
 .debug_info    0x00000000      0x52b build/string.o
 .debug_info    0x0000052b      0x3d0 build/csched-mcpu=cortex-m4.o
 .debug_info    0x000008fb      0x2f7 build/syscall-mcpu=cortex-m4.o
 .debug_info    0x00000bf2      0x334 build/stm32f4_start_init.o
 .debug_info    0x00000f26     0x531a build/stm32f4_tty0.o
 .debug_info    0x00006240     0x58c2 build/stm32f4_gpio.o
 .debug_info    0x0000bb02     0x4d8a build/stm32f4_spi.o
 .debug_info    0x0001088c      0x35d build/stm32f4_tick.o
 .debug_info    0x00010be9     0x4eac build/driver.o
 .debug_info    0x00015a95     0x6864 build/w25qxx.o
 .debug_info    0x0001c2f9     0x77f6 build/devfs.o
 .debug_info    0x00023aef     0x78e6 build/pipefs.o
 .debug_info    0x0002b3d5     0x76e0 build/ramfs.o
 .debug_info    0x00032ab5     0x57e8 build/char_device.o
 .debug_info    0x0003829d     0x4a53 build/file_system_type.o
 .debug_info    0x0003ccf0     0x5727 build/fs_dentry.o
 .debug_info    0x00042417     0x4ecb build/fs_file.o
 .debug_info    0x000472e2     0x4f1e build/fs_inode.o
 .debug_info    0x0004c200     0x4a7d build/fs_superblock.o
 .debug_info    0x00050c7d     0x528c build/mount.o
 .debug_info    0x00055f09     0x5a6e build/vfs.o
 .debug_info    0x0005b977     0x4fc9 build/add_disk.o
 .debug_info    0x00060940     0x585c build/bio.o
 .debug_info    0x0006619c     0x4990 build/gendisk.o
 .debug_info    0x0006ab2c     0x6090 build/partition.o
 .debug_info    0x00070bbc     0x4a8a build/request.o
 .debug_info    0x00075646     0x5679 build/request_queue.o
 .debug_info    0x0007acbf     0x5618 build/main.o
 .debug_info    0x000802d7     0x1867 build/haper.o
 .debug_info    0x00081b3e      0x6c8 build/ctrl.o
 .debug_info    0x00082206      0xc53 build/sched.o
 .debug_info    0x00082e59      0xc13 build/task.o
 .debug_info    0x00083a6c      0x9ca build/task_pools.o
 .debug_info    0x00084436      0x1b3 build/systemcall.o
 .debug_info    0x000845e9       0x5a build/irq.o
 .debug_info    0x00084643     0x102d build/fdt.o
 .debug_info    0x00085670     0x2e9e build/fdt_ro.o
 .debug_info    0x0008850e      0xa4d build/Preemptive.o
 .debug_info    0x00088f5b      0xd6b build/_string.o
 .debug_info    0x00089cc6      0x13f build/ompiler.o
 .debug_info    0x00089e05     0x4fa1 build/printk.o
 .debug_info    0x0008eda6      0x105 build/time.o
 .debug_info    0x0008eeab      0x9e8 build/vsprintf.o
 .debug_info    0x0008f893       0x30 build/startup.o
 .debug_info    0x0008f8c3       0x26 build/ssched-mcpu=cortex-m4.o
 .debug_info    0x0008f8e9      0x11e /usr/lib/gcc/arm-none-eabi/13.2.1/../../../arm-none-eabi/lib/thumb/v7e-m+fp/hard/libc.a(libc_a-atexit.o)
 .debug_info    0x0008fa07       0xf7 /usr/lib/gcc/arm-none-eabi/13.2.1/../../../arm-none-eabi/lib/thumb/v7e-m+fp/hard/libc.a(libc_a-fini.o)
 .debug_info    0x0008fafe      0x284 /usr/lib/gcc/arm-none-eabi/13.2.1/../../../arm-none-eabi/lib/thumb/v7e-m+fp/hard/libc.a(libc_a-__call_atexit.o)
 .debug_info    0x0008fd82      0x1fd /usr/lib/gcc/arm-none-eabi/13.2.1/../../../arm-none-eabi/lib/thumb/v7e-m+fp/hard/libc.a(libc_a-__atexit.o)

.debug_abbrev   0x00000000     0xb35c
 .debug_abbrev  0x00000000      0x12e build/string.o
 .debug_abbrev  0x0000012e      0x16e build/csched-mcpu=cortex-m4.o
 .debug_abbrev  0x0000029c      0x150 build/syscall-mcpu=cortex-m4.o
 .debug_abbrev  0x000003ec       0xc1 build/stm32f4_start_init.o
 .debug_abbrev  0x000004ad      0x57f build/stm32f4_tty0.o
 .debug_abbrev  0x00000a2c      0x5ed build/stm32f4_gpio.o
 .debug_abbrev  0x00001019      0x505 build/stm32f4_spi.o
 .debug_abbrev  0x0000151e      0x13e build/stm32f4_tick.o
 .debug_abbrev  0x0000165c      0x455 build/driver.o
 .debug_abbrev  0x00001ab1      0x6c1 build/w25qxx.o
 .debug_abbrev  0x00002172      0x79e build/devfs.o
 .debug_abbrev  0x00002910      0x789 build/pipefs.o
 .debug_abbrev  0x00003099      0x751 build/ramfs.o
 .debug_abbrev  0x000037ea      0x6ae build/char_device.o
 .debug_abbrev  0x00003e98      0x3c9 build/file_system_type.o
 .debug_abbrev  0x00004261      0x5f1 build/fs_dentry.o
 .debug_abbrev  0x00004852      0x4fa build/fs_file.o
 .debug_abbrev  0x00004d4c      0x5b1 build/fs_inode.o
 .debug_abbrev  0x000052fd      0x486 build/fs_superblock.o
 .debug_abbrev  0x00005783      0x51c build/mount.o
 .debug_abbrev  0x00005c9f      0x57f build/vfs.o
 .debug_abbrev  0x0000621e      0x4a9 build/add_disk.o
 .debug_abbrev  0x000066c7      0x6ad build/bio.o
 .debug_abbrev  0x00006d74      0x438 build/gendisk.o
 .debug_abbrev  0x000071ac      0x640 build/partition.o
 .debug_abbrev  0x000077ec      0x4f8 build/request.o
 .debug_abbrev  0x00007ce4      0x5b9 build/request_queue.o
 .debug_abbrev  0x0000829d      0x4e4 build/main.o
 .debug_abbrev  0x00008781      0x3e1 build/haper.o
 .debug_abbrev  0x00008b62      0x25b build/ctrl.o
 .debug_abbrev  0x00008dbd      0x3a6 build/sched.o
 .debug_abbrev  0x00009163      0x32b build/task.o
 .debug_abbrev  0x0000948e      0x2f0 build/task_pools.o
 .debug_abbrev  0x0000977e       0xe7 build/systemcall.o
 .debug_abbrev  0x00009865       0x4e build/irq.o
 .debug_abbrev  0x000098b3      0x325 build/fdt.o
 .debug_abbrev  0x00009bd8      0x393 build/fdt_ro.o
 .debug_abbrev  0x00009f6b      0x300 build/Preemptive.o
 .debug_abbrev  0x0000a26b      0x28e build/_string.o
 .debug_abbrev  0x0000a4f9       0xcf build/ompiler.o
 .debug_abbrev  0x0000a5c8      0x51f build/printk.o
 .debug_abbrev  0x0000aae7       0xc2 build/time.o
 .debug_abbrev  0x0000aba9      0x2c1 build/vsprintf.o
 .debug_abbrev  0x0000ae6a       0x1d build/startup.o
 .debug_abbrev  0x0000ae87       0x14 build/ssched-mcpu=cortex-m4.o
 .debug_abbrev  0x0000ae9b       0xc1 /usr/lib/gcc/arm-none-eabi/13.2.1/../../../arm-none-eabi/lib/thumb/v7e-m+fp/hard/libc.a(libc_a-atexit.o)
 .debug_abbrev  0x0000af5c       0xcc /usr/lib/gcc/arm-none-eabi/13.2.1/../../../arm-none-eabi/lib/thumb/v7e-m+fp/hard/libc.a(libc_a-fini.o)
 .debug_abbrev  0x0000b028      0x1dd /usr/lib/gcc/arm-none-eabi/13.2.1/../../../arm-none-eabi/lib/thumb/v7e-m+fp/hard/libc.a(libc_a-__call_atexit.o)
 .debug_abbrev  0x0000b205      0x157 /usr/lib/gcc/arm-none-eabi/13.2.1/../../../arm-none-eabi/lib/thumb/v7e-m+fp/hard/libc.a(libc_a-__atexit.o)

.debug_loc      0x00000000    0x1c37c
 .debug_loc     0x00000000      0x98e build/string.o
 .debug_loc     0x0000098e       0x5f build/csched-mcpu=cortex-m4.o
 .debug_loc     0x000009ed      0x1d9 build/syscall-mcpu=cortex-m4.o
 .debug_loc     0x00000bc6      0x977 build/stm32f4_tty0.o
 .debug_loc     0x0000153d     0x1098 build/stm32f4_gpio.o
 .debug_loc     0x000025d5      0x5ff build/stm32f4_spi.o
 .debug_loc     0x00002bd4       0x43 build/stm32f4_tick.o
 .debug_loc     0x00002c17      0x458 build/driver.o
 .debug_loc     0x0000306f     0x15e2 build/w25qxx.o
 .debug_loc     0x00004651     0x254d build/devfs.o
 .debug_loc     0x00006b9e     0x24fa build/pipefs.o
 .debug_loc     0x00009098     0x234b build/ramfs.o
 .debug_loc     0x0000b3e3      0xfce build/char_device.o
 .debug_loc     0x0000c3b1      0x187 build/file_system_type.o
 .debug_loc     0x0000c538      0x89d build/fs_dentry.o
 .debug_loc     0x0000cdd5      0x251 build/fs_file.o
 .debug_loc     0x0000d026      0x350 build/fs_inode.o
 .debug_loc     0x0000d376      0x159 build/fs_superblock.o
 .debug_loc     0x0000d4cf      0x5a4 build/mount.o
 .debug_loc     0x0000da73     0x125b build/vfs.o
 .debug_loc     0x0000ecce      0x39f build/add_disk.o
 .debug_loc     0x0000f06d      0x8e5 build/bio.o
 .debug_loc     0x0000f952      0x1b6 build/gendisk.o
 .debug_loc     0x0000fb08     0x1817 build/partition.o
 .debug_loc     0x0001131f      0x194 build/request.o
 .debug_loc     0x000114b3      0x87c build/request_queue.o
 .debug_loc     0x00011d2f      0x7c8 build/main.o
 .debug_loc     0x000124f7     0x14f9 build/haper.o
 .debug_loc     0x000139f0      0x283 build/ctrl.o
 .debug_loc     0x00013c73      0x3db build/sched.o
 .debug_loc     0x0001404e      0x5f4 build/task.o
 .debug_loc     0x00014642      0x331 build/task_pools.o
 .debug_loc     0x00014973      0x25d build/systemcall.o
 .debug_loc     0x00014bd0     0x1a27 build/fdt.o
 .debug_loc     0x000165f7     0x35a7 build/fdt_ro.o
 .debug_loc     0x00019b9e      0x433 build/Preemptive.o
 .debug_loc     0x00019fd1      0xd30 build/_string.o
 .debug_loc     0x0001ad01      0x369 build/printk.o
 .debug_loc     0x0001b06a       0x20 build/time.o
 .debug_loc     0x0001b08a     0x12f2 build/vsprintf.o

.debug_aranges  0x00000000     0x1610
 .debug_aranges
                0x00000000       0x68 build/string.o
 .debug_aranges
                0x00000068       0x28 build/csched-mcpu=cortex-m4.o
 .debug_aranges
                0x00000090       0x30 build/syscall-mcpu=cortex-m4.o
 .debug_aranges
                0x000000c0       0x20 build/stm32f4_start_init.o
 .debug_aranges
                0x000000e0       0x78 build/stm32f4_tty0.o
 .debug_aranges
                0x00000158       0xa8 build/stm32f4_gpio.o
 .debug_aranges
                0x00000200       0x58 build/stm32f4_spi.o
 .debug_aranges
                0x00000258       0x28 build/stm32f4_tick.o
 .debug_aranges
                0x00000280       0x30 build/driver.o
 .debug_aranges
                0x000002b0       0xf8 build/w25qxx.o
 .debug_aranges
                0x000003a8      0x168 build/devfs.o
 .debug_aranges
                0x00000510      0x160 build/pipefs.o
 .debug_aranges
                0x00000670      0x150 build/ramfs.o
 .debug_aranges
                0x000007c0       0x98 build/char_device.o
 .debug_aranges
                0x00000858       0x30 build/file_system_type.o
 .debug_aranges
                0x00000888       0xa0 build/fs_dentry.o
 .debug_aranges
                0x00000928       0x58 build/fs_file.o
 .debug_aranges
                0x00000980       0x38 build/fs_inode.o
 .debug_aranges
                0x000009b8       0x28 build/fs_superblock.o
 .debug_aranges
                0x000009e0       0x50 build/mount.o
 .debug_aranges
                0x00000a30       0xb8 build/vfs.o
 .debug_aranges
                0x00000ae8       0x40 build/add_disk.o
 .debug_aranges
                0x00000b28       0x70 build/bio.o
 .debug_aranges
                0x00000b98       0x28 build/gendisk.o
 .debug_aranges
                0x00000bc0       0xb0 build/partition.o
 .debug_aranges
                0x00000c70       0x28 build/request.o
 .debug_aranges
                0x00000c98       0x80 build/request_queue.o
 .debug_aranges
                0x00000d18       0xe0 build/main.o
 .debug_aranges
                0x00000df8      0x148 build/haper.o
 .debug_aranges
                0x00000f40       0x70 build/ctrl.o
 .debug_aranges
                0x00000fb0       0x68 build/sched.o
 .debug_aranges
                0x00001018       0x48 build/task.o
 .debug_aranges
                0x00001060       0x30 build/task_pools.o
 .debug_aranges
                0x00001090       0x20 build/systemcall.o
 .debug_aranges
                0x000010b0       0x20 build/irq.o
 .debug_aranges
                0x000010d0       0x90 build/fdt.o
 .debug_aranges
                0x00001160      0x180 build/fdt_ro.o
 .debug_aranges
                0x000012e0       0x50 build/Preemptive.o
 .debug_aranges
                0x00001330       0xc0 build/_string.o
 .debug_aranges
                0x000013f0       0x38 build/ompiler.o
 .debug_aranges
                0x00001428       0x70 build/printk.o
 .debug_aranges
                0x00001498       0x28 build/time.o
 .debug_aranges
                0x000014c0       0x80 build/vsprintf.o
 .debug_aranges
                0x00001540       0x28 build/startup.o
 .debug_aranges
                0x00001568       0x20 build/ssched-mcpu=cortex-m4.o
 .debug_aranges
                0x00001588       0x20 /usr/lib/gcc/arm-none-eabi/13.2.1/../../../arm-none-eabi/lib/thumb/v7e-m+fp/hard/libc.a(libc_a-atexit.o)
 .debug_aranges
                0x000015a8       0x20 /usr/lib/gcc/arm-none-eabi/13.2.1/../../../arm-none-eabi/lib/thumb/v7e-m+fp/hard/libc.a(libc_a-fini.o)
 .debug_aranges
                0x000015c8       0x28 /usr/lib/gcc/arm-none-eabi/13.2.1/../../../arm-none-eabi/lib/thumb/v7e-m+fp/hard/libc.a(libc_a-__call_atexit.o)
 .debug_aranges
                0x000015f0       0x20 /usr/lib/gcc/arm-none-eabi/13.2.1/../../../arm-none-eabi/lib/thumb/v7e-m+fp/hard/libc.a(libc_a-__atexit.o)

.debug_ranges   0x00000000     0x15c8
 .debug_ranges  0x00000000       0x58 build/string.o
 .debug_ranges  0x00000058       0x18 build/csched-mcpu=cortex-m4.o
 .debug_ranges  0x00000070       0x20 build/syscall-mcpu=cortex-m4.o
 .debug_ranges  0x00000090       0x10 build/stm32f4_start_init.o
 .debug_ranges  0x000000a0       0x80 build/stm32f4_tty0.o
 .debug_ranges  0x00000120       0xb0 build/stm32f4_gpio.o