Archive member included to satisfy reference by file (symbol)

/usr/lib/gcc/arm-none-eabi/13.2.1/../../../arm-none-eabi/lib/thumb/v8-m.main+fp/hard/libc.a(libc_a-strtoul.o)
                              /mnt/c/Users/31740/Documents/codes/newcore-rp2350/build/fdt_overlay.o (strtoul)
/usr/lib/gcc/arm-none-eabi/13.2.1/../../../arm-none-eabi/lib/thumb/v8-m.main+fp/hard/libc.a(libc_a-impure.o)
                              /usr/lib/gcc/arm-none-eabi/13.2.1/../../../arm-none-eabi/lib/thumb/v8-m.main+fp/hard/libc.a(libc_a-strtoul.o) (_impure_ptr)
/usr/lib/gcc/arm-none-eabi/13.2.1/../../../arm-none-eabi/lib/thumb/v8-m.main+fp/hard/libc.a(libc_a-putc.o)
                              /mnt/c/Users/31740/Documents/codes/newcore-rp2350/build/misc.o (putc)
/usr/lib/gcc/arm-none-eabi/13.2.1/../../../arm-none-eabi/lib/thumb/v8-m.main+fp/hard/libc.a(libc_a-init.o)
                              /usr/lib/gcc/arm-none-eabi/13.2.1/../../../arm-none-eabi/lib/thumb/v8-m.main+fp/hard/crt0.o (__libc_init_array)
/usr/lib/gcc/arm-none-eabi/13.2.1/../../../arm-none-eabi/lib/thumb/v8-m.main+fp/hard/libc.a(libc_a-wbuf.o)
                              /usr/lib/gcc/arm-none-eabi/13.2.1/../../../arm-none-eabi/lib/thumb/v8-m.main+fp/hard/libc.a(libc_a-putc.o) (__swbuf_r)
/usr/lib/gcc/arm-none-eabi/13.2.1/../../../arm-none-eabi/lib/thumb/v8-m.main+fp/hard/libc.a(libc_a-findfp.o)
                              /usr/lib/gcc/arm-none-eabi/13.2.1/../../../arm-none-eabi/lib/thumb/v8-m.main+fp/hard/libc.a(libc_a-putc.o) (__sinit)
/usr/lib/gcc/arm-none-eabi/13.2.1/../../../arm-none-eabi/lib/thumb/v8-m.main+fp/hard/libc.a(libc_a-ctype_.o)
                              /usr/lib/gcc/arm-none-eabi/13.2.1/../../../arm-none-eabi/lib/thumb/v8-m.main+fp/hard/libc.a(libc_a-strtoul.o) (_ctype_)
/usr/lib/gcc/arm-none-eabi/13.2.1/../../../arm-none-eabi/lib/thumb/v8-m.main+fp/hard/libc.a(libc_a-atexit.o)
                              /usr/lib/gcc/arm-none-eabi/13.2.1/../../../arm-none-eabi/lib/thumb/v8-m.main+fp/hard/crt0.o (atexit)
/usr/lib/gcc/arm-none-eabi/13.2.1/../../../arm-none-eabi/lib/thumb/v8-m.main+fp/hard/libc.a(libc_a-fini.o)
                              /usr/lib/gcc/arm-none-eabi/13.2.1/../../../arm-none-eabi/lib/thumb/v8-m.main+fp/hard/crt0.o (__libc_fini_array)
/usr/lib/gcc/arm-none-eabi/13.2.1/../../../arm-none-eabi/lib/thumb/v8-m.main+fp/hard/libc.a(libc_a-fwalk.o)
                              /usr/lib/gcc/arm-none-eabi/13.2.1/../../../arm-none-eabi/lib/thumb/v8-m.main+fp/hard/libc.a(libc_a-findfp.o) (_fwalk_sglue)
/usr/lib/gcc/arm-none-eabi/13.2.1/../../../arm-none-eabi/lib/thumb/v8-m.main+fp/hard/libc.a(libc_a-fflush.o)
                              /usr/lib/gcc/arm-none-eabi/13.2.1/../../../arm-none-eabi/lib/thumb/v8-m.main+fp/hard/libc.a(libc_a-wbuf.o) (_fflush_r)
/usr/lib/gcc/arm-none-eabi/13.2.1/../../../arm-none-eabi/lib/thumb/v8-m.main+fp/hard/libc.a(libc_a-mallocr.o)
                              /usr/lib/gcc/arm-none-eabi/13.2.1/../../../arm-none-eabi/lib/thumb/v8-m.main+fp/hard/libc.a(libc_a-findfp.o) (_malloc_r)
/usr/lib/gcc/arm-none-eabi/13.2.1/../../../arm-none-eabi/lib/thumb/v8-m.main+fp/hard/libc.a(libc_a-wsetup.o)
                              /usr/lib/gcc/arm-none-eabi/13.2.1/../../../arm-none-eabi/lib/thumb/v8-m.main+fp/hard/libc.a(libc_a-wbuf.o) (__swsetup_r)
/usr/lib/gcc/arm-none-eabi/13.2.1/../../../arm-none-eabi/lib/thumb/v8-m.main+fp/hard/libc.a(libc_a-freer.o)
                              /usr/lib/gcc/arm-none-eabi/13.2.1/../../../arm-none-eabi/lib/thumb/v8-m.main+fp/hard/libc.a(libc_a-fflush.o) (_free_r)
/usr/lib/gcc/arm-none-eabi/13.2.1/../../../arm-none-eabi/lib/thumb/v8-m.main+fp/hard/libc.a(libc_a-fclose.o)
                              /usr/lib/gcc/arm-none-eabi/13.2.1/../../../arm-none-eabi/lib/thumb/v8-m.main+fp/hard/libc.a(libc_a-findfp.o) (_fclose_r)
/usr/lib/gcc/arm-none-eabi/13.2.1/../../../arm-none-eabi/lib/thumb/v8-m.main+fp/hard/libc.a(libc_a-sysconf.o)
                              /usr/lib/gcc/arm-none-eabi/13.2.1/../../../arm-none-eabi/lib/thumb/v8-m.main+fp/hard/libc.a(libc_a-mallocr.o) (sysconf)
/usr/lib/gcc/arm-none-eabi/13.2.1/../../../arm-none-eabi/lib/thumb/v8-m.main+fp/hard/libc.a(libc_a-stdio.o)
                              /usr/lib/gcc/arm-none-eabi/13.2.1/../../../arm-none-eabi/lib/thumb/v8-m.main+fp/hard/libc.a(libc_a-findfp.o) (__sread)
/usr/lib/gcc/arm-none-eabi/13.2.1/../../../arm-none-eabi/lib/thumb/v8-m.main+fp/hard/libc.a(libc_a-__atexit.o)
                              /usr/lib/gcc/arm-none-eabi/13.2.1/../../../arm-none-eabi/lib/thumb/v8-m.main+fp/hard/libc.a(libc_a-atexit.o) (__register_exitproc)
/usr/lib/gcc/arm-none-eabi/13.2.1/../../../arm-none-eabi/lib/thumb/v8-m.main+fp/hard/libc.a(libc_a-writer.o)
                              /usr/lib/gcc/arm-none-eabi/13.2.1/../../../arm-none-eabi/lib/thumb/v8-m.main+fp/hard/libc.a(libc_a-stdio.o) (_write_r)
/usr/lib/gcc/arm-none-eabi/13.2.1/../../../arm-none-eabi/lib/thumb/v8-m.main+fp/hard/libc.a(libc_a-mlock.o)
[...]
Memory Configuration

Name             Origin             Length             Attributes
RAM              0x20008000         0x00078000         xrw
FLASH            0x10100000         0x00300000         xr
*default*        0x00000000         0xffffffff

Linker script and memory map

LOAD /usr/lib/gcc/arm-none-eabi/13.2.1/thumb/v8-m.main+fp/hard/crti.o
LOAD /usr/lib/gcc/arm-none-eabi/13.2.1/thumb/v8-m.main+fp/hard/crtbegin.o
LOAD /usr/lib/gcc/arm-none-eabi/13.2.1/../../../arm-none-eabi/lib/thumb/v8-m.main+fp/hard/crt0.o
LOAD /mnt/c/Users/31740/Documents/codes/newcore-rp2350/build/rp2350-bord-out.dtb.o
LOAD /mnt/c/Users/31740/Documents/codes/newcore-rp2350/build/decompress.o
LOAD /mnt/c/Users/31740/Documents/codes/newcore-rp2350/build/misc.o
LOAD /mnt/c/Users/31740/Documents/codes/newcore-rp2350/build/string.o
LOAD /mnt/c/Users/31740/Documents/codes/newcore-rp2350/build/cortexmirq.o
LOAD /mnt/c/Users/31740/Documents/codes/newcore-rp2350/build/csched.o
LOAD /mnt/c/Users/31740/Documents/codes/newcore-rp2350/build/syscall.o
LOAD /mnt/c/Users/31740/Documents/codes/newcore-rp2350/build/Default_handler.o
LOAD /mnt/c/Users/31740/Documents/codes/newcore-rp2350/build/err_process.o
LOAD /mnt/c/Users/31740/Documents/codes/newcore-rp2350/build/irq_flag.o
LOAD /mnt/c/Users/31740/Documents/codes/newcore-rp2350/build/m33_spinlock.o
LOAD /mnt/c/Users/31740/Documents/codes/newcore-rp2350/build/msp_init.o
LOAD /mnt/c/Users/31740/Documents/codes/newcore-rp2350/build/rp2350_init.o
LOAD /mnt/c/Users/31740/Documents/codes/newcore-rp2350/build/rp2350_tick.o
LOAD /mnt/c/Users/31740/Documents/codes/newcore-rp2350/build/rp2350_cpu.o
LOAD /mnt/c/Users/31740/Documents/codes/newcore-rp2350/build/timer.o
LOAD /mnt/c/Users/31740/Documents/codes/newcore-rp2350/build/driver.o
LOAD /mnt/c/Users/31740/Documents/codes/newcore-rp2350/build/port.o
LOAD /mnt/c/Users/31740/Documents/codes/newcore-rp2350/build/w25qxx.o
LOAD /mnt/c/Users/31740/Documents/codes/newcore-rp2350/build/devfs.o
LOAD /mnt/c/Users/31740/Documents/codes/newcore-rp2350/build/pipefs.o
LOAD /mnt/c/Users/31740/Documents/codes/newcore-rp2350/build/initramfs.o
LOAD /mnt/c/Users/31740/Documents/codes/newcore-rp2350/build/ext2_test.o
LOAD /mnt/c/Users/31740/Documents/codes/newcore-rp2350/build/sysfs.o
LOAD /mnt/c/Users/31740/Documents/codes/newcore-rp2350/build/char_device.o
LOAD /mnt/c/Users/31740/Documents/codes/newcore-rp2350/build/dcache.o
LOAD /mnt/c/Users/31740/Documents/codes/newcore-rp2350/build/file_system_type.o
LOAD /mnt/c/Users/31740/Documents/codes/newcore-rp2350/build/fs_file.o
LOAD /mnt/c/Users/31740/Documents/codes/newcore-rp2350/build/fs_inode.o
LOAD /mnt/c/Users/31740/Documents/codes/newcore-rp2350/build/fs_superblock.o
LOAD /mnt/c/Users/31740/Documents/codes/newcore-rp2350/build/mount.o
LOAD /mnt/c/Users/31740/Documents/codes/newcore-rp2350/build/vfs.o
LOAD /mnt/c/Users/31740/Documents/codes/newcore-rp2350/build/add_disk.o
LOAD /mnt/c/Users/31740/Documents/codes/newcore-rp2350/build/bio.o
LOAD /mnt/c/Users/31740/Documents/codes/newcore-rp2350/build/gendisk.o
LOAD /mnt/c/Users/31740/Documents/codes/newcore-rp2350/build/partition.o
LOAD /mnt/c/Users/31740/Documents/codes/newcore-rp2350/build/request.o
LOAD /mnt/c/Users/31740/Documents/codes/newcore-rp2350/build/request_queue.o
LOAD /mnt/c/Users/31740/Documents/codes/newcore-rp2350/build/main.o
LOAD /mnt/c/Users/31740/Documents/codes/newcore-rp2350/build/haper.o
LOAD /mnt/c/Users/31740/Documents/codes/newcore-rp2350/build/ctrl.o
LOAD /mnt/c/Users/31740/Documents/codes/newcore-rp2350/build/sched.o
LOAD /mnt/c/Users/31740/Documents/codes/newcore-rp2350/build/task.o
LOAD /mnt/c/Users/31740/Documents/codes/newcore-rp2350/build/task_pools.o
LOAD /mnt/c/Users/31740/Documents/codes/newcore-rp2350/build/taskmanager.o
LOAD /mnt/c/Users/31740/Documents/codes/newcore-rp2350/build/get_symbl.o
LOAD /mnt/c/Users/31740/Documents/codes/newcore-rp2350/build/user_application_loader.o
LOAD /mnt/c/Users/31740/Documents/codes/newcore-rp2350/build/irq.o
LOAD /mnt/c/Users/31740/Documents/codes/newcore-rp2350/build/Synch_quest.o
LOAD /mnt/c/Users/31740/Documents/codes/newcore-rp2350/build/systemcall.o
LOAD /mnt/c/Users/31740/Documents/codes/newcore-rp2350/build/spinlock.o
LOAD /mnt/c/Users/31740/Documents/codes/newcore-rp2350/build/fdt.o
LOAD /mnt/c/Users/31740/Documents/codes/newcore-rp2350/build/fdt_addresses.o
LOAD /mnt/c/Users/31740/Documents/codes/newcore-rp2350/build/fdt_check.o
LOAD /mnt/c/Users/31740/Documents/codes/newcore-rp2350/build/fdt_empty_tree.o
LOAD /mnt/c/Users/31740/Documents/codes/newcore-rp2350/build/fdt_overlay.o
LOAD /mnt/c/Users/31740/Documents/codes/newcore-rp2350/build/fdt_ro.o
LOAD /mnt/c/Users/31740/Documents/codes/newcore-rp2350/build/fdt_rw.o
LOAD /mnt/c/Users/31740/Documents/codes/newcore-rp2350/build/fdt_strerror.o
LOAD /mnt/c/Users/31740/Documents/codes/newcore-rp2350/build/fdt_sw.o
LOAD /mnt/c/Users/31740/Documents/codes/newcore-rp2350/build/fdt_wip.o
LOAD /mnt/c/Users/31740/Documents/codes/newcore-rp2350/build/kini.o
LOAD /mnt/c/Users/31740/Documents/codes/newcore-rp2350/build/sys_base.o
LOAD /mnt/c/Users/31740/Documents/codes/newcore-rp2350/build/sys_fs.o
LOAD /mnt/c/Users/31740/Documents/codes/newcore-rp2350/build/sys_loader.o
LOAD /mnt/c/Users/31740/Documents/codes/newcore-rp2350/build/sys_sched.o
LOAD /mnt/c/Users/31740/Documents/codes/newcore-rp2350/build/sys_time.o
LOAD /mnt/c/Users/31740/Documents/codes/newcore-rp2350/build/early_printk.o
LOAD /mnt/c/Users/31740/Documents/codes/newcore-rp2350/build/printk.o
LOAD /mnt/c/Users/31740/Documents/codes/newcore-rp2350/build/Preemptive.o
LOAD /mnt/c/Users/31740/Documents/codes/newcore-rp2350/build/_atomic.o
LOAD /mnt/c/Users/31740/Documents/codes/newcore-rp2350/build/_string.o
LOAD /mnt/c/Users/31740/Documents/codes/newcore-rp2350/build/buffer_head.o
LOAD /mnt/c/Users/31740/Documents/codes/newcore-rp2350/build/crc16.o
LOAD /mnt/c/Users/31740/Documents/codes/newcore-rp2350/build/crc32.o
LOAD /mnt/c/Users/31740/Documents/codes/newcore-rp2350/build/crc4.o
LOAD /mnt/c/Users/31740/Documents/codes/newcore-rp2350/build/crc7.o
LOAD /mnt/c/Users/31740/Documents/codes/newcore-rp2350/build/crc8.o
LOAD /mnt/c/Users/31740/Documents/codes/newcore-rp2350/build/error.o
LOAD /mnt/c/Users/31740/Documents/codes/newcore-rp2350/build/lockref.o
LOAD /mnt/c/Users/31740/Documents/codes/newcore-rp2350/build/mempool.o
LOAD /mnt/c/Users/31740/Documents/codes/newcore-rp2350/build/ompiler.o
LOAD /mnt/c/Users/31740/Documents/codes/newcore-rp2350/build/time.o
LOAD /mnt/c/Users/31740/Documents/codes/newcore-rp2350/build/time_loop.o
LOAD /mnt/c/Users/31740/Documents/codes/newcore-rp2350/build/vsprintf.o
LOAD /mnt/c/Users/31740/Documents/codes/newcore-rp2350/build/1jiygqdm_for_cortex_m4.bin.o
LOAD /mnt/c/Users/31740/Documents/codes/newcore-rp2350/build/1yvmrjhv_profile.o
LOAD /mnt/c/Users/31740/Documents/codes/newcore-rp2350/build/ei612psm_helloworld.o
LOAD /mnt/c/Users/31740/Documents/codes/newcore-rp2350/build/hx3zj2yr_syscall.tbl.o
LOAD /mnt/c/Users/31740/Documents/codes/newcore-rp2350/build/jm7o8pnl_config.txt.o
LOAD /mnt/c/Users/31740/Documents/codes/newcore-rp2350/build/ssched-mcpu=cortex-m33.o
START GROUP
LOAD /usr/lib/gcc/arm-none-eabi/13.2.1/thumb/v8-m.main+fp/hard/libgcc.a
LOAD /usr/lib/gcc/arm-none-eabi/13.2.1/../../../arm-none-eabi/lib/thumb/v8-m.main+fp/hard/libc.a
END GROUP
LOAD /usr/lib/gcc/arm-none-eabi/13.2.1/thumb/v8-m.main+fp/hard/crtend.o
LOAD /usr/lib/gcc/arm-none-eabi/13.2.1/thumb/v8-m.main+fp/hard/crtn.o
                0x20080000                        _estack = (ORIGIN (RAM) + LENGTH (RAM))

.isr_vector     0x10100000      0x10c
                0x10100000                        . = ALIGN (0x4)
 *(.isr_vector)
 .isr_vector    0x10100000      0x10c /mnt/c/Users/31740/Documents/codes/newcore-rp2350/build/Default_handler.o
                0x10100000                g_pfnVectors
                0x1010010c                        . = ALIGN (0x4)

.text           0x1010010c     0x7b20
                0x1010010c                        . = ALIGN (0x4)
 *(.text)
 .text          0x1010010c       0x5c /mnt/c/Users/31740/Documents/codes/newcore-rp2350/build/ssched-mcpu=cortex-m33.o
                0x1010010c                PendSV_Handler
                0x10100128                change_to_task_mode
                0x10100152                __sched
 *(.text*)
 .text.memcpy   0x10100168       0x98 /mnt/c/Users/31740/Documents/codes/newcore-rp2350/build/string.o
                0x10100168                memcpy
 .text.strlen   0x10100200       0x10 /mnt/c/Users/31740/Documents/codes/newcore-rp2350/build/string.o
                0x10100200                strlen
 .text.strnlen  0x10100210       0x16 /mnt/c/Users/31740/Documents/codes/newcore-rp2350/build/string.o
                0x10100210                strnlen
 .text.memcmp   0x10100226       0x1a /mnt/c/Users/31740/Documents/codes/newcore-rp2350/build/string.o
                0x10100226                memcmp
 .text.strcmp   0x10100240       0x18 /mnt/c/Users/31740/Documents/codes/newcore-rp2350/build/string.o
                0x10100240                strcmp
 .text.strchr   0x10100258       0x14 /mnt/c/Users/31740/Documents/codes/newcore-rp2350/build/string.o
                0x10100258                strchr
 .text.memset   0x1010026c       0x14 /mnt/c/Users/31740/Documents/codes/newcore-rp2350/build/string.o
                0x1010026c                memset
 .text.IRQ_Generic_Handler
                0x10100280       0x10 /mnt/c/Users/31740/Documents/codes/newcore-rp2350/build/cortexmirq.o
                0x10100280                IRQ_Generic_Handler
 .text.UsageFault_Handler
                0x10100290        0x8 /mnt/c/Users/31740/Documents/codes/newcore-rp2350/build/cortexmirq.o
                0x10100290                UsageFault_Handler
 .text.__init_Taskcontext
                0x10100298       0x48 /mnt/c/Users/31740/Documents/codes/newcore-rp2350/build/csched.o
                0x10100298                __init_Taskcontext
 .text.__system_call
                0x101002e0       0x26 /mnt/c/Users/31740/Documents/codes/newcore-rp2350/build/syscall.o
                0x101002e0                __system_call
 .text.SVC_Handler_C
                0x10100306       0x26 /mnt/c/Users/31740/Documents/codes/newcore-rp2350/build/syscall.o
                0x10100306                SVC_Handler_C
 .text.SVC_Handler
                0x1010032c       0x14 /mnt/c/Users/31740/Documents/codes/newcore-rp2350/build/syscall.o
                0x1010032c                SVC_Handler
 .text.Reset_Handler
                0x10100340       0x88 /mnt/c/Users/31740/Documents/codes/newcore-rp2350/build/Default_handler.o
                0x10100340                Reset_Handler
 .text.NMI_Handler
                0x101003c8       0x10 /mnt/c/Users/31740/Documents/codes/newcore-rp2350/build/Default_handler.o
                0x101003c8                NMI_Handler
 .text.MemManage_Handler
                0x101003d8       0x10 /mnt/c/Users/31740/Documents/codes/newcore-rp2350/build/Default_handler.o
                0x101003d8                MemManage_Handler
 .text.BusFault_Handler
                0x101003e8       0x10 /mnt/c/Users/31740/Documents/codes/newcore-rp2350/build/Default_handler.o
                0x101003e8                BusFault_Handler
 .text.DebugMon_Handler
                0x101003f8       0x10 /mnt/c/Users/31740/Documents/codes/newcore-rp2350/build/Default_handler.o
                0x101003f8                DebugMon_Handler
 .text.Unknow_Handler
                0x10100408       0x10 /mnt/c/Users/31740/Documents/codes/newcore-rp2350/build/Default_handler.o
                0x10100408                Unknow_Handler
 .text.get_register_dump
                0x10100418       0x2e /mnt/c/Users/31740/Documents/codes/newcore-rp2350/build/err_process.o
                0x10100418                get_register_dump
 *fill*         0x10100446        0x2 
 .text.__hard_fault_handler_c
                0x10100448       0x6c /mnt/c/Users/31740/Documents/codes/newcore-rp2350/build/err_process.o
                0x10100448                __hard_fault_handler_c
 .text.HardFault_Handler
                0x101004b4       0x12 /mnt/c/Users/31740/Documents/codes/newcore-rp2350/build/err_process.o
                0x101004b4                HardFault_Handler
 .text.get_core_num
                0x101004c6        0x8 /mnt/c/Users/31740/Documents/codes/newcore-rp2350/build/irq_flag.o
 .text.restore_interrupts
                0x101004ce        0x6 /mnt/c/Users/31740/Documents/codes/newcore-rp2350/build/irq_flag.o
 .text.save_and_disable_interrupts
                0x101004d4        0x8 /mnt/c/Users/31740/Documents/codes/newcore-rp2350/build/irq_flag.o
 .text.__get_task_using_cpu_core
                0x101004dc        0x8 /mnt/c/Users/31740/Documents/codes/newcore-rp2350/build/irq_flag.o
                0x101004dc                __get_task_using_cpu_core
 .text.__enable_irq
                0x101004e4       0x40 /mnt/c/Users/31740/Documents/codes/newcore-rp2350/build/irq_flag.o
                0x101004e4                __enable_irq
 .text.__disable_irq
                0x10100524       0x3c /mnt/c/Users/31740/Documents/codes/newcore-rp2350/build/irq_flag.o
                0x10100524                __disable_irq
 .text.try_atomic_set_flag
                0x10100560       0x40 /mnt/c/Users/31740/Documents/codes/newcore-rp2350/build/m33_spinlock.o
                0x10100560                try_atomic_set_flag
 .text.multicore_doorbell_irq_num
                0x101005a0       0x18 /mnt/c/Users/31740/Documents/codes/newcore-rp2350/build/msp_init.o
 .text.cpu1_start_irq
                0x101005b8       0x48 /mnt/c/Users/31740/Documents/codes/newcore-rp2350/build/msp_init.o
 .text.multicore_fifo_push_blocking
                0x10100600       0x20 /mnt/c/Users/31740/Documents/codes/newcore-rp2350/build/msp_init.o
                0x10100600                multicore_fifo_push_blocking
 .text.multicore_doorbell_set_other_core
                0x10100620       0x10 /mnt/c/Users/31740/Documents/codes/newcore-rp2350/build/msp_init.o
                0x10100620                multicore_doorbell_set_other_core
 .text.multicore_doorbell_clear_current_core
                0x10100630       0x10 /mnt/c/Users/31740/Documents/codes/newcore-rp2350/build/msp_init.o
                0x10100630                multicore_doorbell_clear_current_core
 .text.Cpu1_sched_Handler
                0x10100640        0xe /mnt/c/Users/31740/Documents/codes/newcore-rp2350/build/msp_init.o
                0x10100640                Cpu1_sched_Handler
 .text.call_mulit_core_scheduler
                0x1010064e       0x18 /mnt/c/Users/31740/Documents/codes/newcore-rp2350/build/msp_init.o
                0x1010064e                call_mulit_core_scheduler
 *fill*         0x10100666        0x2 
 .text.msp_init
                0x10100668       0x90 /mnt/c/Users/31740/Documents/codes/newcore-rp2350/build/msp_init.o
                0x10100668                msp_init
 .text.CPU1_TickHandler
                0x101006f8        0xa /mnt/c/Users/31740/Documents/codes/newcore-rp2350/build/rp2350_init.o
                0x101006f8                CPU1_TickHandler
 *fill*         0x10100702        0x2 
 .text.irq_set_enabled
                0x10100704       0x28 /mnt/c/Users/31740/Documents/codes/newcore-rp2350/build/rp2350_init.o
                0x10100704                irq_set_enabled
 .text.irq_is_enabled
                0x1010072c       0x20 /mnt/c/Users/31740/Documents/codes/newcore-rp2350/build/rp2350_init.o
                0x1010072c                irq_is_enabled
 .text.clean_interrupt_flag
                0x1010074c       0x38 /mnt/c/Users/31740/Documents/codes/newcore-rp2350/build/rp2350_init.o
                0x1010074c                clean_interrupt_flag
 .text.arch_init
                0x10100784       0xa4 /mnt/c/Users/31740/Documents/codes/newcore-rp2350/build/rp2350_init.o
                0x10100784                arch_init
 .text.SysTick_init
                0x10100828       0x18 /mnt/c/Users/31740/Documents/codes/newcore-rp2350/build/rp2350_tick.o
                0x10100828                SysTick_init
 .text.SysTick_Handler
                0x10100840        0x8 /mnt/c/Users/31740/Documents/codes/newcore-rp2350/build/rp2350_tick.o
                0x10100840                SysTick_Handler
 .text.time_us_64
                0x10100848       0x18 /mnt/c/Users/31740/Documents/codes/newcore-rp2350/build/timer.o
                0x10100848                time_us_64
 .text.ktime_get
                0x10100860        0x8 /mnt/c/Users/31740/Documents/codes/newcore-rp2350/build/timer.o
                0x10100860                ktime_get
 .text.__register_disk
                0x10100868       0x68 /mnt/c/Users/31740/Documents/codes/newcore-rp2350/build/driver.o
                0x10100868                __register_disk
 .text.main_tty_dev_init
                0x101008d0        0x4 /mnt/c/Users/31740/Documents/codes/newcore-rp2350/build/port.o
                0x101008d0                main_tty_dev_init
 .text.base_out_opt_device_init
                0x101008d4        0x2 /mnt/c/Users/31740/Documents/codes/newcore-rp2350/build/port.o
                0x101008d4                base_out_opt_device_init
 .text.__kmap   0x101008d6        0x8 /mnt/c/Users/31740/Documents/codes/newcore-rp2350/build/w25qxx.o
 .text.W25Qxx_write_enable
                0x101008de       0x26 /mnt/c/Users/31740/Documents/codes/newcore-rp2350/build/w25qxx.o
 .text.W25Qxx_wait_busy
                0x10100904       0x40 /mnt/c/Users/31740/Documents/codes/newcore-rp2350/build/w25qxx.o
 .text.W25Qxx_erase_sector
                0x10100944       0x3e /mnt/c/Users/31740/Documents/codes/newcore-rp2350/build/w25qxx.o
 .text.W25Qxx_write
                0x10100982       0x52 /mnt/c/Users/31740/Documents/codes/newcore-rp2350/build/w25qxx.o
 .text.W25Qxx_read
                0x101009d4       0x4c /mnt/c/Users/31740/Documents/codes/newcore-rp2350/build/w25qxx.o
 .text.W25Qxx_device_write_page
                0x10100a20       0x48 /mnt/c/Users/31740/Documents/codes/newcore-rp2350/build/w25qxx.o
 .text.W25Qxx_device_read_page
                0x10100a68       0x12 /mnt/c/Users/31740/Documents/codes/newcore-rp2350/build/w25qxx.o
 *fill*         0x10100a7a        0x2 
 .text.w25qxx_getgeo
                0x10100a7c       0x1c /mnt/c/Users/31740/Documents/codes/newcore-rp2350/build/w25qxx.o
 .text.w25qxx_read_id
                0x10100a98       0xa0 /mnt/c/Users/31740/Documents/codes/newcore-rp2350/build/w25qxx.o
 .text.w25qxx_release
                0x10100b38       0x10 /mnt/c/Users/31740/Documents/codes/newcore-rp2350/build/w25qxx.o
 .text.w25qxx_open
                0x10100b48       0x14 /mnt/c/Users/31740/Documents/codes/newcore-rp2350/build/w25qxx.o
 .text.set_cs_pin_high
                0x10100b5c       0x28 /mnt/c/Users/31740/Documents/codes/newcore-rp2350/build/w25qxx.o
 .text.set_cs_pin_low
                0x10100b84       0x28 /mnt/c/Users/31740/Documents/codes/newcore-rp2350/build/w25qxx.o
 .text.w25qxx_read_data
                0x10100bac       0x18 /mnt/c/Users/31740/Documents/codes/newcore-rp2350/build/w25qxx.o
 .text.w25qxx_send_data
                0x10100bc4       0x18 /mnt/c/Users/31740/Documents/codes/newcore-rp2350/build/w25qxx.o
 .text.cs_pin_init
                0x10100bdc       0x78 /mnt/c/Users/31740/Documents/codes/newcore-rp2350/build/w25qxx.o
 .text.spi_write_enable
                0x10100c54       0x48 /mnt/c/Users/31740/Documents/codes/newcore-rp2350/build/w25qxx.o
 .text.w25qxx_device_init
                0x10100c9c       0x5c /mnt/c/Users/31740/Documents/codes/newcore-rp2350/build/w25qxx.o
 .text.__free_pages
                0x10100cf8       0x22 /mnt/c/Users/31740/Documents/codes/newcore-rp2350/build/w25qxx.o
 .text.__put_page
                0x10100d1a       0x38 /mnt/c/Users/31740/Documents/codes/newcore-rp2350/build/w25qxx.o
 *fill*         0x10100d52        0x2 
 .text.w25qxx_request
                0x10100d54      0x190 /mnt/c/Users/31740/Documents/codes/newcore-rp2350/build/w25qxx.o
 .text.w25qxx_request_queue
                0x10100ee4       0x1a /mnt/c/Users/31740/Documents/codes/newcore-rp2350/build/w25qxx.o
 .text.add_disk
                0x10100efe        0x8 /mnt/c/Users/31740/Documents/codes/newcore-rp2350/build/w25qxx.o
 .text.blk_cleanup_queue
                0x10100f06        0x8 /mnt/c/Users/31740/Documents/codes/newcore-rp2350/build/w25qxx.o
 .text.put_disk
                0x10100f0e        0x8 /mnt/c/Users/31740/Documents/codes/newcore-rp2350/build/w25qxx.o
 *fill*         0x10100f16        0x2 
 .text.new_w25qxx_dev
                0x10100f18       0x74 /mnt/c/Users/31740/Documents/codes/newcore-rp2350/build/w25qxx.o
                0x10100f18                new_w25qxx_dev
 .text.spin_lock_init
                0x10100f8c        0x6 /mnt/c/Users/31740/Documents/codes/newcore-rp2350/build/devfs.o
 *fill*         0x10100f92        0x2 
 .text.devfs_statfs
                0x10100f94       0x20 /mnt/c/Users/31740/Documents/codes/newcore-rp2350/build/devfs.o
 .text.devfs_get_dentry
                0x10100fb4        0xc /mnt/c/Users/31740/Documents/codes/newcore-rp2350/build/devfs.o
 .text.devfs_setattr
                0x10100fc0        0xc /mnt/c/Users/31740/Documents/codes/newcore-rp2350/build/devfs.o
 .text.devfs_kill_sb
                0x10100fcc        0x8 /mnt/c/Users/31740/Documents/codes/newcore-rp2350/build/devfs.o
 .text.devfs_release
                0x10100fd4       0x10 /mnt/c/Users/31740/Documents/codes/newcore-rp2350/build/devfs.o
 .text.devfs_open
                0x10100fe4       0x10 /mnt/c/Users/31740/Documents/codes/newcore-rp2350/build/devfs.o
 .text.devfs_write
                0x10100ff4       0x10 /mnt/c/Users/31740/Documents/codes/newcore-rp2350/build/devfs.o
 .text.devfs_read
                0x10101004       0x10 /mnt/c/Users/31740/Documents/codes/newcore-rp2350/build/devfs.o
 .text.spin_lock
                0x10101014        0x8 /mnt/c/Users/31740/Documents/codes/newcore-rp2350/build/devfs.o
 .text.spin_unlock
                0x1010101c        0x8 /mnt/c/Users/31740/Documents/codes/newcore-rp2350/build/devfs.o
 .text.devfs_create_empty_inode
                0x10101024       0x6c /mnt/c/Users/31740/Documents/codes/newcore-rp2350/build/devfs.o
 .text.devfs_get_inode
                0x10101090       0x24 /mnt/c/Users/31740/Documents/codes/newcore-rp2350/build/devfs.o
 .text.devfs_getattr
                0x101010b4       0x80 /mnt/c/Users/31740/Documents/codes/newcore-rp2350/build/devfs.o
 .text.devfs_lookup
                0x10101134       0x5a /mnt/c/Users/31740/Documents/codes/newcore-rp2350/build/devfs.o
 .text.devfs_vfs_lookup
                0x1010118e       0x3c /mnt/c/Users/31740/Documents/codes/newcore-rp2350/build/devfs.o
 *fill*         0x101011ca        0x2 
 .text.devfs_get_vfs_superblock
                0x101011cc       0x24 /mnt/c/Users/31740/Documents/codes/newcore-rp2350/build/devfs.o
 .text.devfs_superblock_create
                0x101011f0       0x70 /mnt/c/Users/31740/Documents/codes/newcore-rp2350/build/devfs.o
 .text.devfs_inode_put
                0x10101260        0xc /mnt/c/Users/31740/Documents/codes/newcore-rp2350/build/devfs.o
 .text.dentry_put
                0x1010126c       0x5e /mnt/c/Users/31740/Documents/codes/newcore-rp2350/build/devfs.o
 .text.devfs_release_dentry
                0x101012ca        0xe /mnt/c/Users/31740/Documents/codes/newcore-rp2350/build/devfs.o
 .text.devfs_rmdir
                0x101012d8       0x16 /mnt/c/Users/31740/Documents/codes/newcore-rp2350/build/devfs.o
 .text.devfs_delete_dentry
                0x101012ee       0x60 /mnt/c/Users/31740/Documents/codes/newcore-rp2350/build/devfs.o
 .text.devfs_unlink
                0x1010134e       0x14 /mnt/c/Users/31740/Documents/codes/newcore-rp2350/build/devfs.o
 *fill*         0x10101362        0x2 
 .text.devfs_create_dentry
                0x10101364       0xac /mnt/c/Users/31740/Documents/codes/newcore-rp2350/build/devfs.o
 .text.devfs_create_inode
                0x10101410       0x52 /mnt/c/Users/31740/Documents/codes/newcore-rp2350/build/devfs.o
 *fill*         0x10101462        0x2 
 .text.devfs_create_dir
                0x10101464       0x24 /mnt/c/Users/31740/Documents/codes/newcore-rp2350/build/devfs.o
 .text.devfs_mkdir
                0x10101488       0x70 /mnt/c/Users/31740/Documents/codes/newcore-rp2350/build/devfs.o
 .text.devfs_create_file
                0x101014f8       0x10 /mnt/c/Users/31740/Documents/codes/newcore-rp2350/build/devfs.o
 .text.devfs_create
                0x10101508       0x84 /mnt/c/Users/31740/Documents/codes/newcore-rp2350/build/devfs.o
 .text.devfs_link
                0x1010158c       0x36 /mnt/c/Users/31740/Documents/codes/newcore-rp2350/build/devfs.o
 .text.devfs_destroy_inode
                0x101015c2       0x26 /mnt/c/Users/31740/Documents/codes/newcore-rp2350/build/devfs.o
 .text.devfs_alloc_inode
                0x101015e8       0x40 /mnt/c/Users/31740/Documents/codes/newcore-rp2350/build/devfs.o
 .text.devfs_superblock_destory
                0x10101628       0x1a /mnt/c/Users/31740/Documents/codes/newcore-rp2350/build/devfs.o
 *fill*         0x10101642        0x2 
 .text.devfs_mount
                0x10101644       0xac /mnt/c/Users/31740/Documents/codes/newcore-rp2350/build/devfs.o
 .text.devfs_mount_blk_device
                0x101016f0       0x30 /mnt/c/Users/31740/Documents/codes/newcore-rp2350/build/devfs.o
                0x101016f0                devfs_mount_blk_device
 .text.devfs_get_blk_dev
                0x10101720       0x18 /mnt/c/Users/31740/Documents/codes/newcore-rp2350/build/devfs.o
                0x10101720                devfs_get_blk_dev
 .text.spin_lock_init
                0x10101738        0x6 /mnt/c/Users/31740/Documents/codes/newcore-rp2350/build/pipefs.o
 *fill*         0x1010173e        0x2 
 .text.pipefs_statfs
                0x10101740       0x20 /mnt/c/Users/31740/Documents/codes/newcore-rp2350/build/pipefs.o
 .text.pipefs_get_dentry
                0x10101760        0xc /mnt/c/Users/31740/Documents/codes/newcore-rp2350/build/pipefs.o
 .text.pipefs_setattr
                0x1010176c        0xc /mnt/c/Users/31740/Documents/codes/newcore-rp2350/build/pipefs.o
 .text.spin_lock
                0x10101778        0x8 /mnt/c/Users/31740/Documents/codes/newcore-rp2350/build/pipefs.o
 .text.spin_unlock
                0x10101780        0x8 /mnt/c/Users/31740/Documents/codes/newcore-rp2350/build/pipefs.o
 .text.pipefs_kill_sb
                0x10101788        0x8 /mnt/c/Users/31740/Documents/codes/newcore-rp2350/build/pipefs.o
 .text.pipefs_release
                0x10101790       0x14 /mnt/c/Users/31740/Documents/codes/newcore-rp2350/build/pipefs.o
 .text.pipefs_open
                0x101017a4       0x28 /mnt/c/Users/31740/Documents/codes/newcore-rp2350/build/pipefs.o
 .text.pipefs_create_empty_inode
                0x101017cc       0x6c /mnt/c/Users/31740/Documents/codes/newcore-rp2350/build/pipefs.o
 .text.pipefs_get_inode
                0x10101838       0x24 /mnt/c/Users/31740/Documents/codes/newcore-rp2350/build/pipefs.o
 .text.pipefs_getattr
                0x1010185c       0x80 /mnt/c/Users/31740/Documents/codes/newcore-rp2350/build/pipefs.o
 .text.pipefs_lookup
                0x101018dc       0x5a /mnt/c/Users/31740/Documents/codes/newcore-rp2350/build/pipefs.o
 .text.pipefs_vfs_lookup
                0x10101936       0x3c /mnt/c/Users/31740/Documents/codes/newcore-rp2350/build/pipefs.o
 *fill*         0x10101972        0x2 
 .text.pipefs_get_vfs_superblock
                0x10101974       0x24 /mnt/c/Users/31740/Documents/codes/newcore-rp2350/build/pipefs.o
 .text.pipefs_superblock_create
                0x10101998       0x70 /mnt/c/Users/31740/Documents/codes/newcore-rp2350/build/pipefs.o
 .text.pipefs_inode_put
                0x10101a08       0x18 /mnt/c/Users/31740/Documents/codes/newcore-rp2350/build/pipefs.o
 .text.dentry_put
                0x10101a20       0x5e /mnt/c/Users/31740/Documents/codes/newcore-rp2350/build/pipefs.o
 .text.pipefs_release_dentry
                0x10101a7e        0xe /mnt/c/Users/31740/Documents/codes/newcore-rp2350/build/pipefs.o
 .text.pipefs_rmdir
                0x10101a8c       0x16 /mnt/c/Users/31740/Documents/codes/newcore-rp2350/build/pipefs.o
 .text.pipefs_delete_dentry
                0x10101aa2       0x60 /mnt/c/Users/31740/Documents/codes/newcore-rp2350/build/pipefs.o
 .text.pipefs_unlink
                0x10101b02       0x14 /mnt/c/Users/31740/Documents/codes/newcore-rp2350/build/pipefs.o
 *fill*         0x10101b16        0x2 
 .text.pipefs_create_dentry
                0x10101b18       0xac /mnt/c/Users/31740/Documents/codes/newcore-rp2350/build/pipefs.o
 .text.pipefs_create_inode
                0x10101bc4       0x52 /mnt/c/Users/31740/Documents/codes/newcore-rp2350/build/pipefs.o
 *fill*         0x10101c16        0x2 
 .text.pipefs_create_dir
                0x10101c18       0x24 /mnt/c/Users/31740/Documents/codes/newcore-rp2350/build/pipefs.o
 .text.pipefs_mkdir
                0x10101c3c       0x70 /mnt/c/Users/31740/Documents/codes/newcore-rp2350/build/pipefs.o
 .text.pipefs_create_file
                0x10101cac       0x10 /mnt/c/Users/31740/Documents/codes/newcore-rp2350/build/pipefs.o
 .text.pipefs_create
                0x10101cbc       0x84 /mnt/c/Users/31740/Documents/codes/newcore-rp2350/build/pipefs.o
 .text.pipefs_link
                0x10101d40       0x36 /mnt/c/Users/31740/Documents/codes/newcore-rp2350/build/pipefs.o
 .text.pipefs_destroy_inode
                0x10101d76       0x26 /mnt/c/Users/31740/Documents/codes/newcore-rp2350/build/pipefs.o
 .text.pipefs_alloc_inode
                0x10101d9c       0x40 /mnt/c/Users/31740/Documents/codes/newcore-rp2350/build/pipefs.o
 .text.pipefs_superblock_destory
                0x10101ddc       0x1a /mnt/c/Users/31740/Documents/codes/newcore-rp2350/build/pipefs.o
 *fill*         0x10101df6        0x2 
 .text.pipefs_mount
                0x10101df8       0xac /mnt/c/Users/31740/Documents/codes/newcore-rp2350/build/pipefs.o
 .text.pipe_buffer_read
                0x10101ea4       0x4c /mnt/c/Users/31740/Documents/codes/newcore-rp2350/build/pipefs.o
                0x10101ea4                pipe_buffer_read
 .text.pipefs_read
                0x10101ef0       0x34 /mnt/c/Users/31740/Documents/codes/newcore-rp2350/build/pipefs.o
 .text.pipe_buffer_write
                0x10101f24       0x46 /mnt/c/Users/31740/Documents/codes/newcore-rp2350/build/pipefs.o
                0x10101f24                pipe_buffer_write
 .text.pipefs_write
                0x10101f6a       0x34 /mnt/c/Users/31740/Documents/codes/newcore-rp2350/build/pipefs.o
 .text.spin_lock_init
                0x10101f9e        0x6 /mnt/c/Users/31740/Documents/codes/newcore-rp2350/build/initramfs.o
 .text.__kmap   0x10101fa4        0x8 /mnt/c/Users/31740/Documents/codes/newcore-rp2350/build/initramfs.o
 .text.initramfs_open
                0x10101fac        0x4 /mnt/c/Users/31740/Documents/codes/newcore-rp2350/build/initramfs.o
 .text.initramfs_release
                0x10101fb0        0x4 /mnt/c/Users/31740/Documents/codes/newcore-rp2350/build/initramfs.o
 .text.initramfs_statfs
                0x10101fb4       0x20 /mnt/c/Users/31740/Documents/codes/newcore-rp2350/build/initramfs.o
 .text.initramfs_get_dentry
                0x10101fd4        0xc /mnt/c/Users/31740/Documents/codes/newcore-rp2350/build/initramfs.o
 .text.initramfs_setattr
                0x10101fe0        0xc /mnt/c/Users/31740/Documents/codes/newcore-rp2350/build/initramfs.o
 .text.__page_create
                0x10101fec       0x1c /mnt/c/Users/31740/Documents/codes/newcore-rp2350/build/initramfs.o
 .text.initramfs_kill_sb
                0x10102008        0x8 /mnt/c/Users/31740/Documents/codes/newcore-rp2350/build/initramfs.o
 .text.spin_lock
                0x10102010        0x8 /mnt/c/Users/31740/Documents/codes/newcore-rp2350/build/initramfs.o
 .text.spin_unlock
                0x10102018        0x8 /mnt/c/Users/31740/Documents/codes/newcore-rp2350/build/initramfs.o
 .text.initramfs_iterate
                0x10102020       0xaa /mnt/c/Users/31740/Documents/codes/newcore-rp2350/build/initramfs.o
 *fill*         0x101020ca        0x2 
 .text.initramfs_create_empty_inode
                0x101020cc       0x74 /mnt/c/Users/31740/Documents/codes/newcore-rp2350/build/initramfs.o
 .text.initramfs_read
                0x10102140       0x6c /mnt/c/Users/31740/Documents/codes/newcore-rp2350/build/initramfs.o
 .text.initramfs_get_inode
                0x101021ac       0x2c /mnt/c/Users/31740/Documents/codes/newcore-rp2350/build/initramfs.o
 .text.initramfs_getattr
                0x101021d8       0x80 /mnt/c/Users/31740/Documents/codes/newcore-rp2350/build/initramfs.o
 .text.initramfs_lookup
                0x10102258       0x5a /mnt/c/Users/31740/Documents/codes/newcore-rp2350/build/initramfs.o
 .text.initramfs_vfs_lookup
                0x101022b2       0x3c /mnt/c/Users/31740/Documents/codes/newcore-rp2350/build/initramfs.o
 *fill*         0x101022ee        0x2 
 .text.initramfs_get_vfs_superblock
                0x101022f0       0x24 /mnt/c/Users/31740/Documents/codes/newcore-rp2350/build/initramfs.o
 .text.initramfs_superblock_create
                0x10102314       0x70 /mnt/c/Users/31740/Documents/codes/newcore-rp2350/build/initramfs.o
 .text.__alloc_pages
                0x10102384       0x36 /mnt/c/Users/31740/Documents/codes/newcore-rp2350/build/initramfs.o
 *fill*         0x101023ba        0x2 
 .text.initramfs_write
                0x101023bc       0xb0 /mnt/c/Users/31740/Documents/codes/newcore-rp2350/build/initramfs.o
 .text.__free_pages
                0x1010246c       0x22 /mnt/c/Users/31740/Documents/codes/newcore-rp2350/build/initramfs.o
 .text.__put_page
                0x1010248e       0x38 /mnt/c/Users/31740/Documents/codes/newcore-rp2350/build/initramfs.o
 .text.initramfs_inode_put
                0x101024c6       0x18 /mnt/c/Users/31740/Documents/codes/newcore-rp2350/build/initramfs.o
 .text.dentry_put
                0x101024de       0x5e /mnt/c/Users/31740/Documents/codes/newcore-rp2350/build/initramfs.o
 .text.initramfs_release_dentry
                0x1010253c        0xe /mnt/c/Users/31740/Documents/codes/newcore-rp2350/build/initramfs.o
 .text.initramfs_rmdir
                0x1010254a       0x16 /mnt/c/Users/31740/Documents/codes/newcore-rp2350/build/initramfs.o
 .text.initramfs_delete_dentry
                0x10102560       0x60 /mnt/c/Users/31740/Documents/codes/newcore-rp2350/build/initramfs.o
 .text.initramfs_unlink
                0x101025c0       0x14 /mnt/c/Users/31740/Documents/codes/newcore-rp2350/build/initramfs.o
 .text.initramfs_create_dentry
                0x101025d4       0xac /mnt/c/Users/31740/Documents/codes/newcore-rp2350/build/initramfs.o
 .text.initramfs_create_inode
                0x10102680       0x52 /mnt/c/Users/31740/Documents/codes/newcore-rp2350/build/initramfs.o
 *fill*         0x101026d2        0x2 
 .text.initramfs_create_dir
                0x101026d4       0x24 /mnt/c/Users/31740/Documents/codes/newcore-rp2350/build/initramfs.o
 .text.initramfs_mkdir
                0x101026f8       0x70 /mnt/c/Users/31740/Documents/codes/newcore-rp2350/build/initramfs.o
 .text.initramfs_create_file
                0x10102768       0x10 /mnt/c/Users/31740/Documents/codes/newcore-rp2350/build/initramfs.o
 .text.initramfs_create
                0x10102778       0x7c /mnt/c/Users/31740/Documents/codes/newcore-rp2350/build/initramfs.o
 .text.initramfs_link
                0x101027f4       0x36 /mnt/c/Users/31740/Documents/codes/newcore-rp2350/build/initramfs.o
 .text.initramfs_destroy_inode
                0x1010282a       0x26 /mnt/c/Users/31740/Documents/codes/newcore-rp2350/build/initramfs.o
 .text.initramfs_alloc_inode
                0x10102850       0x40 /mnt/c/Users/31740/Documents/codes/newcore-rp2350/build/initramfs.o
 .text.initramfs_superblock_destory
                0x10102890       0x1a /mnt/c/Users/31740/Documents/codes/newcore-rp2350/build/initramfs.o
 *fill*         0x101028aa        0x2 
 .text.initramfs_mount
                0x101028ac       0xac /mnt/c/Users/31740/Documents/codes/newcore-rp2350/build/initramfs.o
 .text.initram_fs_mount_file
                0x10102958       0x64 /mnt/c/Users/31740/Documents/codes/newcore-rp2350/build/initramfs.o
                0x10102958                initram_fs_mount_file
 .text.spin_lock_init
                0x101029bc        0x6 /mnt/c/Users/31740/Documents/codes/newcore-rp2350/build/sysfs.o
 *fill*         0x101029c2        0x2 
 .text.sys_fs_statfs
                0x101029c4       0x20 /mnt/c/Users/31740/Documents/codes/newcore-rp2350/build/sysfs.o
 .text.sys_fs_get_dentry
                0x101029e4        0xc /mnt/c/Users/31740/Documents/codes/newcore-rp2350/build/sysfs.o
 .text.sys_fs_setattr
                0x101029f0        0xc /mnt/c/Users/31740/Documents/codes/newcore-rp2350/build/sysfs.o
 .text.sys_fs_kill_sb
                0x101029fc        0x8 /mnt/c/Users/31740/Documents/codes/newcore-rp2350/build/sysfs.o
 .text.sys_fs_release
                0x10102a04       0x10 /mnt/c/Users/31740/Documents/codes/newcore-rp2350/build/sysfs.o
 .text.sys_fs_open
                0x10102a14       0x10 /mnt/c/Users/31740/Documents/codes/newcore-rp2350/build/sysfs.o
 .text.sys_fs_write
                0x10102a24       0x10 /mnt/c/Users/31740/Documents/codes/newcore-rp2350/build/sysfs.o
 .text.sys_fs_read
                0x10102a34       0x10 /mnt/c/Users/31740/Documents/codes/newcore-rp2350/build/sysfs.o
 .text.spin_lock
                0x10102a44        0x8 /mnt/c/Users/31740/Documents/codes/newcore-rp2350/build/sysfs.o
 .text.spin_unlock
                0x10102a4c        0x8 /mnt/c/Users/31740/Documents/codes/newcore-rp2350/build/sysfs.o
 .text.sys_fs_create_empty_inode
                0x10102a54       0x6c /mnt/c/Users/31740/Documents/codes/newcore-rp2350/build/sysfs.o
 .text.sys_fs_get_inode
                0x10102ac0       0x24 /mnt/c/Users/31740/Documents/codes/newcore-rp2350/build/sysfs.o
 .text.sys_fs_getattr
                0x10102ae4       0x80 /mnt/c/Users/31740/Documents/codes/newcore-rp2350/build/sysfs.o
 .text.sys_fs_lookup
                0x10102b64       0x5a /mnt/c/Users/31740/Documents/codes/newcore-rp2350/build/sysfs.o
 .text.sys_fs_vfs_lookup
                0x10102bbe       0x3c /mnt/c/Users/31740/Documents/codes/newcore-rp2350/build/sysfs.o
 *fill*         0x10102bfa        0x2 
 .text.sys_fs_get_vfs_superblock
                0x10102bfc       0x24 /mnt/c/Users/31740/Documents/codes/newcore-rp2350/build/sysfs.o
 .text.sys_fs_superblock_create
                0x10102c20       0x70 /mnt/c/Users/31740/Documents/codes/newcore-rp2350/build/sysfs.o
 .text.sys_fs_inode_put
                0x10102c90        0xc /mnt/c/Users/31740/Documents/codes/newcore-rp2350/build/sysfs.o
 .text.dentry_put
                0x10102c9c       0x5e /mnt/c/Users/31740/Documents/codes/newcore-rp2350/build/sysfs.o
 .text.sys_fs_release_dentry
                0x10102cfa        0xe /mnt/c/Users/31740/Documents/codes/newcore-rp2350/build/sysfs.o
 .text.sys_fs_rmdir
                0x10102d08       0x16 /mnt/c/Users/31740/Documents/codes/newcore-rp2350/build/sysfs.o
 .text.sys_fs_delete_dentry
                0x10102d1e       0x60 /mnt/c/Users/31740/Documents/codes/newcore-rp2350/build/sysfs.o
 .text.sys_fs_unlink
                0x10102d7e       0x14 /mnt/c/Users/31740/Documents/codes/newcore-rp2350/build/sysfs.o
 *fill*         0x10102d92        0x2 
 .text.sys_fs_create_dentry
                0x10102d94       0xac /mnt/c/Users/31740/Documents/codes/newcore-rp2350/build/sysfs.o
 .text.sys_fs_create_inode
                0x10102e40       0x52 /mnt/c/Users/31740/Documents/codes/newcore-rp2350/build/sysfs.o
 *fill*         0x10102e92        0x2 
 .text.sys_fs_create_dir
                0x10102e94       0x24 /mnt/c/Users/31740/Documents/codes/newcore-rp2350/build/sysfs.o
 .text.sys_fs_mkdir
                0x10102eb8       0x70 /mnt/c/Users/31740/Documents/codes/newcore-rp2350/build/sysfs.o
 .text.sys_fs_create_file
                0x10102f28       0x10 /mnt/c/Users/31740/Documents/codes/newcore-rp2350/build/sysfs.o
 .text.sys_fs_create
                0x10102f38       0x84 /mnt/c/Users/31740/Documents/codes/newcore-rp2350/build/sysfs.o
 .text.sys_fs_link
                0x10102fbc       0x36 /mnt/c/Users/31740/Documents/codes/newcore-rp2350/build/sysfs.o
 .text.sys_fs_destroy_inode
                0x10102ff2       0x26 /mnt/c/Users/31740/Documents/codes/newcore-rp2350/build/sysfs.o
 .text.sys_fs_alloc_inode
                0x10103018       0x40 /mnt/c/Users/31740/Documents/codes/newcore-rp2350/build/sysfs.o
 .text.sys_fs_superblock_destory
                0x10103058       0x1a /mnt/c/Users/31740/Documents/codes/newcore-rp2350/build/sysfs.o
 *fill*         0x10103072        0x2 
 .text.sys_fs_mount
                0x10103074       0xac /mnt/c/Users/31740/Documents/codes/newcore-rp2350/build/sysfs.o
 .text.sized_strscpy
                0x10103120       0x2e /mnt/c/Users/31740/Documents/codes/newcore-rp2350/build/char_device.o
 *fill*         0x1010314e        0x2 
 .text.find_dynamic_major
                0x10103150       0x48 /mnt/c/Users/31740/Documents/codes/newcore-rp2350/build/char_device.o
 .text.__unregister_chrdev_region
                0x10103198       0x60 /mnt/c/Users/31740/Documents/codes/newcore-rp2350/build/char_device.o
 .text.cdev_add
                0x101031f8        0x8 /mnt/c/Users/31740/Documents/codes/newcore-rp2350/build/char_device.o
                0x101031f8                cdev_add
 .text.find_chrdev
                0x10103200       0x60 /mnt/c/Users/31740/Documents/codes/newcore-rp2350/build/char_device.o
                0x10103200                find_chrdev
 .text.kzalloc  0x10103260       0x16 /mnt/c/Users/31740/Documents/codes/newcore-rp2350/build/char_device.o
 .text.cdev_alloc
                0x10103276       0x1c /mnt/c/Users/31740/Documents/codes/newcore-rp2350/build/char_device.o
                0x10103276                cdev_alloc
 .text.cdev_init
                0x10103292       0x1a /mnt/c/Users/31740/Documents/codes/newcore-rp2350/build/char_device.o
                0x10103292                cdev_init
 .text.__register_chrdev_region
                0x101032ac      0x130 /mnt/c/Users/31740/Documents/codes/newcore-rp2350/build/char_device.o
 .text.alloc_chrdev_region
                0x101033dc       0x28 /mnt/c/Users/31740/Documents/codes/newcore-rp2350/build/char_device.o
                0x101033dc                alloc_chrdev_region
 .text.register_chrdev_region
                0x10103404       0x60 /mnt/c/Users/31740/Documents/codes/newcore-rp2350/build/char_device.o
                0x10103404                register_chrdev_region
 .text.__register_chrdev
                0x10103464       0x60 /mnt/c/Users/31740/Documents/codes/newcore-rp2350/build/char_device.o
                0x10103464                __register_chrdev
 .text.unregister_chrdev_region
                0x101034c4       0x2e /mnt/c/Users/31740/Documents/codes/newcore-rp2350/build/char_device.o
                0x101034c4                unregister_chrdev_region
 .text.cdev_del
                0x101034f2        0x8 /mnt/c/Users/31740/Documents/codes/newcore-rp2350/build/char_device.o
                0x101034f2                cdev_del
 .text.__unregister_chrdev
                0x101034fa       0x1a /mnt/c/Users/31740/Documents/codes/newcore-rp2350/build/char_device.o
                0x101034fa                __unregister_chrdev
 .text.spin_lock_init
                0x10103514        0x6 /mnt/c/Users/31740/Documents/codes/newcore-rp2350/build/dcache.o
 .text.d_getname
                0x1010351a        0x8 /mnt/c/Users/31740/Documents/codes/newcore-rp2350/build/dcache.o
                0x1010351a                d_getname
 .text.__d_add  0x10103522       0x1e /mnt/c/Users/31740/Documents/codes/newcore-rp2350/build/dcache.o
 .text.dentry_rename
                0x10103540       0x74 /mnt/c/Users/31740/Documents/codes/newcore-rp2350/build/dcache.o
                0x10103540                dentry_rename
 .text.__d_drop
                0x101035b4       0x2a /mnt/c/Users/31740/Documents/codes/newcore-rp2350/build/dcache.o
                0x101035b4                __d_drop
 .text.__d_alloc
                0x101035de       0x52 /mnt/c/Users/31740/Documents/codes/newcore-rp2350/build/dcache.o
                0x101035de                __d_alloc
 .text.spin_lock
                0x10103630        0x8 /mnt/c/Users/31740/Documents/codes/newcore-rp2350/build/dcache.o
 .text.spin_unlock
                0x10103638        0x8 /mnt/c/Users/31740/Documents/codes/newcore-rp2350/build/dcache.o
 .text.d_alloc  0x10103640       0x2e /mnt/c/Users/31740/Documents/codes/newcore-rp2350/build/dcache.o
                0x10103640                d_alloc
 .text.d_add    0x1010366e       0x2c /mnt/c/Users/31740/Documents/codes/newcore-rp2350/build/dcache.o
                0x1010366e                d_add
 .text.d_delete
                0x1010369a       0x16 /mnt/c/Users/31740/Documents/codes/newcore-rp2350/build/dcache.o
                0x1010369a                d_delete
 .text.d_lookup_dentry
                0x101036b0       0x26 /mnt/c/Users/31740/Documents/codes/newcore-rp2350/build/dcache.o
                0x101036b0                d_lookup_dentry
 .text.__d_put  0x101036d6       0x18 /mnt/c/Users/31740/Documents/codes/newcore-rp2350/build/dcache.o
                0x101036d6                __d_put
 *fill*         0x101036ee        0x2 
 .text.simple_unlink
                0x101036f0       0x3c /mnt/c/Users/31740/Documents/codes/newcore-rp2350/build/dcache.o
                0x101036f0                simple_unlink
 .text.unregister_filesystem
                0x1010372c       0x24 /mnt/c/Users/31740/Documents/codes/newcore-rp2350/build/file_system_type.o
                0x1010372c                unregister_filesystem
 .text.register_filesystem
                0x10103750       0x48 /mnt/c/Users/31740/Documents/codes/newcore-rp2350/build/file_system_type.o
                0x10103750                register_filesystem
 .text.lookup_fs_type
                0x10103798       0x24 /mnt/c/Users/31740/Documents/codes/newcore-rp2350/build/file_system_type.o
                0x10103798                lookup_fs_type
 .text.spin_lock_init
                0x101037bc        0x6 /mnt/c/Users/31740/Documents/codes/newcore-rp2350/build/fs_file.o
 .text.spin_lock
                0x101037c2        0x8 /mnt/c/Users/31740/Documents/codes/newcore-rp2350/build/fs_file.o
 .text.spin_unlock
                0x101037ca        0x8 /mnt/c/Users/31740/Documents/codes/newcore-rp2350/build/fs_file.o
 .text.f_get    0x101037d2       0x56 /mnt/c/Users/31740/Documents/codes/newcore-rp2350/build/fs_file.o
                0x101037d2                f_get
 .text.f_put    0x10103828       0x12 /mnt/c/Users/31740/Documents/codes/newcore-rp2350/build/fs_file.o
                0x10103828                f_put
 .text.inode_get
                0x1010383a       0x16 /mnt/c/Users/31740/Documents/codes/newcore-rp2350/build/fs_inode.o
                0x1010383a                inode_get
 .text.new_inode
                0x10103850       0x2e /mnt/c/Users/31740/Documents/codes/newcore-rp2350/build/fs_inode.o
                0x10103850                new_inode
 .text.destroy_inode
                0x1010387e        0xc /mnt/c/Users/31740/Documents/codes/newcore-rp2350/build/fs_inode.o
                0x1010387e                destroy_inode
 *fill*         0x1010388a        0x2 
 .text.inode_put
                0x1010388c       0x3c /mnt/c/Users/31740/Documents/codes/newcore-rp2350/build/fs_inode.o
                0x1010388c                inode_put
 .text.alloc_super
                0x101038c8       0x36 /mnt/c/Users/31740/Documents/codes/newcore-rp2350/build/fs_superblock.o
                0x101038c8                alloc_super
 .text.put_super
                0x101038fe        0xc /mnt/c/Users/31740/Documents/codes/newcore-rp2350/build/fs_superblock.o
                0x101038fe                put_super
 .text.spin_lock
                0x1010390a        0x8 /mnt/c/Users/31740/Documents/codes/newcore-rp2350/build/mount.o
 .text.spin_unlock
                0x10103912        0x8 /mnt/c/Users/31740/Documents/codes/newcore-rp2350/build/mount.o
 *fill*         0x1010391a        0x2 
 .text.mount_root_fs
                0x1010391c       0x98 /mnt/c/Users/31740/Documents/codes/newcore-rp2350/build/mount.o
                0x1010391c                mount_root_fs
 .text.sys_mount
                0x101039b4       0xc4 /mnt/c/Users/31740/Documents/codes/newcore-rp2350/build/mount.o
                0x101039b4                sys_mount
 .text.get_dir_name
                0x10103a78       0x42 /mnt/c/Users/31740/Documents/codes/newcore-rp2350/build/vfs.o
 .text.get_dir_number
                0x10103aba       0x24 /mnt/c/Users/31740/Documents/codes/newcore-rp2350/build/vfs.o
 .text.find_dentry
                0x10103ade       0x44 /mnt/c/Users/31740/Documents/codes/newcore-rp2350/build/vfs.o
 *fill*         0x10103b22        0x2 
 .text.create_dentry
                0x10103b24       0x88 /mnt/c/Users/31740/Documents/codes/newcore-rp2350/build/vfs.o
 .text.print_read_only_message
                0x10103bac       0x10 /mnt/c/Users/31740/Documents/codes/newcore-rp2350/build/vfs.o
 .text.__remove_dentry
                0x10103bbc       0x60 /mnt/c/Users/31740/Documents/codes/newcore-rp2350/build/vfs.o
 .text.spin_lock
                0x10103c1c        0x8 /mnt/c/Users/31740/Documents/codes/newcore-rp2350/build/vfs.o
 .text.spin_unlock
                0x10103c24        0x8 /mnt/c/Users/31740/Documents/codes/newcore-rp2350/build/vfs.o
 .text.kernel_read
                0x10103c2c       0x62 /mnt/c/Users/31740/Documents/codes/newcore-rp2350/build/vfs.o
                0x10103c2c                kernel_read
 *fill*         0x10103c8e        0x2 
 .text.kernel_write
                0x10103c90       0x90 /mnt/c/Users/31740/Documents/codes/newcore-rp2350/build/vfs.o
                0x10103c90                kernel_write
 .text.vfs_ioctl
                0x10103d20       0x66 /mnt/c/Users/31740/Documents/codes/newcore-rp2350/build/vfs.o
                0x10103d20                vfs_ioctl
 .text.filp_close
                0x10103d86       0x46 /mnt/c/Users/31740/Documents/codes/newcore-rp2350/build/vfs.o
                0x10103d86                filp_close
 .text.create_path_and_file
                0x10103dcc       0xc4 /mnt/c/Users/31740/Documents/codes/newcore-rp2350/build/vfs.o
 .text.mountfile_to_initramfs
                0x10103e90       0x22 /mnt/c/Users/31740/Documents/codes/newcore-rp2350/build/vfs.o
 *fill*         0x10103eb2        0x2 
 .text.mount_all_file
                0x10103eb4       0x20 /mnt/c/Users/31740/Documents/codes/newcore-rp2350/build/vfs.o
 .text.select_file
                0x10103ed4       0x64 /mnt/c/Users/31740/Documents/codes/newcore-rp2350/build/vfs.o
                0x10103ed4                select_file
 .text.remove_dentry
                0x10103f38       0x22 /mnt/c/Users/31740/Documents/codes/newcore-rp2350/build/vfs.o
                0x10103f38                remove_dentry
 .text.blkdev_get_by_path
                0x10103f5a       0x10 /mnt/c/Users/31740/Documents/codes/newcore-rp2350/build/vfs.o
                0x10103f5a                blkdev_get_by_path
 .text.create_new_dentry
                0x10103f6a       0x4e /mnt/c/Users/31740/Documents/codes/newcore-rp2350/build/vfs.o
                0x10103f6a                create_new_dentry
 .text.mkdir    0x10103fb8       0x18 /mnt/c/Users/31740/Documents/codes/newcore-rp2350/build/vfs.o
                0x10103fb8                mkdir
 .text.root_fs_init
                0x10103fd0       0xb0 /mnt/c/Users/31740/Documents/codes/newcore-rp2350/build/vfs.o
 .text.filp_open
                0x10104080      0x118 /mnt/c/Users/31740/Documents/codes/newcore-rp2350/build/vfs.o
                0x10104080                filp_open
 .text.spin_lock_init
                0x10104198        0x6 /mnt/c/Users/31740/Documents/codes/newcore-rp2350/build/add_disk.o
 *fill*         0x1010419e        0x2 
 .text.add_mbr_son_disk
                0x101041a0       0xec /mnt/c/Users/31740/Documents/codes/newcore-rp2350/build/add_disk.o
                0x101041a0                add_mbr_son_disk
 .text.register_son_disk
                0x1010428c       0x48 /mnt/c/Users/31740/Documents/codes/newcore-rp2350/build/add_disk.o
 .text.__add_disk
                0x101042d4       0x60 /mnt/c/Users/31740/Documents/codes/newcore-rp2350/build/add_disk.o
                0x101042d4                __add_disk
 .text.bio_alloc_bioset
                0x10104334       0x92 /mnt/c/Users/31740/Documents/codes/newcore-rp2350/build/bio.o
                0x10104334                bio_alloc_bioset
 .text.bio_put  0x101043c6       0x36 /mnt/c/Users/31740/Documents/codes/newcore-rp2350/build/bio.o
                0x101043c6                bio_put
 .text.spin_lock
                0x101043fc        0x8 /mnt/c/Users/31740/Documents/codes/newcore-rp2350/build/bio.o
 .text.spin_unlock
                0x10104404        0x8 /mnt/c/Users/31740/Documents/codes/newcore-rp2350/build/bio.o
 .text.submit_bio_wait
                0x1010440c       0x60 /mnt/c/Users/31740/Documents/codes/newcore-rp2350/build/bio.o
                0x1010440c                submit_bio_wait
 .text.submit_bio
                0x1010446c        0x8 /mnt/c/Users/31740/Documents/codes/newcore-rp2350/build/bio.o
                0x1010446c                submit_bio
 .text.kthread_run
                0x10104474       0x56 /mnt/c/Users/31740/Documents/codes/newcore-rp2350/build/bio.o
 *fill*         0x101044ca        0x2 
 .text.submit_bh
                0x101044cc       0x18 /mnt/c/Users/31740/Documents/codes/newcore-rp2350/build/bio.o
                0x101044cc                submit_bh
 .text.__bio_add_page
                0x101044e4       0x74 /mnt/c/Users/31740/Documents/codes/newcore-rp2350/build/bio.o
                0x101044e4                __bio_add_page
 .text.bio_add_page
                0x10104558        0x8 /mnt/c/Users/31740/Documents/codes/newcore-rp2350/build/bio.o
                0x10104558                bio_add_page
 .text.__gendisk_alloc
                0x10104560       0x64 /mnt/c/Users/31740/Documents/codes/newcore-rp2350/build/gendisk.o
                0x10104560                __gendisk_alloc
 .text.__put_disk
                0x101045c4        0x8 /mnt/c/Users/31740/Documents/codes/newcore-rp2350/build/gendisk.o
                0x101045c4                __put_disk
 .text.my_end_io
                0x101045cc        0x8 /mnt/c/Users/31740/Documents/codes/newcore-rp2350/build/partition.o
 .text.__page_create
                0x101045d4       0x1c /mnt/c/Users/31740/Documents/codes/newcore-rp2350/build/partition.o
 .text.trans_data_to_blk_dev
                0x101045f0       0x84 /mnt/c/Users/31740/Documents/codes/newcore-rp2350/build/partition.o
 .text.detect_partition_table
                0x10104674       0x68 /mnt/c/Users/31740/Documents/codes/newcore-rp2350/build/partition.o
 .text.MBR_partition_table_create
                0x101046dc       0x50 /mnt/c/Users/31740/Documents/codes/newcore-rp2350/build/partition.o
 .text.move_MBR_Table
                0x1010472c       0x28 /mnt/c/Users/31740/Documents/codes/newcore-rp2350/build/partition.o
 .text.mbr_partition_table_load
                0x10104754       0xac /mnt/c/Users/31740/Documents/codes/newcore-rp2350/build/partition.o
 .text.mbr_partition_table_update
                0x10104800       0xa0 /mnt/c/Users/31740/Documents/codes/newcore-rp2350/build/partition.o
 .text.get_partition_from_device
                0x101048a0       0x3c /mnt/c/Users/31740/Documents/codes/newcore-rp2350/build/partition.o
                0x101048a0                get_partition_from_device
 .text.check_empty_MBR_Table
                0x101048dc       0x1e /mnt/c/Users/31740/Documents/codes/newcore-rp2350/build/partition.o
                0x101048dc                check_empty_MBR_Table
 .text.tidy_up_MBR_Table
                0x101048fa       0x8e /mnt/c/Users/31740/Documents/codes/newcore-rp2350/build/partition.o
 .text.mbr_table_delete
                0x10104988       0xa8 /mnt/c/Users/31740/Documents/codes/newcore-rp2350/build/partition.o
 .text.get_empty_MBR_Table
                0x10104a30       0x2a /mnt/c/Users/31740/Documents/codes/newcore-rp2350/build/partition.o
 .text.get_mbr_partition_size
                0x10104a5a       0x28 /mnt/c/Users/31740/Documents/codes/newcore-rp2350/build/partition.o
 *fill*         0x10104a82        0x2 
 .text.get_mbr_partition_start_address
                0x10104a84       0x34 /mnt/c/Users/31740/Documents/codes/newcore-rp2350/build/partition.o
 .text.mbr_partition_table_format
                0x10104ab8      0x18c /mnt/c/Users/31740/Documents/codes/newcore-rp2350/build/partition.o
 .text.create_mbr_artiton
                0x10104c44       0x18 /mnt/c/Users/31740/Documents/codes/newcore-rp2350/build/partition.o
                0x10104c44                create_mbr_artiton
 .text.get_mbr_partition_type
                0x10104c5c       0x24 /mnt/c/Users/31740/Documents/codes/newcore-rp2350/build/partition.o
 .text.get_partiton_data
                0x10104c80       0x2a /mnt/c/Users/31740/Documents/codes/newcore-rp2350/build/partition.o
                0x10104c80                get_partiton_data
 .text.__blk_insert_request
                0x10104caa       0x1c /mnt/c/Users/31740/Documents/codes/newcore-rp2350/build/request.o
                0x10104caa                __blk_insert_request
 .text.request_alloc
                0x10104cc6       0x3e /mnt/c/Users/31740/Documents/codes/newcore-rp2350/build/request.o
                0x10104cc6                request_alloc
 .text.spin_lock_init
                0x10104d04        0x6 /mnt/c/Users/31740/Documents/codes/newcore-rp2350/build/request_queue.o
 .text.request_queue_add
                0x10104d0a       0x1e /mnt/c/Users/31740/Documents/codes/newcore-rp2350/build/request_queue.o
                0x10104d0a                request_queue_add
 .text.request_queue_init
                0x10104d28       0x4c /mnt/c/Users/31740/Documents/codes/newcore-rp2350/build/request_queue.o
                0x10104d28                request_queue_init
 .text.spin_lock
                0x10104d74        0x8 /mnt/c/Users/31740/Documents/codes/newcore-rp2350/build/request_queue.o
 .text.spin_unlock
                0x10104d7c        0x8 /mnt/c/Users/31740/Documents/codes/newcore-rp2350/build/request_queue.o
 .text.request_queue_remove
                0x10104d84       0x32 /mnt/c/Users/31740/Documents/codes/newcore-rp2350/build/request_queue.o
                0x10104d84                request_queue_remove
 .text.blk_fetch_request
                0x10104db6       0x44 /mnt/c/Users/31740/Documents/codes/newcore-rp2350/build/request_queue.o
                0x10104db6                blk_fetch_request
 *fill*         0x10104dfa        0x2 
 .text.process_requests_in_queue
                0x10104dfc       0x6c /mnt/c/Users/31740/Documents/codes/newcore-rp2350/build/request_queue.o
                0x10104dfc                process_requests_in_queue
 .text.__blk_cleanup_queue
                0x10104e68        0xc /mnt/c/Users/31740/Documents/codes/newcore-rp2350/build/request_queue.o
                0x10104e68                __blk_cleanup_queue
 .text.do_initcallearly
                0x10104e74       0x1c /mnt/c/Users/31740/Documents/codes/newcore-rp2350/build/main.o
 .text.do_pureinitcall
                0x10104e90       0x1c /mnt/c/Users/31740/Documents/codes/newcore-rp2350/build/main.o
 .text.do_coreinitcall
                0x10104eac       0x1c /mnt/c/Users/31740/Documents/codes/newcore-rp2350/build/main.o
 .text.do_core_initcall_sync
                0x10104ec8       0x1c /mnt/c/Users/31740/Documents/codes/newcore-rp2350/build/main.o
 .text.do_postcoreinitcall
                0x10104ee4       0x1c /mnt/c/Users/31740/Documents/codes/newcore-rp2350/build/main.o
 .text.do_postcore_initcall_sync
                0x10104f00       0x1c /mnt/c/Users/31740/Documents/codes/newcore-rp2350/build/main.o
 .text.do_archinitcall
                0x10104f1c       0x1c /mnt/c/Users/31740/Documents/codes/newcore-rp2350/build/main.o
 .text.do_arch_initcall_sync
                0x10104f38       0x1c /mnt/c/Users/31740/Documents/codes/newcore-rp2350/build/main.o
 .text.do_subsysinitcall
                0x10104f54       0x1c /mnt/c/Users/31740/Documents/codes/newcore-rp2350/build/main.o
 .text.do_subsys_initcall_sync
                0x10104f70       0x1c /mnt/c/Users/31740/Documents/codes/newcore-rp2350/build/main.o
 .text.do_fsinitcall
                0x10104f8c       0x1c /mnt/c/Users/31740/Documents/codes/newcore-rp2350/build/main.o
 .text.do_fs_initcall_sync
                0x10104fa8       0x1c /mnt/c/Users/31740/Documents/codes/newcore-rp2350/build/main.o
 .text.rootfs_init
                0x10104fc4       0x1c /mnt/c/Users/31740/Documents/codes/newcore-rp2350/build/main.o
 .text.do_deviceinitcall
                0x10104fe0       0x1c /mnt/c/Users/31740/Documents/codes/newcore-rp2350/build/main.o
 .text.do_device_initcall_sync
                0x10104ffc       0x1c /mnt/c/Users/31740/Documents/codes/newcore-rp2350/build/main.o
 .text.do_lateinitcall
                0x10105018       0x1c /mnt/c/Users/31740/Documents/codes/newcore-rp2350/build/main.o
 .text.do_late_initcall_sync
                0x10105034       0x1c /mnt/c/Users/31740/Documents/codes/newcore-rp2350/build/main.o
 .text.Init_Kernel
                0x10105050       0x26 /mnt/c/Users/31740/Documents/codes/newcore-rp2350/build/main.o
                0x10105050                Init_Kernel
 .text.local_irq_disable
                0x10105076        0x8 /mnt/c/Users/31740/Documents/codes/newcore-rp2350/build/main.o
 *fill*         0x1010507e        0x2 
 .text.device_tree_init
                0x10105080       0x20 /mnt/c/Users/31740/Documents/codes/newcore-rp2350/build/main.o
 .text.memory_init
                0x101050a0        0xc /mnt/c/Users/31740/Documents/codes/newcore-rp2350/build/main.o
 .text.local_irq_enable
                0x101050ac        0x8 /mnt/c/Users/31740/Documents/codes/newcore-rp2350/build/main.o
 .text.printk_init
                0x101050b4       0x14 /mnt/c/Users/31740/Documents/codes/newcore-rp2350/build/main.o
 .text.kthread_run
                0x101050c8       0x56 /mnt/c/Users/31740/Documents/codes/newcore-rp2350/build/main.o
 *fill*         0x1010511e        0x2 
 .text.print_GCC_Message
                0x10105120       0x84 /mnt/c/Users/31740/Documents/codes/newcore-rp2350/build/main.o
                0x10105120                print_GCC_Message
 .text.Kernel_Start
                0x101051a4       0x6c /mnt/c/Users/31740/Documents/codes/newcore-rp2350/build/main.o
                0x101051a4                Kernel_Start
 .text.spin_lock_init
                0x10105210        0x6 /mnt/c/Users/31740/Documents/codes/newcore-rp2350/build/haper.o
 .text.reset_block_status
                0x10105216        0xc /mnt/c/Users/31740/Documents/codes/newcore-rp2350/build/haper.o
 .text.set_block_status
                0x10105222        0x8 /mnt/c/Users/31740/Documents/codes/newcore-rp2350/build/haper.o
 .text.get_block_status
                0x1010522a        0xe /mnt/c/Users/31740/Documents/codes/newcore-rp2350/build/haper.o
 .text.get_next_block
                0x10105238        0x4 /mnt/c/Users/31740/Documents/codes/newcore-rp2350/build/haper.o
 .text.get_priv_block
                0x1010523c        0x4 /mnt/c/Users/31740/Documents/codes/newcore-rp2350/build/haper.o
 .text.get_block_size
                0x10105240        0x4 /mnt/c/Users/31740/Documents/codes/newcore-rp2350/build/haper.o
 .text.clean_block
                0x10105244       0x1a /mnt/c/Users/31740/Documents/codes/newcore-rp2350/build/haper.o
 .text.haper2_init
                0x1010525e       0x50 /mnt/c/Users/31740/Documents/codes/newcore-rp2350/build/haper.o
 .text.incise_free_block
                0x101052ae       0x58 /mnt/c/Users/31740/Documents/codes/newcore-rp2350/build/haper.o
 .text.free_block
                0x10105306       0x6c /mnt/c/Users/31740/Documents/codes/newcore-rp2350/build/haper.o
 .text.free_memory
                0x10105372       0x1a /mnt/c/Users/31740/Documents/codes/newcore-rp2350/build/haper.o
 .text.memory_block_laterator
                0x1010538c       0x28 /mnt/c/Users/31740/Documents/codes/newcore-rp2350/build/haper.o
 .text.memory_block_free_size_counter
                0x101053b4       0x2a /mnt/c/Users/31740/Documents/codes/newcore-rp2350/build/haper.o
 *fill*         0x101053de        0x2 
 .text.get_free_space
                0x101053e0       0x24 /mnt/c/Users/31740/Documents/codes/newcore-rp2350/build/haper.o
 .text.get_block
                0x10105404       0x1c /mnt/c/Users/31740/Documents/codes/newcore-rp2350/build/haper.o
 .text.check_blocks
                0x10105420       0x20 /mnt/c/Users/31740/Documents/codes/newcore-rp2350/build/haper.o
 .text.check_blocks_completeness
                0x10105440       0x24 /mnt/c/Users/31740/Documents/codes/newcore-rp2350/build/haper.o
 .text.spin_lock
                0x10105464        0x8 /mnt/c/Users/31740/Documents/codes/newcore-rp2350/build/haper.o
 .text.spin_unlock
                0x1010546c        0x8 /mnt/c/Users/31740/Documents/codes/newcore-rp2350/build/haper.o
 .text.first_fit_alloc
                0x10105474       0x66 /mnt/c/Users/31740/Documents/codes/newcore-rp2350/build/haper.o
 .text.best_fit_alloc
                0x101054da       0x78 /mnt/c/Users/31740/Documents/codes/newcore-rp2350/build/haper.o
 *fill*         0x10105552        0x2 
 .text.smalloc  0x10105554       0x34 /mnt/c/Users/31740/Documents/codes/newcore-rp2350/build/haper.o
 .text.free_haper_block
                0x10105588       0x58 /mnt/c/Users/31740/Documents/codes/newcore-rp2350/build/haper.o
 .text.sfree    0x101055e0       0x24 /mnt/c/Users/31740/Documents/codes/newcore-rp2350/build/haper.o
 .text.sys_heap_init
                0x10105604       0x1c /mnt/c/Users/31740/Documents/codes/newcore-rp2350/build/haper.o
                0x10105604                sys_heap_init
 .text.sys_expand_heap_init
                0x10105620       0x68 /mnt/c/Users/31740/Documents/codes/newcore-rp2350/build/haper.o
                0x10105620                sys_expand_heap_init
 .text.check_haper_completeness
                0x10105688       0x38 /mnt/c/Users/31740/Documents/codes/newcore-rp2350/build/haper.o
                0x10105688                check_haper_completeness
 .text.get_global_heap_size
                0x101056c0       0x24 /mnt/c/Users/31740/Documents/codes/newcore-rp2350/build/haper.o
                0x101056c0                get_global_heap_size
 .text.__task_malloc
                0x101056e4       0x1c /mnt/c/Users/31740/Documents/codes/newcore-rp2350/build/haper.o
                0x101056e4                __task_malloc
 .text.__smalloc__
                0x10105700       0x34 /mnt/c/Users/31740/Documents/codes/newcore-rp2350/build/haper.o
                0x10105700                __smalloc__
 .text.__sfree__
                0x10105734        0x8 /mnt/c/Users/31740/Documents/codes/newcore-rp2350/build/haper.o
                0x10105734                __sfree__
 .text.get_task_using_cpu_core
                0x1010573c        0x8 /mnt/c/Users/31740/Documents/codes/newcore-rp2350/build/ctrl.o
 .text.user_system_call
                0x10105744       0x18 /mnt/c/Users/31740/Documents/codes/newcore-rp2350/build/ctrl.o
 .text.get_current_scheduler
                0x1010575c        0xc /mnt/c/Users/31740/Documents/codes/newcore-rp2350/build/ctrl.o
                0x1010575c                get_current_scheduler
 .text.block_scheduler
                0x10105768       0x14 /mnt/c/Users/31740/Documents/codes/newcore-rp2350/build/ctrl.o
                0x10105768                block_scheduler
 .text.run_scheduler
                0x1010577c       0x14 /mnt/c/Users/31740/Documents/codes/newcore-rp2350/build/ctrl.o
                0x1010577c                run_scheduler
 .text.get_current_task
                0x10105790        0xe /mnt/c/Users/31740/Documents/codes/newcore-rp2350/build/ctrl.o
                0x10105790                get_current_task
 *fill*         0x1010579e        0x2 
 .text.scheduler_start
                0x101057a0       0x10 /mnt/c/Users/31740/Documents/codes/newcore-rp2350/build/ctrl.o
                0x101057a0                scheduler_start
 .text.i_sched  0x101057b0       0x30 /mnt/c/Users/31740/Documents/codes/newcore-rp2350/build/ctrl.o
                0x101057b0                i_sched
 .text.sched    0x101057e0       0x1e /mnt/c/Users/31740/Documents/codes/newcore-rp2350/build/ctrl.o
                0x101057e0                sched
 .text.__delay  0x101057fe       0x16 /mnt/c/Users/31740/Documents/codes/newcore-rp2350/build/ctrl.o
                0x101057fe                __delay
 .text.save_context
                0x10105814        0x4 /mnt/c/Users/31740/Documents/codes/newcore-rp2350/build/sched.o
 .text.load_task
                0x10105818        0x4 /mnt/c/Users/31740/Documents/codes/newcore-rp2350/build/sched.o
 .text.get_task_using_cpu_core
                0x1010581c        0x8 /mnt/c/Users/31740/Documents/codes/newcore-rp2350/build/sched.o
 .text.default_task
                0x10105824       0x3c /mnt/c/Users/31740/Documents/codes/newcore-rp2350/build/sched.o
                0x10105824                default_task
 .text.scheduler_init
                0x10105860       0x58 /mnt/c/Users/31740/Documents/codes/newcore-rp2350/build/sched.o
 .text.current_sched_start
                0x101058b8       0x24 /mnt/c/Users/31740/Documents/codes/newcore-rp2350/build/sched.o
                0x101058b8                current_sched_start
 .text.get_scheduler_by_cpu_core_id
                0x101058dc       0x18 /mnt/c/Users/31740/Documents/codes/newcore-rp2350/build/sched.o
                0x101058dc                get_scheduler_by_cpu_core_id
 .text.init_all_scheduler
                0x101058f4       0x48 /mnt/c/Users/31740/Documents/codes/newcore-rp2350/build/sched.o
 .text.sched_init
                0x1010593c       0x18 /mnt/c/Users/31740/Documents/codes/newcore-rp2350/build/sched.o
                0x1010593c                sched_init
 .text.Scheduler_Task
                0x10105954       0x2e /mnt/c/Users/31740/Documents/codes/newcore-rp2350/build/sched.o
                0x10105954                Scheduler_Task
 *fill*         0x10105982        0x2 
 .text.__user_error_process
                0x10105984       0x24 /mnt/c/Users/31740/Documents/codes/newcore-rp2350/build/sched.o
                0x10105984                __user_error_process
 .text.__kernel_error_process
                0x101059a8      0x128 /mnt/c/Users/31740/Documents/codes/newcore-rp2350/build/sched.o
                0x101059a8                __kernel_error_process
 .text.init_task_context
                0x10105ad0        0x8 /mnt/c/Users/31740/Documents/codes/newcore-rp2350/build/task.o
 .text.__new_task_create
                0x10105ad8      0x10c /mnt/c/Users/31740/Documents/codes/newcore-rp2350/build/task.o
                0x10105ad8                __new_task_create
 .text.__destory_task
                0x10105be4        0xc /mnt/c/Users/31740/Documents/codes/newcore-rp2350/build/task.o
                0x10105be4                __destory_task
 .text.__register_task
                0x10105bf0       0x16 /mnt/c/Users/31740/Documents/codes/newcore-rp2350/build/task.o
                0x10105bf0                __register_task
 .text.exit     0x10105c06        0x8 /mnt/c/Users/31740/Documents/codes/newcore-rp2350/build/task.o
                0x10105c06                exit
 *fill*         0x10105c0e        0x2 
 .text.task_run
                0x10105c10       0x70 /mnt/c/Users/31740/Documents/codes/newcore-rp2350/build/task.o
                0x10105c10                task_run
 .text.register_task_pool
                0x10105c80       0x54 /mnt/c/Users/31740/Documents/codes/newcore-rp2350/build/task_pools.o
                0x10105c80                register_task_pool
 .text.find_task_pool
                0x10105cd4       0x2c /mnt/c/Users/31740/Documents/codes/newcore-rp2350/build/task_pools.o
                0x10105cd4                find_task_pool
 .text.spin_lock_init
                0x10105d00        0x6 /mnt/c/Users/31740/Documents/codes/newcore-rp2350/build/taskmanager.o
 .text.spin_lock
                0x10105d06        0x8 /mnt/c/Users/31740/Documents/codes/newcore-rp2350/build/taskmanager.o
 .text.spin_unlock
                0x10105d0e        0x8 /mnt/c/Users/31740/Documents/codes/newcore-rp2350/build/taskmanager.o
 *fill*         0x10105d16        0x2 
 .text.__List_All_Tasks
                0x10105d18       0x70 /mnt/c/Users/31740/Documents/codes/newcore-rp2350/build/taskmanager.o
                0x10105d18                __List_All_Tasks
 .text.__Task_manager_init
                0x10105d88       0x24 /mnt/c/Users/31740/Documents/codes/newcore-rp2350/build/taskmanager.o
                0x10105d88                __Task_manager_init
 .text.__save_Task
                0x10105dac       0x84 /mnt/c/Users/31740/Documents/codes/newcore-rp2350/build/taskmanager.o
                0x10105dac                __save_Task
 .text.__Kill_Task
                0x10105e30       0x50 /mnt/c/Users/31740/Documents/codes/newcore-rp2350/build/taskmanager.o
                0x10105e30                __Kill_Task
 .text.__default_Task_return_function
                0x10105e80       0x24 /mnt/c/Users/31740/Documents/codes/newcore-rp2350/build/taskmanager.o
                0x10105e80                __default_Task_return_function
 .text.find_table_by_fnname
                0x10105ea4       0x34 /mnt/c/Users/31740/Documents/codes/newcore-rp2350/build/get_symbl.o
                0x10105ea4                find_table_by_fnname
 .text.find_symbol_by_fnname_from_bootloader
                0x10105ed8       0x38 /mnt/c/Users/31740/Documents/codes/newcore-rp2350/build/get_symbl.o
                0x10105ed8                find_symbol_by_fnname_from_bootloader
 .text.str_to_uint32
                0x10105f10       0x1c /mnt/c/Users/31740/Documents/codes/newcore-rp2350/build/user_application_loader.o
 .text.check_app
                0x10105f2c       0xc0 /mnt/c/Users/31740/Documents/codes/newcore-rp2350/build/user_application_loader.o
 .text.set_got_table
                0x10105fec       0x44 /mnt/c/Users/31740/Documents/codes/newcore-rp2350/build/user_application_loader.o
 .text.loader_init
                0x10106030      0x228 /mnt/c/Users/31740/Documents/codes/newcore-rp2350/build/user_application_loader.o
 .text.loader_user_app
                0x10106258      0x148 /mnt/c/Users/31740/Documents/codes/newcore-rp2350/build/user_application_loader.o
                0x10106258                loader_user_app
 .text.load_user_app
                0x101063a0       0x2c /mnt/c/Users/31740/Documents/codes/newcore-rp2350/build/user_application_loader.o
 .text.spin_lock_init
                0x101063cc        0x6 /mnt/c/Users/31740/Documents/codes/newcore-rp2350/build/irq.o
 .text.Run_IRQ_Fn
                0x101063d2       0x1c /mnt/c/Users/31740/Documents/codes/newcore-rp2350/build/irq.o
 *fill*         0x101063ee        0x2 
 .text.IRQ_List_Init
                0x101063f0       0x1c /mnt/c/Users/31740/Documents/codes/newcore-rp2350/build/irq.o
 .text.spin_lock
                0x1010640c        0x8 /mnt/c/Users/31740/Documents/codes/newcore-rp2350/build/irq.o
 .text.local_irq_disable
                0x10106414        0x8 /mnt/c/Users/31740/Documents/codes/newcore-rp2350/build/irq.o
 .text.local_irq_enable
                0x1010641c        0x8 /mnt/c/Users/31740/Documents/codes/newcore-rp2350/build/irq.o
 .text.spin_unlock
                0x10106424        0x8 /mnt/c/Users/31740/Documents/codes/newcore-rp2350/build/irq.o
 .text.add_irq_to_table
                0x1010642c       0x40 /mnt/c/Users/31740/Documents/codes/newcore-rp2350/build/irq.o
 .text.new_irq_create
                0x1010646c       0x68 /mnt/c/Users/31740/Documents/codes/newcore-rp2350/build/irq.o
 .text.C_IRQ_Dispatcher
                0x101064d4       0x38 /mnt/c/Users/31740/Documents/codes/newcore-rp2350/build/irq.o
                0x101064d4                C_IRQ_Dispatcher
 .text.request_irq
                0x1010650c       0x30 /mnt/c/Users/31740/Documents/codes/newcore-rp2350/build/irq.o
                0x1010650c                request_irq
 .text.IRQ_int_router
                0x1010653c       0x14 /mnt/c/Users/31740/Documents/codes/newcore-rp2350/build/irq.o
                0x1010653c                IRQ_int_router
 .text.str_to_uint32
                0x10106550       0x1c /mnt/c/Users/31740/Documents/codes/newcore-rp2350/build/systemcall.o
 .text.goto_next_char
                0x1010656c        0x8 /mnt/c/Users/31740/Documents/codes/newcore-rp2350/build/systemcall.o
 .text.goto_next_string
                0x10106574        0x8 /mnt/c/Users/31740/Documents/codes/newcore-rp2350/build/systemcall.o
 .text.goto_next_data_line
                0x1010657c       0x14 /mnt/c/Users/31740/Documents/codes/newcore-rp2350/build/systemcall.o
 .text.copy_string_data
                0x10106590        0x8 /mnt/c/Users/31740/Documents/codes/newcore-rp2350/build/systemcall.o
 .text.get_line_data
                0x10106598       0x7a /mnt/c/Users/31740/Documents/codes/newcore-rp2350/build/systemcall.o
 .text.get_next_line_data
                0x10106612       0x1a /mnt/c/Users/31740/Documents/codes/newcore-rp2350/build/systemcall.o
 .text.get_syscall_numbers
                0x1010662c       0x2a /mnt/c/Users/31740/Documents/codes/newcore-rp2350/build/systemcall.o
 *fill*         0x10106656        0x2 
 .text.load_syscall
                0x10106658       0x34 /mnt/c/Users/31740/Documents/codes/newcore-rp2350/build/systemcall.o
 .text.parse_syscall_table
                0x1010668c       0x6c /mnt/c/Users/31740/Documents/codes/newcore-rp2350/build/systemcall.o
 .text.syscall_init
                0x101066f8      0x14c /mnt/c/Users/31740/Documents/codes/newcore-rp2350/build/systemcall.o
 .text.system_call
                0x10106844       0x70 /mnt/c/Users/31740/Documents/codes/newcore-rp2350/build/systemcall.o
                0x10106844                system_call
 .text._spin_lock
                0x101068b4       0x2c /mnt/c/Users/31740/Documents/codes/newcore-rp2350/build/spinlock.o
                0x101068b4                _spin_lock
 .text._spin_unlock
                0x101068e0        0xa /mnt/c/Users/31740/Documents/codes/newcore-rp2350/build/spinlock.o
                0x101068e0                _spin_unlock
 .text.check_off_
                0x101068ea       0x14 /mnt/c/Users/31740/Documents/codes/newcore-rp2350/build/fdt.o
 .text.check_block_
                0x101068fe       0x26 /mnt/c/Users/31740/Documents/codes/newcore-rp2350/build/fdt.o
 .text.fdt_header_size_
                0x10106924       0x24 /mnt/c/Users/31740/Documents/codes/newcore-rp2350/build/fdt.o
                0x10106924                fdt_header_size_
 .text.fdt_header_size
                0x10106948       0x1c /mnt/c/Users/31740/Documents/codes/newcore-rp2350/build/fdt.o
                0x10106948                fdt_header_size
 .text.fdt_check_header
                0x10106964      0x184 /mnt/c/Users/31740/Documents/codes/newcore-rp2350/build/fdt.o
                0x10106964                fdt_check_header
 .text.goto_next_char
                0x10106ae8       0x16 /mnt/c/Users/31740/Documents/codes/newcore-rp2350/build/kini.o
 .text.goto_next_string
                0x10106afe       0x3a /mnt/c/Users/31740/Documents/codes/newcore-rp2350/build/kini.o
 .text.copy_string_data
                0x10106b38       0x7c /mnt/c/Users/31740/Documents/codes/newcore-rp2350/build/kini.o
 .text.get_next_head
                0x10106bb4       0x48 /mnt/c/Users/31740/Documents/codes/newcore-rp2350/build/kini.o
 .text.get_next_key
                0x10106bfc       0x1a /mnt/c/Users/31740/Documents/codes/newcore-rp2350/build/kini.o
 .text.get_head_start
                0x10106c16       0x26 /mnt/c/Users/31740/Documents/codes/newcore-rp2350/build/kini.o
 .text.get_key  0x10106c3c       0x3a /mnt/c/Users/31740/Documents/codes/newcore-rp2350/build/kini.o
 .text.get_value
                0x10106c76       0x1c /mnt/c/Users/31740/Documents/codes/newcore-rp2350/build/kini.o
 .text.__goto_next_char
                0x10106c92        0x8 /mnt/c/Users/31740/Documents/codes/newcore-rp2350/build/kini.o
                0x10106c92                __goto_next_char
 .text.__goto_next_string
                0x10106c9a        0x8 /mnt/c/Users/31740/Documents/codes/newcore-rp2350/build/kini.o
                0x10106c9a                __goto_next_string
 .text.__copy_string_data
                0x10106ca2        0x8 /mnt/c/Users/31740/Documents/codes/newcore-rp2350/build/kini.o
                0x10106ca2                __copy_string_data
 *fill*         0x10106caa        0x2 
 .text.get_value_from_ini
                0x10106cac       0x50 /mnt/c/Users/31740/Documents/codes/newcore-rp2350/build/kini.o
                0x10106cac                get_value_from_ini
 .text.preprocess_ini_data
                0x10106cfc       0x26 /mnt/c/Users/31740/Documents/codes/newcore-rp2350/build/kini.o
                0x10106cfc                preprocess_ini_data
 .text.sys_restart_syscall
                0x10106d22        0x8 /mnt/c/Users/31740/Documents/codes/newcore-rp2350/build/sys_base.o
 *fill*         0x10106d2a        0x2 
 .text.install_fd
                0x10106d2c       0x28 /mnt/c/Users/31740/Documents/codes/newcore-rp2350/build/sys_fs.o
 .text.get_file_from_fd
                0x10106d54       0x14 /mnt/c/Users/31740/Documents/codes/newcore-rp2350/build/sys_fs.o
 .text.release_fd
                0x10106d68       0x14 /mnt/c/Users/31740/Documents/codes/newcore-rp2350/build/sys_fs.o
 .text.sys_close
                0x10106d7c       0x20 /mnt/c/Users/31740/Documents/codes/newcore-rp2350/build/sys_fs.o
 .text.sys_open
                0x10106d9c       0x28 /mnt/c/Users/31740/Documents/codes/newcore-rp2350/build/sys_fs.o
 .text.sys_read
                0x10106dc4       0x5a /mnt/c/Users/31740/Documents/codes/newcore-rp2350/build/sys_fs.o
 .text.sys_write
                0x10106e1e       0x54 /mnt/c/Users/31740/Documents/codes/newcore-rp2350/build/sys_fs.o
 .text.sys_mkdir
                0x10106e72        0x8 /mnt/c/Users/31740/Documents/codes/newcore-rp2350/build/sys_fs.o
 .text.sys_ioctl
                0x10106e7a       0x1c /mnt/c/Users/31740/Documents/codes/newcore-rp2350/build/sys_fs.o
 .text.sys_execve
                0x10106e96        0x8 /mnt/c/Users/31740/Documents/codes/newcore-rp2350/build/sys_loader.o
                0x10106e96                sys_execve
 .text.sys_exit
                0x10106e9e        0x6 /mnt/c/Users/31740/Documents/codes/newcore-rp2350/build/sys_sched.o
 .text.sys_sched_yield
                0x10106ea4        0x8 /mnt/c/Users/31740/Documents/codes/newcore-rp2350/build/sys_sched.o
 .text.msleep   0x10106eac       0x20 /mnt/c/Users/31740/Documents/codes/newcore-rp2350/build/sys_time.o
 .text.sys_nanosleep_time32
                0x10106ecc       0x14 /mnt/c/Users/31740/Documents/codes/newcore-rp2350/build/sys_time.o
                0x10106ecc                sys_nanosleep_time32
 .text.early_printk
                0x10106ee0       0x4c /mnt/c/Users/31740/Documents/codes/newcore-rp2350/build/early_printk.o
                0x10106ee0                early_printk
 .text.spin_lock_init
                0x10106f2c        0x6 /mnt/c/Users/31740/Documents/codes/newcore-rp2350/build/printk.o
 .text.spin_lock
                0x10106f32        0x8 /mnt/c/Users/31740/Documents/codes/newcore-rp2350/build/printk.o
 *fill*         0x10106f3a        0x2 
 .text.tty_write
                0x10106f3c       0x28 /mnt/c/Users/31740/Documents/codes/newcore-rp2350/build/printk.o
 .text.spin_unlock
                0x10106f64        0x8 /mnt/c/Users/31740/Documents/codes/newcore-rp2350/build/printk.o
 .text.printk   0x10106f6c       0x90 /mnt/c/Users/31740/Documents/codes/newcore-rp2350/build/printk.o
                0x10106f6c                printk
 .text.printk_service_init
                0x10106ffc       0x4c /mnt/c/Users/31740/Documents/codes/newcore-rp2350/build/printk.o
                0x10106ffc                printk_service_init
 .text.check_task_completeness
                0x10107048       0x24 /mnt/c/Users/31740/Documents/codes/newcore-rp2350/build/Preemptive.o
 .text.get_task_by_priority
                0x1010706c       0x12 /mnt/c/Users/31740/Documents/codes/newcore-rp2350/build/Preemptive.o
 .text.add_a_task_node
                0x1010707e       0x10 /mnt/c/Users/31740/Documents/codes/newcore-rp2350/build/Preemptive.o
 .text.task_reset
                0x1010708e        0xa /mnt/c/Users/31740/Documents/codes/newcore-rp2350/build/Preemptive.o
 .text.add_task_to_task_pool
                0x10107098       0x3c /mnt/c/Users/31740/Documents/codes/newcore-rp2350/build/Preemptive.o
 .text.remove_task
                0x101070d4       0x18 /mnt/c/Users/31740/Documents/codes/newcore-rp2350/build/Preemptive.o
 .text.remove_task_from_pool
                0x101070ec       0x44 /mnt/c/Users/31740/Documents/codes/newcore-rp2350/build/Preemptive.o
 .text.alloc_new_pool
                0x10107130       0x14 /mnt/c/Users/31740/Documents/codes/newcore-rp2350/build/Preemptive.o
 .text.get_next_task
                0x10107144        0x6 /mnt/c/Users/31740/Documents/codes/newcore-rp2350/build/Preemptive.o
                0x10107144                get_next_task
 .text.get_useful_task
                0x1010714a       0x5c /mnt/c/Users/31740/Documents/codes/newcore-rp2350/build/Preemptive.o
                0x1010714a                get_useful_task
 .text.Preemptive_scheduling
                0x101071a6       0x26 /mnt/c/Users/31740/Documents/codes/newcore-rp2350/build/Preemptive.o
 .text.strcpy   0x101071cc       0x14 /mnt/c/Users/31740/Documents/codes/newcore-rp2350/build/_string.o
                0x101071cc                strcpy
 .text.strncpy  0x101071e0       0x22 /mnt/c/Users/31740/Documents/codes/newcore-rp2350/build/_string.o
                0x101071e0                strncpy
 .text.stpcpy   0x10107202       0x12 /mnt/c/Users/31740/Documents/codes/newcore-rp2350/build/_string.o
                0x10107202                stpcpy
 .text.strcat   0x10107214       0x20 /mnt/c/Users/31740/Documents/codes/newcore-rp2350/build/_string.o
                0x10107214                strcat
 .text.strncat  0x10107234       0x2a /mnt/c/Users/31740/Documents/codes/newcore-rp2350/build/_string.o
                0x10107234                strncat
 .text.strncmp  0x1010725e       0x2a /mnt/c/Users/31740/Documents/codes/newcore-rp2350/build/_string.o
                0x1010725e                strncmp
 .text.strchrnul
                0x10107288       0x10 /mnt/c/Users/31740/Documents/codes/newcore-rp2350/build/_string.o
                0x10107288                strchrnul
 .text.strnchr  0x10107298       0x1e /mnt/c/Users/31740/Documents/codes/newcore-rp2350/build/_string.o
                0x10107298                strnchr
 .text.memset16
                0x101072b6       0x14 /mnt/c/Users/31740/Documents/codes/newcore-rp2350/build/_string.o
                0x101072b6                memset16
 .text.memscan  0x101072ca       0x14 /mnt/c/Users/31740/Documents/codes/newcore-rp2350/build/_string.o
                0x101072ca                memscan
 .text.check_bytes8
                0x101072de       0x14 /mnt/c/Users/31740/Documents/codes/newcore-rp2350/build/_string.o
 .text.memchr_inv
                0x101072f2       0x68 /mnt/c/Users/31740/Documents/codes/newcore-rp2350/build/_string.o
                0x101072f2                memchr_inv
 .text.strlcat  0x1010735a       0x48 /mnt/c/Users/31740/Documents/codes/newcore-rp2350/build/_string.o
                0x1010735a                strlcat
 .text.strspn   0x101073a2       0x1e /mnt/c/Users/31740/Documents/codes/newcore-rp2350/build/_string.o
                0x101073a2                strspn
 .text.strcspn  0x101073c0       0x1e /mnt/c/Users/31740/Documents/codes/newcore-rp2350/build/_string.o
                0x101073c0                strcspn
 .text.strpbrk  0x101073de       0x20 /mnt/c/Users/31740/Documents/codes/newcore-rp2350/build/_string.o
                0x101073de                strpbrk
 .text.strsep   0x101073fe       0x1e /mnt/c/Users/31740/Documents/codes/newcore-rp2350/build/_string.o
                0x101073fe                strsep
 .text.bcmp     0x1010741c        0x8 /mnt/c/Users/31740/Documents/codes/newcore-rp2350/build/_string.o
                0x1010741c                bcmp
 .text.strstr   0x10107424       0x3a /mnt/c/Users/31740/Documents/codes/newcore-rp2350/build/_string.o
                0x10107424                strstr
 .text.strnstr  0x1010745e       0x34 /mnt/c/Users/31740/Documents/codes/newcore-rp2350/build/_string.o
                0x1010745e                strnstr
 .text.annotate_unreachable
                0x10107492        0x2 /mnt/c/Users/31740/Documents/codes/newcore-rp2350/build/ompiler.o
                0x10107492                annotate_unreachable
 .text.sys_tick_hander
                0x10107494       0x22 /mnt/c/Users/31740/Documents/codes/newcore-rp2350/build/time.o
                0x10107494                sys_tick_hander
 .text.skip_atoi
                0x101074b6       0x24 /mnt/c/Users/31740/Documents/codes/newcore-rp2350/build/vsprintf.o
 .text.put_dec_full4
                0x101074da       0x2e /mnt/c/Users/31740/Documents/codes/newcore-rp2350/build/vsprintf.o
 .text.put_dec_helper4
                0x10107508       0x20 /mnt/c/Users/31740/Documents/codes/newcore-rp2350/build/vsprintf.o
 .text.put_dec  0x10107528       0x90 /mnt/c/Users/31740/Documents/codes/newcore-rp2350/build/vsprintf.o
 .text.get_flags
                0x101075b8       0x80 /mnt/c/Users/31740/Documents/codes/newcore-rp2350/build/vsprintf.o
 .text.get_int  0x10107638       0x2c /mnt/c/Users/31740/Documents/codes/newcore-rp2350/build/vsprintf.o
 .text.get_number
                0x10107664       0xbc /mnt/c/Users/31740/Documents/codes/newcore-rp2350/build/vsprintf.o
 .text.get_sign
                0x10107720       0x38 /mnt/c/Users/31740/Documents/codes/newcore-rp2350/build/vsprintf.o
 .text.utf16s_utf8nlen
                0x10107758       0x66 /mnt/c/Users/31740/Documents/codes/newcore-rp2350/build/vsprintf.o
 .text.utf16_to_utf32
                0x101077be       0x46 /mnt/c/Users/31740/Documents/codes/newcore-rp2350/build/vsprintf.o
 .text.number   0x10107804       0x6c /mnt/c/Users/31740/Documents/codes/newcore-rp2350/build/vsprintf.o
 .text.vsnprintf
                0x10107870      0x388 /mnt/c/Users/31740/Documents/codes/newcore-rp2350/build/vsprintf.o
                0x10107870                vsnprintf
 .text.snprintf
                0x10107bf8       0x1c /mnt/c/Users/31740/Documents/codes/newcore-rp2350/build/vsprintf.o
                0x10107bf8                snprintf
 *(.glue_7)
 .glue_7        0x10107c14        0x0 linker stubs
 *(.glue_7t)
 .glue_7t       0x10107c14        0x0 linker stubs
 *(.eh_frame)
 *(.init)
 .init          0x10107c14        0x4 /usr/lib/gcc/arm-none-eabi/13.2.1/thumb/v8-m.main+fp/hard/crti.o
                0x10107c14                _init
 .init          0x10107c18        0x8 /usr/lib/gcc/arm-none-eabi/13.2.1/thumb/v8-m.main+fp/hard/crtn.o
 *(.fini)
 .fini          0x10107c20        0x4 /usr/lib/gcc/arm-none-eabi/13.2.1/thumb/v8-m.main+fp/hard/crti.o
                0x10107c20                _fini
 .fini          0x10107c24        0x8 /usr/lib/gcc/arm-none-eabi/13.2.1/thumb/v8-m.main+fp/hard/crtn.o
                0x10107c2c                        . = ALIGN (0x4)
                0x10107c2c                        _etext = .

.vfp11_veneer   0x10107c2c        0x0
 .vfp11_veneer  0x10107c2c        0x0 linker stubs

.v4_bx          0x10107c2c        0x0
 .v4_bx         0x10107c2c        0x0 linker stubs

.iplt           0x10107c2c        0x0
 .iplt          0x10107c2c        0x0 /mnt/c/Users/31740/Documents/codes/newcore-rp2350/build/cortexmirq.o

.init.text      0x10107c2c      0x1f8
 .init.text     0x10107c2c      0x1a8 /mnt/c/Users/31740/Documents/codes/newcore-rp2350/build/w25qxx.o
 .init.text     0x10107dd4       0x10 /mnt/c/Users/31740/Documents/codes/newcore-rp2350/build/devfs.o
 .init.text     0x10107de4       0x10 /mnt/c/Users/31740/Documents/codes/newcore-rp2350/build/pipefs.o
 .init.text     0x10107df4       0x10 /mnt/c/Users/31740/Documents/codes/newcore-rp2350/build/initramfs.o
 .init.text     0x10107e04       0x10 /mnt/c/Users/31740/Documents/codes/newcore-rp2350/build/sysfs.o
 .init.text     0x10107e14       0x10 /mnt/c/Users/31740/Documents/codes/newcore-rp2350/build/Preemptive.o

.rodata         0x10107e24     0x433c
                0x10107e24                        . = ALIGN (0x4)
 *(.rodata)
 .rodata        0x10107e24        0x2 /mnt/c/Users/31740/Documents/codes/newcore-rp2350/build/add_disk.o
 *(.rodata*)
 *fill*         0x10107e26        0x2 
 .rodata.Reset_Handler.str1.4
                0x10107e28     0x1d99 /mnt/c/Users/31740/Documents/codes/newcore-rp2350/build/Default_handler.o
                                  0x8 (size before relaxing)
 .rodata.NMI_Handler.str1.4
                0x10109bc1       0x1e /mnt/c/Users/31740/Documents/codes/newcore-rp2350/build/Default_handler.o
 .rodata.MemManage_Handler.str1.4
                0x10109bc1       0x24 /mnt/c/Users/31740/Documents/codes/newcore-rp2350/build/Default_handler.o
 .rodata.BusFault_Handler.str1.4
                0x10109bc1       0x23 /mnt/c/Users/31740/Documents/codes/newcore-rp2350/build/Default_handler.o
 .rodata.DebugMon_Handler.str1.4
                0x10109bc1       0x23 /mnt/c/Users/31740/Documents/codes/newcore-rp2350/build/Default_handler.o
 .rodata.Unknow_Handler.str1.4
                0x10109bc1       0x13 /mnt/c/Users/31740/Documents/codes/newcore-rp2350/build/Default_handler.o
 .rodata.__hard_fault_handler_c.str1.4
                0x10109bc1       0x9e /mnt/c/Users/31740/Documents/codes/newcore-rp2350/build/err_process.o
 .rodata.cpu1_start_irq.str1.4
                0x10109bc1       0x33 /mnt/c/Users/31740/Documents/codes/newcore-rp2350/build/msp_init.o
 .rodata.multicore_fifo_push_blocking.str1.4
                0x10109bc1       0x32 /mnt/c/Users/31740/Documents/codes/newcore-rp2350/build/msp_init.o